Archive member included because of file (symbol)

c:/altera/13.0sp1/nios2eds/bin/gnu/h-i686-mingw32/bin/../lib/gcc/nios2-elf/4.1.2\libgcc.a(_fixunsdfsi.o)
                              obj/default/dm9000a.o (__fixunsdfsi)
c:/altera/13.0sp1/nios2eds/bin/gnu/h-i686-mingw32/bin/../lib/gcc/nios2-elf/4.1.2\libgcc.a(_addsub_df.o)
                              c:/altera/13.0sp1/nios2eds/bin/gnu/h-i686-mingw32/bin/../lib/gcc/nios2-elf/4.1.2\libgcc.a(_fixunsdfsi.o) (__subdf3)
c:/altera/13.0sp1/nios2eds/bin/gnu/h-i686-mingw32/bin/../lib/gcc/nios2-elf/4.1.2\libgcc.a(_mul_df.o)
                              obj/default/dm9000a.o (__muldf3)
c:/altera/13.0sp1/nios2eds/bin/gnu/h-i686-mingw32/bin/../lib/gcc/nios2-elf/4.1.2\libgcc.a(_ge_df.o)
                              c:/altera/13.0sp1/nios2eds/bin/gnu/h-i686-mingw32/bin/../lib/gcc/nios2-elf/4.1.2\libgcc.a(_fixunsdfsi.o) (__gedf2)
c:/altera/13.0sp1/nios2eds/bin/gnu/h-i686-mingw32/bin/../lib/gcc/nios2-elf/4.1.2\libgcc.a(_df_to_si.o)
                              c:/altera/13.0sp1/nios2eds/bin/gnu/h-i686-mingw32/bin/../lib/gcc/nios2-elf/4.1.2\libgcc.a(_fixunsdfsi.o) (__fixdfsi)
c:/altera/13.0sp1/nios2eds/bin/gnu/h-i686-mingw32/bin/../lib/gcc/nios2-elf/4.1.2\libgcc.a(_thenan_df.o)
                              c:/altera/13.0sp1/nios2eds/bin/gnu/h-i686-mingw32/bin/../lib/gcc/nios2-elf/4.1.2\libgcc.a(_addsub_df.o) (__thenan_df)
c:/altera/13.0sp1/nios2eds/bin/gnu/h-i686-mingw32/bin/../lib/gcc/nios2-elf/4.1.2\libgcc.a(_usi_to_df.o)
                              obj/default/dm9000a.o (__floatunsidf)
c:/altera/13.0sp1/nios2eds/bin/gnu/h-i686-mingw32/bin/../lib/gcc/nios2-elf/4.1.2\libgcc.a(_muldi3.o)
                              c:/altera/13.0sp1/nios2eds/bin/gnu/h-i686-mingw32/bin/../lib/gcc/nios2-elf/4.1.2\libgcc.a(_mul_df.o) (__muldi3)
c:/altera/13.0sp1/nios2eds/bin/gnu/h-i686-mingw32/bin/../lib/gcc/nios2-elf/4.1.2\libgcc.a(_clzsi2.o)
                              c:/altera/13.0sp1/nios2eds/bin/gnu/h-i686-mingw32/bin/../lib/gcc/nios2-elf/4.1.2\libgcc.a(_usi_to_df.o) (__clzsi2)
c:/altera/13.0sp1/nios2eds/bin/gnu/h-i686-mingw32/bin/../lib/gcc/nios2-elf/4.1.2\libgcc.a(_pack_df.o)
                              c:/altera/13.0sp1/nios2eds/bin/gnu/h-i686-mingw32/bin/../lib/gcc/nios2-elf/4.1.2\libgcc.a(_addsub_df.o) (__pack_d)
c:/altera/13.0sp1/nios2eds/bin/gnu/h-i686-mingw32/bin/../lib/gcc/nios2-elf/4.1.2\libgcc.a(_unpack_df.o)
                              c:/altera/13.0sp1/nios2eds/bin/gnu/h-i686-mingw32/bin/../lib/gcc/nios2-elf/4.1.2\libgcc.a(_addsub_df.o) (__unpack_d)
c:/altera/13.0sp1/nios2eds/bin/gnu/h-i686-mingw32/bin/../lib/gcc/nios2-elf/4.1.2\libgcc.a(_fpcmp_parts_df.o)
                              c:/altera/13.0sp1/nios2eds/bin/gnu/h-i686-mingw32/bin/../lib/gcc/nios2-elf/4.1.2\libgcc.a(_ge_df.o) (__fpcmp_parts_d)
c:/altera/13.0sp1/nios2eds/bin/gnu/h-i686-mingw32/bin/../lib/gcc/nios2-elf/4.1.2\libgcc.a(_clz.o)
                              c:/altera/13.0sp1/nios2eds/bin/gnu/h-i686-mingw32/bin/../lib/gcc/nios2-elf/4.1.2\libgcc.a(_clzsi2.o) (__clz_tab)
c:/altera/13.0sp1/nios2eds/bin/gnu/h-i686-mingw32/bin/../lib/gcc/nios2-elf/4.1.2/../../../../nios2-elf/lib\libc.a(lib_a-ctype_.o)
                              obj/default/network_utilities.o (__ctype_ptr)
c:/altera/13.0sp1/nios2eds/bin/gnu/h-i686-mingw32/bin/../lib/gcc/nios2-elf/4.1.2/../../../../nios2-elf/lib\libc.a(lib_a-exit.o)
                              obj/default/iniche_init.o (exit)
c:/altera/13.0sp1/nios2eds/bin/gnu/h-i686-mingw32/bin/../lib/gcc/nios2-elf/4.1.2/../../../../nios2-elf/lib\libc.a(lib_a-fprintf.o)
                              obj/default/alt_error_handler.o (fprintf)
c:/altera/13.0sp1/nios2eds/bin/gnu/h-i686-mingw32/bin/../lib/gcc/nios2-elf/4.1.2/../../../../nios2-elf/lib\libc.a(lib_a-fwrite.o)
                              obj/default/alt_error_handler.o (fwrite)
c:/altera/13.0sp1/nios2eds/bin/gnu/h-i686-mingw32/bin/../lib/gcc/nios2-elf/4.1.2/../../../../nios2-elf/lib\libc.a(lib_a-getc.o)
                              obj/default/network_utilities.o (getc)
c:/altera/13.0sp1/nios2eds/bin/gnu/h-i686-mingw32/bin/../lib/gcc/nios2-elf/4.1.2/../../../../nios2-elf/lib\libc.a(lib_a-impure.o)
                              obj/default/alt_error_handler.o (_impure_ptr)
c:/altera/13.0sp1/nios2eds/bin/gnu/h-i686-mingw32/bin/../lib/gcc/nios2-elf/4.1.2/../../../../nios2-elf/lib\libc.a(lib_a-malloc.o)
                              obj/default/iniche_init.o (free)
c:/altera/13.0sp1/nios2eds/bin/gnu/h-i686-mingw32/bin/../lib/gcc/nios2-elf/4.1.2/../../../../nios2-elf/lib\libc.a(lib_a-mallocr.o)
                              c:/altera/13.0sp1/nios2eds/bin/gnu/h-i686-mingw32/bin/../lib/gcc/nios2-elf/4.1.2/../../../../nios2-elf/lib\libc.a(lib_a-malloc.o) (_malloc_r)
c:/altera/13.0sp1/nios2eds/bin/gnu/h-i686-mingw32/bin/../lib/gcc/nios2-elf/4.1.2/../../../../nios2-elf/lib\libc.a(lib_a-memcpy.o)
                              obj/default/simple_socket_server.o (memcpy)
[...]
Memory Configuration

Name             Origin             Length             Attributes
sdram_0_BEFORE_EXCEPTION 0x00800000         0x00000020
sdram_0          0x00800020         0x007fffe0
reset            0x01400000         0x00000020
cfi_flash_0      0x01400020         0x003fffe0
sram_0           0x01a00000         0x00080000
epcs_controller  0x01a81000         0x00000800
*default*        0x00000000         0xffffffff

Linker script and memory map

LOAD ../simple_socket_bsp//obj/HAL/src/crt0.o
LOAD obj/default/LCD.o
LOAD obj/default/SSS_DE2_115.o
LOAD obj/default/alt_error_handler.o
LOAD obj/default/dm9000a.o
LOAD obj/default/iniche_init.o
LOAD obj/default/led.o
LOAD obj/default/network_utilities.o
LOAD obj/default/simple_socket_server.o
LOAD obj/default/tse_my_system.o
LOAD c:/altera/13.0sp1/nios2eds/bin/gnu/h-i686-mingw32/bin/../lib/gcc/nios2-elf/4.1.2/../../../../nios2-elf/lib\libstdc++.a
LOAD c:/altera/13.0sp1/nios2eds/bin/gnu/h-i686-mingw32/bin/../lib/gcc/nios2-elf/4.1.2/../../../../nios2-elf/lib\libm.a
LOAD c:/altera/13.0sp1/nios2eds/bin/gnu/h-i686-mingw32/bin/../lib/gcc/nios2-elf/4.1.2\libgcc.a
START GROUP
LOAD c:/altera/13.0sp1/nios2eds/bin/gnu/h-i686-mingw32/bin/../lib/gcc/nios2-elf/4.1.2/../../../../nios2-elf/lib\libc.a
LOAD c:/altera/13.0sp1/nios2eds/bin/gnu/h-i686-mingw32/bin/../lib/gcc/nios2-elf/4.1.2\libgcc.a
LOAD ../simple_socket_bsp/\libucosii_bsp.a
END GROUP
LOAD c:/altera/13.0sp1/nios2eds/bin/gnu/h-i686-mingw32/bin/../lib/gcc/nios2-elf/4.1.2\libgcc.a
                0x00800000                __alt_mem_sdram_0 = 0x800000
                0x01400000                __alt_mem_cfi_flash_0 = 0x1400000
                0x01a00000                __alt_mem_sram_0 = 0x1a00000
                0x01a81000                __alt_mem_epcs_controller = 0x1a81000

.entry          0x01400000        0x0
 *(.entry)
 .entry         0x01400000        0x0 ../simple_socket_bsp//obj/HAL/src/crt0.o
                0x01400000                __reset

.exceptions     0x00800020      0x19c
                0x00800020                PROVIDE (__ram_exceptions_start, ABSOLUTE (.))
                0x00800020                . = ALIGN (0x20)
 *(.irq)
 *(.exceptions.entry.label)
 .exceptions.entry.label
                0x00800020        0x0 ../simple_socket_bsp/\libucosii_bsp.a(alt_irq_entry.o)
                0x00800020                alt_irq_entry
 .exceptions.entry.label
                0x00800020        0x0 ../simple_socket_bsp/\libucosii_bsp.a(alt_exception_entry.o)
                0x00800020                alt_exception
 *(.exceptions.entry.user)
 *(.exceptions.entry)
 .exceptions.entry
                0x00800020       0x54 ../simple_socket_bsp/\libucosii_bsp.a(alt_exception_entry.o)
 *(.exceptions.irqtest.user)
 *(.exceptions.irqtest)
 .exceptions.irqtest
                0x00800074       0x10 ../simple_socket_bsp/\libucosii_bsp.a(alt_irq_entry.o)
 *(.exceptions.irqhandler.user)
 *(.exceptions.irqhandler)
 .exceptions.irqhandler
                0x00800084        0x4 ../simple_socket_bsp/\libucosii_bsp.a(alt_irq_entry.o)
 *(.exceptions.irqreturn.user)
 *(.exceptions.irqreturn)
 .exceptions.irqreturn
                0x00800088        0x4 ../simple_socket_bsp/\libucosii_bsp.a(alt_irq_entry.o)
 *(.exceptions.notirq.label)
 .exceptions.notirq.label
                0x0080008c        0x0 ../simple_socket_bsp/\libucosii_bsp.a(alt_irq_entry.o)
 *(.exceptions.notirq.user)
 *(.exceptions.notirq)
 .exceptions.notirq
                0x0080008c        0x8 ../simple_socket_bsp/\libucosii_bsp.a(alt_exception_entry.o)
 *(.exceptions.soft.user)
 *(.exceptions.soft)
 *(.exceptions.unknown.user)
 *(.exceptions.unknown)
 .exceptions.unknown
                0x00800094        0x4 ../simple_socket_bsp/\libucosii_bsp.a(alt_exception_entry.o)
 *(.exceptions.exit.label)
 .exceptions.exit.label
                0x00800098        0x0 ../simple_socket_bsp/\libucosii_bsp.a(alt_irq_entry.o)
 .exceptions.exit.label
                0x00800098        0x0 ../simple_socket_bsp/\libucosii_bsp.a(alt_exception_entry.o)
 *(.exceptions.exit.user)
 *(.exceptions.exit)
 .exceptions.exit
                0x00800098       0x54 ../simple_socket_bsp/\libucosii_bsp.a(alt_exception_entry.o)
 *(.exceptions)
 .exceptions    0x008000ec       0xd0 ../simple_socket_bsp/\libucosii_bsp.a(alt_irq_handler.o)
                0x008000ec                alt_irq_handler
                0x008001bc                PROVIDE (__ram_exceptions_end, ABSOLUTE (.))
                0x00800020                PROVIDE (__flash_exceptions_start, LOADADDR (.exceptions))

.text           0x008001bc    0x428c8
                0x008001bc                PROVIDE (stext, ABSOLUTE (.))
 *(.interp)
 *(.hash)
 *(.dynsym)
 *(.dynstr)
 *(.gnu.version)
 *(.gnu.version_d)
 *(.gnu.version_r)
 *(.rel.init)
 *(.rela.init)
 *(.rel.text .rel.text.* .rel.gnu.linkonce.t.*)
 *(.rela.text .rela.text.* .rela.gnu.linkonce.t.*)
 *(.rel.fini)
 *(.rela.fini)
 *(.rel.rodata .rel.rodata.* .rel.gnu.linkonce.r.*)
 *(.rela.rodata .rela.rodata.* .rela.gnu.linkonce.r.*)
 *(.rel.data .rel.data.* .rel.gnu.linkonce.d.*)
 *(.rela.data .rela.data.* .rela.gnu.linkonce.d.*)
 *(.rel.tdata .rel.tdata.* .rel.gnu.linkonce.td.*)
 *(.rela.tdata .rela.tdata.* .rela.gnu.linkonce.td.*)
 *(.rel.tbss .rel.tbss.* .rel.gnu.linkonce.tb.*)
 *(.rela.tbss .rela.tbss.* .rela.gnu.linkonce.tb.*)
 *(.rel.ctors)
 *(.rela.ctors)
 *(.rel.dtors)
 *(.rela.dtors)
 *(.rel.got)
 *(.rela.got)
 *(.rel.sdata .rel.sdata.* .rel.gnu.linkonce.s.*)
 *(.rela.sdata .rela.sdata.* .rela.gnu.linkonce.s.*)
 *(.rel.sbss .rel.sbss.* .rel.gnu.linkonce.sb.*)
 *(.rela.sbss .rela.sbss.* .rela.gnu.linkonce.sb.*)
 *(.rel.sdata2 .rel.sdata2.* .rel.gnu.linkonce.s2.*)
 *(.rela.sdata2 .rela.sdata2.* .rela.gnu.linkonce.s2.*)
 *(.rel.sbss2 .rel.sbss2.* .rel.gnu.linkonce.sb2.*)
 *(.rela.sbss2 .rela.sbss2.* .rela.gnu.linkonce.sb2.*)
 *(.rel.bss .rel.bss.* .rel.gnu.linkonce.b.*)
 *(.rela.bss .rela.bss.* .rela.gnu.linkonce.b.*)
 *(.rel.plt)
 *(.rela.plt)
 *(.rel.dyn)
 *(.init)
 *(.plt)
 *(.text .stub .text.* .gnu.linkonce.t.*)
 .text          0x008001bc       0x48 ../simple_socket_bsp//obj/HAL/src/crt0.o
                0x008001bc                _start
 .text          0x00800204      0x2f4 obj/default/LCD.o
                0x00800204                lcdInit
                0x00800234                lcdIsBusy
                0x00800278                send
                0x008002a8                clearLcd
                0x008002f4                returnHomeLcd
                0x00800338                writeCharLcd
                0x008003a0                writeStrLcd
                0x00800418                setLineToWriteLcd
                0x00800484                updateValue
 .text          0x008004f8      0x2ec obj/default/SSS_DE2_115.o
                0x008004f8                get_DE2_115_mac_addr
                0x008006a0                FindLastFlashSectorOffset
 .text          0x008007e4      0xba8 obj/default/alt_error_handler.o
                0x008007e4                alt_uCOSIIErrorHandler
                0x00800e08                alt_NetworkErrorHandler
                0x008010a0                alt_SSSErrorHandler
 .text          0x0080138c      0xe48 obj/default/dm9000a.o
                0x0080138c                dm9000a_iow
                0x008013e0                dm9000a_ior
                0x0080142c                phy_write
                0x008014c8                dm9000a_reset
                0x0080168c                TransmitPacket
                0x008017a8                prep_dm9000a
                0x008019c4                dm9000a_init
                0x00801e14                dm9Ka_isr_wrap
                0x00801e54                dm9ka_init
                0x00801f4c                dm9ka_close
                0x0080205c                dm9ka_stats
                0x008020b8                dm9ka_pkt_send
 .text          0x008021d4      0x60c obj/default/iniche_init.o
                0x008021d4                send_image_to_fpga
                0x00802258                read_histogram_from_fpga
                0x008022e8                send_histogram_to_server
                0x00802430                SSSInitialTask
                0x008026e4                main
 .text          0x008027e0      0x324 obj/default/led.o
                0x008027e0                led_bit_toggle
                0x008028ac                LED7SegLightshowTask
                0x00802920                LEDManagementTask
 .text          0x00802b04      0x894 obj/default/network_utilities.o
                0x00802b04                get_mac_addr
                0x00802b5c                get_ip_addr
                0x00802d28                get_serial_number
                0x00802f04                generate_and_store_mac_addr
                0x008030c8                generate_mac_addr
                0x00803204                get_board_mac_addr
 .text          0x00803398      0x9f8 obj/default/simple_socket_server.o
                0x00803398                SSSCreateOSDataStructs
                0x00803440                SSSCreateTasks
                0x00803504                sss_reset_connection
                0x00803574                sss_send_menu
                0x00803704                sss_handle_accept
                0x008037c4                sss_exec_command
                0x00803938                sss_handle_receive
                0x00803b24                SSSSimpleSocketServerTask
 .text          0x00803d90        0x0 obj/default/tse_my_system.o
 .text          0x00803d90       0xa4 c:/altera/13.0sp1/nios2eds/bin/gnu/h-i686-mingw32/bin/../lib/gcc/nios2-elf/4.1.2\libgcc.a(_fixunsdfsi.o)
                0x00803d90                __fixunsdfsi
 .text          0x00803e34      0x504 c:/altera/13.0sp1/nios2eds/bin/gnu/h-i686-mingw32/bin/../lib/gcc/nios2-elf/4.1.2\libgcc.a(_addsub_df.o)
                0x00804244                __subdf3
                0x008042c4                __adddf3
 .text          0x00804338      0x3c4 c:/altera/13.0sp1/nios2eds/bin/gnu/h-i686-mingw32/bin/../lib/gcc/nios2-elf/4.1.2\libgcc.a(_mul_df.o)
                0x00804338                __muldf3
 .text          0x008046fc       0x88 c:/altera/13.0sp1/nios2eds/bin/gnu/h-i686-mingw32/bin/../lib/gcc/nios2-elf/4.1.2\libgcc.a(_ge_df.o)
                0x008046fc                __gedf2
 .text          0x00804784       0xd8 c:/altera/13.0sp1/nios2eds/bin/gnu/h-i686-mingw32/bin/../lib/gcc/nios2-elf/4.1.2\libgcc.a(_df_to_si.o)
                0x00804784                __fixdfsi
 .text          0x0080485c        0x0 c:/altera/13.0sp1/nios2eds/bin/gnu/h-i686-mingw32/bin/../lib/gcc/nios2-elf/4.1.2\libgcc.a(_thenan_df.o)
 .text          0x0080485c      0x194 c:/altera/13.0sp1/nios2eds/bin/gnu/h-i686-mingw32/bin/../lib/gcc/nios2-elf/4.1.2\libgcc.a(_usi_to_df.o)
                0x0080485c                __floatunsidf
 .text          0x008049f0       0x98 c:/altera/13.0sp1/nios2eds/bin/gnu/h-i686-mingw32/bin/../lib/gcc/nios2-elf/4.1.2\libgcc.a(_muldi3.o)
                0x008049f0                __muldi3
 .text          0x00804a88       0x80 c:/altera/13.0sp1/nios2eds/bin/gnu/h-i686-mingw32/bin/../lib/gcc/nios2-elf/4.1.2\libgcc.a(_clzsi2.o)
                0x00804a88                __clzsi2
 .text          0x00804b08      0x314 c:/altera/13.0sp1/nios2eds/bin/gnu/h-i686-mingw32/bin/../lib/gcc/nios2-elf/4.1.2\libgcc.a(_pack_df.o)
                0x00804b08                __pack_d
 .text          0x00804e1c      0x138 c:/altera/13.0sp1/nios2eds/bin/gnu/h-i686-mingw32/bin/../lib/gcc/nios2-elf/4.1.2\libgcc.a(_unpack_df.o)
                0x00804e1c                __unpack_d
 .text          0x00804f54       0xc8 c:/altera/13.0sp1/nios2eds/bin/gnu/h-i686-mingw32/bin/../lib/gcc/nios2-elf/4.1.2\libgcc.a(_fpcmp_parts_df.o)
                0x00804f54                __fpcmp_parts_d
 .text          0x0080501c        0x0 c:/altera/13.0sp1/nios2eds/bin/gnu/h-i686-mingw32/bin/../lib/gcc/nios2-elf/4.1.2\libgcc.a(_clz.o)
 .text          0x0080501c        0x0 c:/altera/13.0sp1/nios2eds/bin/gnu/h-i686-mingw32/bin/../lib/gcc/nios2-elf/4.1.2/../../../../nios2-elf/lib\libc.a(lib_a-ctype_.o)
 .text          0x0080501c       0x38 c:/altera/13.0sp1/nios2eds/bin/gnu/h-i686-mingw32/bin/../lib/gcc/nios2-elf/4.1.2/../../../../nios2-elf/lib\libc.a(lib_a-exit.o)
                0x0080501c                exit
 .text          0x00805054       0x60 c:/altera/13.0sp1/nios2eds/bin/gnu/h-i686-mingw32/bin/../lib/gcc/nios2-elf/4.1.2/../../../../nios2-elf/lib\libc.a(lib_a-fprintf.o)
                0x00805054                fprintf
                0x00805080                _fprintf_r
 .text          0x008050b4       0xdc c:/altera/13.0sp1/nios2eds/bin/gnu/h-i686-mingw32/bin/../lib/gcc/nios2-elf/4.1.2/../../../../nios2-elf/lib\libc.a(lib_a-fwrite.o)
                0x008050b4                _fwrite_r
                0x00805150                fwrite
 .text          0x00805190      0x128 c:/altera/13.0sp1/nios2eds/bin/gnu/h-i686-mingw32/bin/../lib/gcc/nios2-elf/4.1.2/../../../../nios2-elf/lib\libc.a(lib_a-getc.o)
                0x00805190                getc
                0x00805228                _getc_r
 .text          0x008052b8        0x0 c:/altera/13.0sp1/nios2eds/bin/gnu/h-i686-mingw32/bin/../lib/gcc/nios2-elf/4.1.2/../../../../nios2-elf/lib\libc.a(lib_a-impure.o)
 .text          0x008052b8       0x28 c:/altera/13.0sp1/nios2eds/bin/gnu/h-i686-mingw32/bin/../lib/gcc/nios2-elf/4.1.2/../../../../nios2-elf/lib\libc.a(lib_a-malloc.o)
                0x008052b8                free
                0x008052cc                malloc
 .text          0x008052e0      0x740 c:/altera/13.0sp1/nios2eds/bin/gnu/h-i686-mingw32/bin/../lib/gcc/nios2-elf/4.1.2/../../../../nios2-elf/lib\libc.a(lib_a-mallocr.o)
                0x008052e0                _malloc_r
 .text          0x00805a20       0xa0 c:/altera/13.0sp1/nios2eds/bin/gnu/h-i686-mingw32/bin/../lib/gcc/nios2-elf/4.1.2/../../../../nios2-elf/lib\libc.a(lib_a-memcpy.o)
                0x00805a20                memcpy
 .text          0x00805ac0       0xe0 c:/altera/13.0sp1/nios2eds/bin/gnu/h-i686-mingw32/bin/../lib/gcc/nios2-elf/4.1.2/../../../../nios2-elf/lib\libc.a(lib_a-memmove.o)
                0x00805ac0                memmove
 .text          0x00805ba0       0x98 c:/altera/13.0sp1/nios2eds/bin/gnu/h-i686-mingw32/bin/../lib/gcc/nios2-elf/4.1.2/../../../../nios2-elf/lib\libc.a(lib_a-memset.o)
                0x00805ba0                memset
 .text          0x00805c38       0x80 c:/altera/13.0sp1/nios2eds/bin/gnu/h-i686-mingw32/bin/../lib/gcc/nios2-elf/4.1.2/../../../../nios2-elf/lib\libc.a(lib_a-perror.o)
                0x00805c38                _perror_r
                0x00805ca4                perror
 .text          0x00805cb8       0x78 c:/altera/13.0sp1/nios2eds/bin/gnu/h-i686-mingw32/bin/../lib/gcc/nios2-elf/4.1.2/../../../../nios2-elf/lib\libc.a(lib_a-printf.o)
                0x00805cb8                printf
                0x00805cfc                _printf_r
 .text          0x00805d30      0x1ec c:/altera/13.0sp1/nios2eds/bin/gnu/h-i686-mingw32/bin/../lib/gcc/nios2-elf/4.1.2/../../../../nios2-elf/lib\libc.a(lib_a-putc.o)
                0x00805d30                putc
                0x00805e34                _putc_r
 .text          0x00805f1c       0x24 c:/altera/13.0sp1/nios2eds/bin/gnu/h-i686-mingw32/bin/../lib/gcc/nios2-elf/4.1.2/../../../../nios2-elf/lib\libc.a(lib_a-putchar.o)
                0x00805f1c                putchar
                0x00805f38                _putchar_r
 .text          0x00805f40       0xb4 c:/altera/13.0sp1/nios2eds/bin/gnu/h-i686-mingw32/bin/../lib/gcc/nios2-elf/4.1.2/../../../../nios2-elf/lib\libc.a(lib_a-puts.o)
                0x00805f40                _puts_r
                0x00805fe0                puts
 .text          0x00805ff4       0x60 c:/altera/13.0sp1/nios2eds/bin/gnu/h-i686-mingw32/bin/../lib/gcc/nios2-elf/4.1.2/../../../../nios2-elf/lib\libc.a(lib_a-rget.o)
                0x00805ff4                __srget_r
                0x00806040                __srget
 .text          0x00806054       0x70 c:/altera/13.0sp1/nios2eds/bin/gnu/h-i686-mingw32/bin/../lib/gcc/nios2-elf/4.1.2/../../../../nios2-elf/lib\libc.a(lib_a-sbrkr.o)
                0x00806054                _sbrk_r
 .text          0x008060c4       0xd4 c:/altera/13.0sp1/nios2eds/bin/gnu/h-i686-mingw32/bin/../lib/gcc/nios2-elf/4.1.2/../../../../nios2-elf/lib\libc.a(lib_a-sprintf.o)
                0x008060c4                sprintf
                0x00806138                _sprintf_r
 .text          0x00806198       0xe0 c:/altera/13.0sp1/nios2eds/bin/gnu/h-i686-mingw32/bin/../lib/gcc/nios2-elf/4.1.2/../../../../nios2-elf/lib\libc.a(lib_a-strchr.o)
                0x00806198                strchr
 .text          0x00806278      0x674 c:/altera/13.0sp1/nios2eds/bin/gnu/h-i686-mingw32/bin/../lib/gcc/nios2-elf/4.1.2/../../../../nios2-elf/lib\libc.a(lib_a-strerror.o)
                0x00806278                strerror
 .text          0x008068ec       0x74 c:/altera/13.0sp1/nios2eds/bin/gnu/h-i686-mingw32/bin/../lib/gcc/nios2-elf/4.1.2/../../../../nios2-elf/lib\libc.a(lib_a-strlen.o)
                0x008068ec                strlen
 .text          0x00806960        0x8 c:/altera/13.0sp1/nios2eds/bin/gnu/h-i686-mingw32/bin/../lib/gcc/nios2-elf/4.1.2/../../../../nios2-elf/lib\libc.a(lib_a-u_strerr.o)
                0x00806960                _user_strerror
 .text          0x00806968     0x1f28 c:/altera/13.0sp1/nios2eds/bin/gnu/h-i686-mingw32/bin/../lib/gcc/nios2-elf/4.1.2/../../../../nios2-elf/lib\libc.a(lib_a-vfprintf.o)
                0x008069c0                ___vfprintf_internal_r
                0x0080886c                __vfprintf_internal
 .text          0x00808890      0x14c c:/altera/13.0sp1/nios2eds/bin/gnu/h-i686-mingw32/bin/../lib/gcc/nios2-elf/4.1.2/../../../../nios2-elf/lib\libc.a(lib_a-wbuf.o)
                0x00808890                __swbuf_r
                0x008089c0                __swbuf
 .text          0x008089dc      0x13c c:/altera/13.0sp1/nios2eds/bin/gnu/h-i686-mingw32/bin/../lib/gcc/nios2-elf/4.1.2/../../../../nios2-elf/lib\libc.a(lib_a-wsetup.o)
                0x008089dc                __swsetup_r
 .text          0x00808b18      0x1b4 c:/altera/13.0sp1/nios2eds/bin/gnu/h-i686-mingw32/bin/../lib/gcc/nios2-elf/4.1.2/../../../../nios2-elf/lib\libc.a(lib_a-__call_atexit.o)
                0x00808b1c                __call_exitprocs
 .text          0x00808ccc     0x17cc c:/altera/13.0sp1/nios2eds/bin/gnu/h-i686-mingw32/bin/../lib/gcc/nios2-elf/4.1.2/../../../../nios2-elf/lib\libc.a(lib_a-dtoa.o)
                0x00808ee4                _dtoa_r
 .text          0x0080a498      0x230 c:/altera/13.0sp1/nios2eds/bin/gnu/h-i686-mingw32/bin/../lib/gcc/nios2-elf/4.1.2/../../../../nios2-elf/lib\libc.a(lib_a-fflush.o)
                0x0080a498                _fflush_r
                0x0080a694                fflush
 .text          0x0080a6c8      0x2c0 c:/altera/13.0sp1/nios2eds/bin/gnu/h-i686-mingw32/bin/../lib/gcc/nios2-elf/4.1.2/../../../../nios2-elf/lib\libc.a(lib_a-findfp.o)
                0x0080a720                __sfp_lock_acquire
                0x0080a724                __sfp_lock_release
                0x0080a728                __sinit_lock_acquire
                0x0080a72c                __sinit_lock_release
                0x0080a730                __sinit
                0x0080a7e4                __fp_unlock_all
                0x0080a7fc                __fp_lock_all
                0x0080a814                _cleanup_r
                0x0080a820                _cleanup
                0x0080a830                __sfmoreglue
                0x0080a898                __sfp
 .text          0x0080a988       0xbc c:/altera/13.0sp1/nios2eds/bin/gnu/h-i686-mingw32/bin/../lib/gcc/nios2-elf/4.1.2/../../../../nios2-elf/lib\libc.a(lib_a-fputc.o)
                0x0080a988                fputc
                0x0080a9ec                _fputc_r
 .text          0x0080aa44       0x90 c:/altera/13.0sp1/nios2eds/bin/gnu/h-i686-mingw32/bin/../lib/gcc/nios2-elf/4.1.2/../../../../nios2-elf/lib\libc.a(lib_a-fputs.o)
                0x0080aa44                _fputs_r
                0x0080aab8                fputs
 .text          0x0080aad4      0x440 c:/altera/13.0sp1/nios2eds/bin/gnu/h-i686-mingw32/bin/../lib/gcc/nios2-elf/4.1.2/../../../../nios2-elf/lib\libc.a(lib_a-freer.o)
                0x0080aad4                _malloc_trim_r
                0x0080ac00                _free_r
 .text          0x0080af14      0x49c c:/altera/13.0sp1/nios2eds/bin/gnu/h-i686-mingw32/bin/../lib/gcc/nios2-elf/4.1.2/../../../../nios2-elf/lib\libc.a(lib_a-fvwrite.o)
                0x0080af14                __sfvwrite_r
 .text          0x0080b3b0      0x180 c:/altera/13.0sp1/nios2eds/bin/gnu/h-i686-mingw32/bin/../lib/gcc/nios2-elf/4.1.2/../../../../nios2-elf/lib\libc.a(lib_a-fwalk.o)
                0x0080b3b0                _fwalk_reent
                0x0080b478                _fwalk
 .text          0x0080b530        0x0 c:/altera/13.0sp1/nios2eds/bin/gnu/h-i686-mingw32/bin/../lib/gcc/nios2-elf/4.1.2/../../../../nios2-elf/lib\libc.a(lib_a-int_errno.o)
 .text          0x0080b530       0xc4 c:/altera/13.0sp1/nios2eds/bin/gnu/h-i686-mingw32/bin/../lib/gcc/nios2-elf/4.1.2/../../../../nios2-elf/lib\libc.a(lib_a-locale.o)
                0x0080b530                __locale_charset
                0x0080b538                _localeconv_r
                0x0080b544                localeconv
                0x0080b554                _setlocale_r
                0x0080b5d8                setlocale
 .text          0x0080b5f4      0x194 c:/altera/13.0sp1/nios2eds/bin/gnu/h-i686-mingw32/bin/../lib/gcc/nios2-elf/4.1.2/../../../../nios2-elf/lib\libc.a(lib_a-makebuf.o)
                0x0080b5f4                __smakebuf_r
 .text          0x0080b788       0xe4 c:/altera/13.0sp1/nios2eds/bin/gnu/h-i686-mingw32/bin/../lib/gcc/nios2-elf/4.1.2/../../../../nios2-elf/lib\libc.a(lib_a-memchr.o)
                0x0080b788                memchr
 .text          0x0080b86c      0xff4 c:/altera/13.0sp1/nios2eds/bin/gnu/h-i686-mingw32/bin/../lib/gcc/nios2-elf/4.1.2/../../../../nios2-elf/lib\libc.a(lib_a-mprec.o)
                0x0080b86c                _Bfree
                0x0080b894                __hi0bits
                0x0080b904                __lo0bits
                0x0080b9c8                __mcmp
                0x0080ba28                __ulp
                0x0080baa8                __b2d
                0x0080bbc8                __ratio
                0x0080bc78                _mprec_log10
                0x0080bd0c                __copybits
                0x0080bd64                __any_on
                0x0080bdec                _Balloc
                0x0080bea8                __d2b
                0x0080c024                __mdiff
                0x0080c1b0                __lshift
                0x0080c2fc                __multiply
                0x0080c4e4                __i2b
                0x0080c520                __multadd
                0x0080c620                __pow5mult
                0x0080c740                __s2b
 .text          0x0080c860      0x5f4 c:/altera/13.0sp1/nios2eds/bin/gnu/h-i686-mingw32/bin/../lib/gcc/nios2-elf/4.1.2/../../../../nios2-elf/lib\libc.a(lib_a-reallocr.o)
                0x0080c860                _realloc_r
 .text          0x0080ce54      0x1e0 c:/altera/13.0sp1/nios2eds/bin/gnu/h-i686-mingw32/bin/../lib/gcc/nios2-elf/4.1.2/../../../../nios2-elf/lib\libc.a(lib_a-refill.o)
                0x0080ce54                __srefill_r
 .text          0x0080d034       0x40 c:/altera/13.0sp1/nios2eds/bin/gnu/h-i686-mingw32/bin/../lib/gcc/nios2-elf/4.1.2/../../../../nios2-elf/lib\libc.a(lib_a-s_isinfd.o)
                0x0080d034                __isinfd
 .text          0x0080d074       0x30 c:/altera/13.0sp1/nios2eds/bin/gnu/h-i686-mingw32/bin/../lib/gcc/nios2-elf/4.1.2/../../../../nios2-elf/lib\libc.a(lib_a-s_isnand.o)
                0x0080d074                __isnand
 .text          0x0080d0a4      0x14c c:/altera/13.0sp1/nios2eds/bin/gnu/h-i686-mingw32/bin/../lib/gcc/nios2-elf/4.1.2/../../../../nios2-elf/lib\libc.a(lib_a-stdio.o)
                0x0080d0a4                __sclose
                0x0080d0ac                __sseek
                0x0080d114                __swrite
                0x0080d190                __sread
 .text          0x0080d1f0       0xbc c:/altera/13.0sp1/nios2eds/bin/gnu/h-i686-mingw32/bin/../lib/gcc/nios2-elf/4.1.2/../../../../nios2-elf/lib\libc.a(lib_a-strcmp.o)
                0x0080d1f0                strcmp
 .text          0x0080d2ac       0x78 c:/altera/13.0sp1/nios2eds/bin/gnu/h-i686-mingw32/bin/../lib/gcc/nios2-elf/4.1.2/../../../../nios2-elf/lib\libc.a(lib_a-writer.o)
                0x0080d2ac                _write_r
 .text          0x0080d324       0xb4 c:/altera/13.0sp1/nios2eds/bin/gnu/h-i686-mingw32/bin/../lib/gcc/nios2-elf/4.1.2/../../../../nios2-elf/lib\libc.a(lib_a-callocr.o)
                0x0080d324                _calloc_r
 .text          0x0080d3d8       0x70 c:/altera/13.0sp1/nios2eds/bin/gnu/h-i686-mingw32/bin/../lib/gcc/nios2-elf/4.1.2/../../../../nios2-elf/lib\libc.a(lib_a-closer.o)
                0x0080d3d8                _close_r
 .text          0x0080d448      0x124 c:/altera/13.0sp1/nios2eds/bin/gnu/h-i686-mingw32/bin/../lib/gcc/nios2-elf/4.1.2/../../../../nios2-elf/lib\libc.a(lib_a-fclose.o)
                0x0080d448                _fclose_r
                0x0080d558                fclose
 .text          0x0080d56c       0x74 c:/altera/13.0sp1/nios2eds/bin/gnu/h-i686-mingw32/bin/../lib/gcc/nios2-elf/4.1.2/../../../../nios2-elf/lib\libc.a(lib_a-fstatr.o)
                0x0080d56c                _fstat_r
 .text          0x0080d5e0       0x70 c:/altera/13.0sp1/nios2eds/bin/gnu/h-i686-mingw32/bin/../lib/gcc/nios2-elf/4.1.2/../../../../nios2-elf/lib\libc.a(lib_a-isattyr.o)
                0x0080d5e0                _isatty_r
 .text          0x0080d650       0x78 c:/altera/13.0sp1/nios2eds/bin/gnu/h-i686-mingw32/bin/../lib/gcc/nios2-elf/4.1.2/../../../../nios2-elf/lib\libc.a(lib_a-lseekr.o)
                0x0080d650                _lseek_r
 .text          0x0080d6c8       0x78 c:/altera/13.0sp1/nios2eds/bin/gnu/h-i686-mingw32/bin/../lib/gcc/nios2-elf/4.1.2/../../../../nios2-elf/lib\libc.a(lib_a-readr.o)
                0x0080d6c8                _read_r
 .text          0x0080d740      0x5dc c:/altera/13.0sp1/nios2eds/bin/gnu/h-i686-mingw32/bin/../lib/gcc/nios2-elf/4.1.2\libgcc.a(_udivdi3.o)
                0x0080d740                __udivdi3
 .text          0x0080dd1c      0x5b0 c:/altera/13.0sp1/nios2eds/bin/gnu/h-i686-mingw32/bin/../lib/gcc/nios2-elf/4.1.2\libgcc.a(_umoddi3.o)
                0x0080dd1c                __umoddi3
 .text          0x0080e2cc      0x258 c:/altera/13.0sp1/nios2eds/bin/gnu/h-i686-mingw32/bin/../lib/gcc/nios2-elf/4.1.2\libgcc.a(_div_df.o)
                0x0080e2cc                __divdf3
 .text          0x0080e524       0x88 c:/altera/13.0sp1/nios2eds/bin/gnu/h-i686-mingw32/bin/../lib/gcc/nios2-elf/4.1.2\libgcc.a(_eq_df.o)
                0x0080e524                __eqdf2
 .text          0x0080e5ac       0x88 c:/altera/13.0sp1/nios2eds/bin/gnu/h-i686-mingw32/bin/../lib/gcc/nios2-elf/4.1.2\libgcc.a(_ne_df.o)
                0x0080e5ac                __nedf2
 .text          0x0080e634       0x88 c:/altera/13.0sp1/nios2eds/bin/gnu/h-i686-mingw32/bin/../lib/gcc/nios2-elf/4.1.2\libgcc.a(_gt_df.o)
                0x0080e634                __gtdf2
 .text          0x0080e6bc       0x88 c:/altera/13.0sp1/nios2eds/bin/gnu/h-i686-mingw32/bin/../lib/gcc/nios2-elf/4.1.2\libgcc.a(_lt_df.o)
                0x0080e6bc                __ltdf2
 .text          0x0080e744       0xf8 c:/altera/13.0sp1/nios2eds/bin/gnu/h-i686-mingw32/bin/../lib/gcc/nios2-elf/4.1.2\libgcc.a(_si_to_df.o)
                0x0080e744                __floatsidf
 .text          0x0080e83c      0x14c c:/altera/13.0sp1/nios2eds/bin/gnu/h-i686-mingw32/bin/../lib/gcc/nios2-elf/4.1.2\libgcc.a(lib2-divmod.o)
                0x0080e8b8                __divsi3
                0x0080e918                __modsi3
                0x0080e978                __udivsi3
                0x0080e980                __umodsi3
 .text          0x0080e988       0x6c ../simple_socket_bsp/\libucosii_bsp.a(alt_exit.o)
                0x0080e9c8                _exit
 .text          0x0080e9f4       0xd0 ../simple_socket_bsp/\libucosii_bsp.a(alt_flash_dev.o)
                0x0080e9f4                alt_flash_open_dev
                0x0080ea70                alt_flash_close_dev
 .text          0x0080eac4      0x134 ../simple_socket_bsp/\libucosii_bsp.a(alt_fstat.o)
                0x0080eac4                fstat
 .text          0x0080ebf8      0x1c0 ../simple_socket_bsp/\libucosii_bsp.a(alt_irq_register.o)
                0x0080ebf8                alt_irq_register
 .text          0x0080edb8        0x0 ../simple_socket_bsp/\libucosii_bsp.a(alt_irq_vars.o)
 .text          0x0080edb8      0x120 ../simple_socket_bsp/\libucosii_bsp.a(alt_isatty.o)
                0x0080edb8                isatty
 .text          0x0080eed8      0x150 ../simple_socket_bsp/\libucosii_bsp.a(alt_lseek.o)
                0x0080eed8                lseek
 .text          0x0080f028       0xc8 ../simple_socket_bsp/\libucosii_bsp.a(alt_main.o)
                0x0080f028                alt_main
 .text          0x0080f0f0       0x40 ../simple_socket_bsp/\libucosii_bsp.a(alt_putstr.o)
                0x0080f0f0                alt_putstr
 .text          0x0080f130       0xbc ../simple_socket_bsp/\libucosii_bsp.a(alt_sbrk.o)
                0x0080f130                sbrk
 .text          0x0080f1ec      0x118 ../simple_socket_bsp/\libucosii_bsp.a(alt_usleep.o)
                0x0080f1ec                usleep
 .text          0x0080f304      0x108 ../simple_socket_bsp/\libucosii_bsp.a(alt_env_lock.o)
                0x0080f304                __env_lock
                0x0080f3b0                __env_unlock
 .text          0x0080f40c      0x1d8 ../simple_socket_bsp/\libucosii_bsp.a(alt_malloc_lock.o)
                0x0080f40c                __malloc_lock
                0x0080f514                __malloc_unlock
 .text          0x0080f5e4     0x2128 ../simple_socket_bsp/\libucosii_bsp.a(os_core.o)
                0x0080f5e4                OSEventNameGet
                0x0080f714                OSEventNameSet
                0x0080f858                OSEventPendMulti
                0x0080ff0c                OSInit
                0x0080ff60                OSIntEnter
                0x0080ffdc                OSIntExit
                0x008100dc                OSSchedLock
                0x00810168                OSSchedUnlock
                0x0081024c                OSStart
                0x008102bc                OSStatInit
                0x00810368                OSTimeTick
                0x008105a8                OSVersion
                0x008105c8                OS_Dummy
                0x008105e4                OS_EventTaskRdy
                0x00810778                OS_EventTaskWait
                0x00810888                OS_EventTaskWaitMulti
                0x008109dc                OS_EventTaskRemove
                0x00810a94                OS_EventTaskRemoveMulti
                0x00810b98                OS_EventWaitListInit
                0x00810f64                OS_MemClr
                0x00810fb8                OS_MemCopy
                0x00811024                OS_Sched
                0x00811168                OS_StrCopy
                0x008111e8                OS_StrLen
                0x00811240                OS_TaskIdle
                0x0081129c                OS_TaskStat
                0x00811364                OS_TaskStatStkChk
                0x0081142c                OS_TCBInit
 .text          0x0081170c      0x18c ../simple_socket_bsp/\libucosii_bsp.a(os_dbg.o)
                0x0081170c                OSDebugInit
 .text          0x00811898     0x193c ../simple_socket_bsp/\libucosii_bsp.a(os_flag.o)
                0x00811898                OSFlagAccept
                0x00811bcc                OSFlagCreate
                0x00811d08                OSFlagDel
                0x00811fb0                OSFlagNameGet
                0x008120f4                OSFlagNameSet
                0x00812248                OSFlagPend
                0x0081288c                OSFlagPendGetFlagsRdy
                0x008128f4                OSFlagPost
                0x00812c9c                OSFlagQuery
                0x00812f34                OS_FlagInit
                0x00813128                OS_FlagUnlink
 .text          0x008131d4      0x808 ../simple_socket_bsp/\libucosii_bsp.a(os_mem.o)
                0x008131d4                OSMemCreate
                0x008133f0                OSMemGet
                0x008134f4                OSMemNameGet
                0x00813600                OSMemNameSet
                0x00813720                OSMemPut
                0x00813810                OSMemQuery
                0x0081390c                OS_MemInit
 .text          0x008139dc     0x1334 ../simple_socket_bsp/\libucosii_bsp.a(os_q.o)
                0x008139dc                OSQAccept
                0x00813b30                OSQCreate
                0x00813d44                OSQDel
                0x00814044                OSQFlush
                0x0081410c                OSQPend
                0x0081442c                OSQPendAbort
                0x008145a8                OSQPost
                0x00814728                OSQPostFront
                0x008148b0                OSQPostOpt
                0x00814ae4                OSQQuery
                0x00814c64                OS_QInit
 .text          0x00814d10      0xbc8 ../simple_socket_bsp/\libucosii_bsp.a(os_sem.o)
                0x00814d10                OSSemAccept
                0x00814dd0                OSSemCreate
                0x00814ee4                OSSemDel
                0x00815184                OSSemPend
                0x00815400                OSSemPendAbort
                0x0081557c                OSSemPost
                0x008156a4                OSSemQuery
                0x008157d4                OSSemSet
 .text          0x008158d8     0x1a40 ../simple_socket_bsp/\libucosii_bsp.a(os_task.o)
                0x008158d8                OSTaskChangePrio
                0x00815e4c                OSTaskCreate
                0x00816020                OSTaskCreateExt
                0x00816220                OSTaskDel
                0x0081662c                OSTaskDelReq
                0x0081679c                OSTaskNameGet
                0x00816954                OSTaskNameSet
                0x00816b18                OSTaskResume
                0x00816d30                OSTaskStkChk
                0x00816f2c                OSTaskSuspend
                0x00817158                OSTaskQuery
                0x0081729c                OS_TaskStkClr
 .text          0x00817318      0x670 ../simple_socket_bsp/\libucosii_bsp.a(os_time.o)
                0x00817318                OSTimeDly
                0x00817464                OSTimeDlyHMSM
                0x008176b0                OSTimeDlyResume
                0x008178c0                OSTimeGet
                0x00817924                OSTimeSet
 .text          0x00817988      0x100 ../simple_socket_bsp/\libucosii_bsp.a(alt_sys_init.o)
                0x00817988                alt_irq_init
                0x008179bc                alt_sys_init
 .text          0x00817a88      0x8c8 ../simple_socket_bsp/\libucosii_bsp.a(altera_avalon_cfi_flash.o)
                0x00817a88                alt_flash_cfi_init
                0x00817b5c                alt_flash_cfi_write
                0x00817e1c                alt_flash_cfi_get_info
                0x00817eac                alt_flash_cfi_read
                0x00817f14                alt_write_value_to_flash
                0x00818078                alt_flash_program_block
 .text          0x00818350     0x14a8 ../simple_socket_bsp/\libucosii_bsp.a(altera_avalon_cfi_flash_table.o)
                0x00818350                alt_read_query_entry_8bit
                0x00818390                alt_read_query_entry_16bit
                0x008183d4                alt_read_query_entry_32bit
                0x0081841c                alt_write_flash_command_8bit_device_8bit_mode
                0x00818458                alt_write_flash_command_16bit_device_8bit_mode
                0x008184d4                alt_write_flash_command_32bit_device_8bit_mode
                0x0081851c                alt_write_flash_command_16bit_device_16bit_mode
                0x00818560                alt_write_flash_command_32bit_device_16bit_mode
                0x008185a8                alt_write_flash_command_32bit_device_32bit_mode
                0x008185f0                alt_write_native_8bit
                0x00818624                alt_write_native_16bit
                0x00818658                alt_write_native_32bit
                0x00818688                alt_set_flash_width_func
                0x00818868                alt_set_flash_algorithm_func
                0x00818990                alt_read_cfi_table
                0x00818f70                alt_read_cfi_width
                0x0081971c                alt_check_primary_table
 .text          0x008197f8      0x9e4 ../simple_socket_bsp/\libucosii_bsp.a(altera_avalon_epcs_flash_controller.o)
                0x008197f8                alt_epcs_flash_init
                0x00819c14                alt_epcs_flash_write
                0x00819e94                alt_epcs_flash_get_info
                0x00819f24                alt_epcs_flash_erase_block
                0x0081a028                alt_epcs_flash_write_block
                0x0081a144                alt_epcs_flash_read
 .text          0x0081a1dc      0x148 ../simple_socket_bsp/\libucosii_bsp.a(altera_avalon_jtag_uart_fd.o)
                0x0081a1dc                altera_avalon_jtag_uart_read_fd
                0x0081a234                altera_avalon_jtag_uart_write_fd
                0x0081a28c                altera_avalon_jtag_uart_close_fd
                0x0081a2d4                altera_avalon_jtag_uart_ioctl_fd
 .text          0x0081a324      0x584 ../simple_socket_bsp/\libucosii_bsp.a(altera_avalon_jtag_uart_init.o)
                0x0081a324                altera_avalon_jtag_uart_init
                0x0081a834                altera_avalon_jtag_uart_close
 .text          0x0081a8a8       0xf4 ../simple_socket_bsp/\libucosii_bsp.a(altera_avalon_jtag_uart_ioctl.o)
                0x0081a8a8                altera_avalon_jtag_uart_ioctl
 .text          0x0081a99c      0x2c0 ../simple_socket_bsp/\libucosii_bsp.a(altera_avalon_jtag_uart_read.o)
                0x0081a99c                altera_avalon_jtag_uart_read
 .text          0x0081ac5c      0x2dc ../simple_socket_bsp/\libucosii_bsp.a(altera_avalon_jtag_uart_write.o)
                0x0081ac5c                altera_avalon_jtag_uart_write
 .text          0x0081af38      0x100 ../simple_socket_bsp/\libucosii_bsp.a(altera_avalon_timer_sc.o)
                0x0081afa8                alt_avalon_timer_sc_init
 .text          0x0081b038       0xf8 ../simple_socket_bsp/\libucosii_bsp.a(altera_avalon_uart_fd.o)
                0x0081b038                altera_avalon_uart_read_fd
                0x0081b090                altera_avalon_uart_write_fd
                0x0081b0e8                altera_avalon_uart_close_fd
 .text          0x0081b130      0x57c ../simple_socket_bsp/\libucosii_bsp.a(altera_avalon_uart_init.o)
                0x0081b130                altera_avalon_uart_init
                0x0081b64c                altera_avalon_uart_close
 .text          0x0081b6ac      0x310 ../simple_socket_bsp/\libucosii_bsp.a(altera_avalon_uart_read.o)
                0x0081b6ac                altera_avalon_uart_read
 .text          0x0081b9bc      0x2a8 ../simple_socket_bsp/\libucosii_bsp.a(altera_avalon_uart_write.o)
                0x0081b9bc                altera_avalon_uart_write
 .text          0x0081bc64      0x6d4 ../simple_socket_bsp/\libucosii_bsp.a(epcs_commands.o)
                0x0081bc64                epcs_read_status_register
                0x0081bcc4                epcs_sector_erase
                0x0081be2c                epcs_read_buffer
                0x0081bf78                epcs_write_enable
                0x0081bfc8                epcs_write_status_register
                0x0081c02c                epcs_write_buffer
                0x0081c19c                epcs_read_electronic_signature
                0x0081c208                epcs_read_device_id
                0x0081c288                epcs_enter_4_bytes_mode
                0x0081c2e0                epcs_exit_4_bytes_mode
 .text          0x0081c338       0x54 ../simple_socket_bsp/\libucosii_bsp.a(alt_iniche_close.o)
                0x0081c338                close
 .text          0x0081c38c      0x124 ../simple_socket_bsp/\libucosii_bsp.a(alt_iniche_dev.o)
                0x0081c38c                iniche_devices_init
 .text          0x0081c4b0       0x78 ../simple_socket_bsp/\libucosii_bsp.a(alt_iniche_read.o)
                0x0081c4b0                read
 .text          0x0081c528       0x70 ../simple_socket_bsp/\libucosii_bsp.a(alt_iniche_write.o)
                0x0081c528                write
 .text          0x0081c598      0xedc ../simple_socket_bsp/\libucosii_bsp.a(ipnet.o)
                0x0081c598                Netinit
                0x0081cbe4                fixup_subnet_mask
                0x0081cd44                netclose
                0x0081ce2c                pktdemux
                0x0081d200                c_older
                0x0081d2d0                ip2mac
 .text          0x0081d474      0x4b0 ../simple_socket_bsp/\libucosii_bsp.a(ipstart.o)
                0x0081d474                ip_startup
                0x0081d758                exit_hook
                0x0081d7c4                ip_exit
                0x0081d894                if_netnumber
 .text          0x0081d924     0x10e8 ../simple_socket_bsp/\libucosii_bsp.a(igmp_cmn.o)
                0x0081d924                igmp_init
                0x0081da14                igmp_input
                0x0081db0c                igmp_fasttimo
                0x0081dd40                igmp_send
                0x0081dfe8                igmp_joingroup
                0x0081e254                igmp_leavegroup
                0x0081e2d0                igmp_validate
                0x0081e62c                igmp_print_stats
 .text          0x0081ea0c      0xbc8 ../simple_socket_bsp/\libucosii_bsp.a(bsdsock.o)
                0x0081ea0c                bsd_accept
                0x0081eb44                bsd_getpeername
                0x0081ec70                bsd_getsockname
                0x0081ed9c                bsd_i_sockoptlen
                0x0081ef54                bsd_getsockopt
                0x0081f074                bsd_ioctl
                0x0081f178                bsd_inet_ntoa
                0x0081f1a8                bsd_recvfrom
                0x0081f308                bsd_select
                0x0081f4e8                bsd_setsockopt
 .text          0x0081f5d4      0x118 ../simple_socket_bsp/\libucosii_bsp.a(cksum.o)
                0x0081f5d4                ccksum
                0x0081f684                cksum
 .text          0x0081f6ec      0xa9c ../simple_socket_bsp/\libucosii_bsp.a(in_utils.o)
                0x0081f6ec                do_trap
                0x0081f718                nextarg
                0x0081f794                hexdump
                0x0081f8dc                print_ipad
                0x0081f950                print_uptime
                0x0081fa7c                panic
                0x0081fac0                print_eth
                0x0081fc24                uslash
                0x0081fca4                ns_printf
                0x0081fe28                std_out
                0x0081fe6c                con_page
                0x0081ff5c                parse_args
 .text          0x00820188      0x1c4 ../simple_socket_bsp/\libucosii_bsp.a(netmain.o)
                0x00820188                netmain
                0x0082027c                tk_netmain
                0x00820304                tk_nettick
 .text          0x0082034c      0x810 ../simple_socket_bsp/\libucosii_bsp.a(parseip.o)
                0x0082034c                parse_ipad
                0x00820668                inet_addr
                0x008206d0                hextoa
                0x00820740                inet_pton
                0x008207ec                inet_ntop
                0x00820878                print46_addr
                0x008208d8                inet46_addr
                0x0082099c                inet_setport
                0x00820a10                convert_ip
 .text          0x00820b5c      0x5e8 ../simple_socket_bsp/\libucosii_bsp.a(tk_crnos.o)
                0x00820b5c                TK_OSTimeDly
                0x00820b88                TK_OSTaskResume
                0x00820bf8                tcp_sleep
                0x00820d98                tcp_wakeup
                0x00820e9c                TK_OSTaskQuery
                0x00820f10                tk_yield
                0x00820f3c                tk_stats
 .text          0x00821144      0x79c ../simple_socket_bsp/\libucosii_bsp.a(pktalloc.o)
                0x00821144                pk_init
                0x008213d4                pk_alloc
                0x008214b0                pk_validate
                0x00821768                pk_free
                0x00821814                pk_get_max_intrsafe_buf_len
                0x00821834                dump_buf_estats
 .text          0x008218e0      0x288 ../simple_socket_bsp/\libucosii_bsp.a(q.o)
                0x008218e0                getq
                0x008219a8                putq
                0x00821a58                qdel
 .text          0x00821b68      0x194 ../simple_socket_bsp/\libucosii_bsp.a(asm_cksum.o)
                0x00821b68                asm_cksum
 .text          0x00821cfc      0x2e4 ../simple_socket_bsp/\libucosii_bsp.a(brdutils.o)
                0x00821cfc                dtrap
                0x00821d2c                kbhit
                0x00821dd8                getch
                0x00821e38                clock_init
                0x00821e74                clock_c
                0x00821e90                cticks_hook
                0x00821f40                irq_Mask
                0x00821f9c                irq_Unmask
 .text          0x00821fe0      0x488 ../simple_socket_bsp/\libucosii_bsp.a(osportco.o)
                0x00821fe0                LOCK_NET_RESOURCE
                0x008220a0                UNLOCK_NET_RESOURCE
                0x00822128                TK_NEWTASK
                0x0082233c                wait_app_sem
                0x008223f0                post_app_sem
 .text          0x00822468      0x568 ../simple_socket_bsp/\libucosii_bsp.a(targnios.o)
                0x00822468                alt_iniche_init
                0x00822684                pre_task_setup
                0x008226f8                post_task_setup
                0x00822718                prep_armintcp
                0x00822750                calloc2
                0x00822784                npalloc
                0x00822878                npfree
                0x00822930                ncpalloc
                0x00822984                ncpfree
 .text          0x008229d0     0x19b8 ../simple_socket_bsp/\libucosii_bsp.a(nptcp.o)
                0x008229d0                pffindtype
                0x00822a70                pffindproto
                0x00822b40                m_getnbuf
                0x00822ce8                m_free
                0x00822e1c                m_freem
                0x00822e60                m_copy
                0x00823184                m_adj
                0x00823354                mbuf_len
                0x008233ac                dtom
                0x00823454                remque
                0x008234c4                insque
                0x00823540                nptcp_init
                0x00823664                tcp_rcv
                0x00823850                ip_output
                0x00823e48                in_broadcast
                0x00823e88                np_stripoptions
                0x00823f70                so_icmpdu
                0x008242c8                tcp_tick
 .text          0x00824388      0xa2c ../simple_socket_bsp/\libucosii_bsp.a(rawsock.o)
                0x00824388                rawip_lookup
                0x008243f8                rawip_soinput
                0x008245cc                rawip_usrreq
 .text          0x00824db4     0x17fc ../simple_socket_bsp/\libucosii_bsp.a(sockcall.o)
                0x00824db4                DOMAIN_CHECK
                0x00824e00                t_socket
                0x00824e90                t_bind
                0x0082500c                t_listen
                0x008250f0                t_accept
                0x00825388                t_connect
                0x00825630                t_getpeername
                0x00825674                t_getsockname
                0x008258b4                t_setsockopt
                0x00825a90                t_getsockopt
                0x00825c34                t_recv
                0x00825d24                t_recvfrom
                0x00825e74                t_sendto
                0x008260a0                t_send
                0x008262c8                t_shutdown
                0x008263ac                t_socketclose
                0x00826514                t_errno
 .text          0x008265b0     0x23ec ../simple_socket_bsp/\libucosii_bsp.a(socket.o)
                0x008265b0                socreate
                0x0082677c                sobind
                0x008267d8                solisten
                0x008268c8                sofree
                0x008269f8                soclose
                0x00826d64                soabort
                0x00826db4                soaccept
                0x00826e50                soconnect
                0x00826f24                sodisconnect
                0x00826fc4                sosend
                0x008275cc                soreceive
                0x00827db0                soshutdown
                0x00827e58                sorflush
                0x00827f58                sosetopt
                0x00828418                sogetopt
                0x00828958                sohasoutofband
 .text          0x0082899c     0x1318 ../simple_socket_bsp/\libucosii_bsp.a(socket2.o)
                0x0082899c                soisconnecting
                0x00828a08                soisconnected
                0x00828b04                soisdisconnecting
                0x00828b90                soisdisconnected
                0x00828c4c                sonewconn
                0x00828e68                soqinsque
                0x00828f14                soqremque
                0x00829034                socantsendmore
                0x00829084                socantrcvmore
                0x008290d4                sbselqueue
                0x0082910c                sbwait
                0x00829174                sbwakeup
                0x00829210                soreserve
                0x00829290                sbreserve
                0x008292f0                sbrelease
                0x00829338                sbappend
                0x008293e0                sbappendrecord
                0x008294c0                sbappendaddr
                0x008296c8                sbcompress
                0x008298b0                sbflush
                0x00829940                sbdrop
                0x00829b10                sbdropend
                0x00829c20                sbdroprecord
 .text          0x00829cb4      0x914 ../simple_socket_bsp/\libucosii_bsp.a(soselect.o)
                0x00829cb4                t_select
                0x00829ed4                sock_selscan
                0x0082a02c                sock_select
                0x0082a240                in_pcbnotify
                0x0082a30c                tcp_notify
                0x0082a374                ifd_clr
                0x0082a464                ifd_set
                0x0082a4d8                ifd_isset
                0x0082a558                ifd_get
 .text          0x0082a5c8     0x3020 ../simple_socket_bsp/\libucosii_bsp.a(tcp_in.o)
                0x0082a5c8                tcp_reass
                0x0082a9d0                tcp_input
                0x0082cf24                tcp_dooptions
                0x0082d0b4                tcp_pulloutofband
                0x0082d1e0                tcp_xmit_timer
                0x0082d484                ip4_tcpmss
                0x0082d4cc                tcp_mss
 .text          0x0082d5e8     0x1360 ../simple_socket_bsp/\libucosii_bsp.a(tcp_out.o)
                0x0082d5e8                tcp_output
                0x0082e764                tcp_setpersist
 .text          0x0082e948      0x9e8 ../simple_socket_bsp/\libucosii_bsp.a(tcp_subr.o)
                0x0082e948                tcp_init
                0x0082e9a0                tcp_template
                0x0082eab8                tcp_respond
                0x0082ef40                tcp_newtcpcb
                0x0082f058                tcp_drop
                0x0082f104                tcp_close
                0x0082f1ec                tcp_quench
                0x0082f238                tcp_putseq
                0x0082f2b8                tcp_getseq
 .text          0x0082f330      0x798 ../simple_socket_bsp/\libucosii_bsp.a(tcp_timr.o)
                0x0082f330                tcp_slowtimo
                0x0082f5d0                tcp_canceltimers
                0x0082f62c                tcp_timers
 .text          0x0082fac8      0x9ec ../simple_socket_bsp/\libucosii_bsp.a(tcp_usr.o)
                0x0082fac8                tcp_usrreq
                0x008301cc                tcp_attach
                0x00830300                tcp_disconnect
                0x008303d4                tcp_usrclosed
 .text          0x008304b4       0x4c ../simple_socket_bsp/\libucosii_bsp.a(tcpport.o)
                0x008304b4                tcpinit
 .text          0x00830500      0xd20 ../simple_socket_bsp/\libucosii_bsp.a(udpsock.o)
                0x00830500                udp_lookup
                0x00830570                udp_soinput
                0x00830728                udp_usrreq
                0x008309ac                udp4_sockbind
                0x00830ce8                udp4_socksend
                0x008310c4                udp4_sockaddr
 .text          0x00831220      0x154 ../simple_socket_bsp/\libucosii_bsp.a(alt_alarm_start.o)
                0x00831220                alt_alarm_start
 .text          0x00831374      0x14c ../simple_socket_bsp/\libucosii_bsp.a(alt_busy_sleep.o)
                0x00831374                alt_busy_sleep
 .text          0x008314c0      0x15c ../simple_socket_bsp/\libucosii_bsp.a(alt_close.o)
                0x008314c0                alt_close
 .text          0x0083161c       0x78 ../simple_socket_bsp/\libucosii_bsp.a(alt_dcache_flush.o)
                0x0083161c                alt_dcache_flush
 .text          0x00831694       0x2c ../simple_socket_bsp/\libucosii_bsp.a(alt_dev.o)
 .text          0x008316c0      0x114 ../simple_socket_bsp/\libucosii_bsp.a(alt_dev_llist_insert.o)
                0x008316c0                alt_dev_llist_insert
 .text          0x008317d4       0x64 ../simple_socket_bsp/\libucosii_bsp.a(alt_do_ctors.o)
                0x008317d4                _do_ctors
 .text          0x00831838       0x64 ../simple_socket_bsp/\libucosii_bsp.a(alt_do_dtors.o)
                0x00831838                _do_dtors
 .text          0x0083189c        0x0 ../simple_socket_bsp/\libucosii_bsp.a(alt_errno.o)
 .text          0x0083189c       0x94 ../simple_socket_bsp/\libucosii_bsp.a(alt_find_dev.o)
                0x0083189c                alt_find_dev
 .text          0x00831930      0x1d4 ../simple_socket_bsp/\libucosii_bsp.a(alt_iic.o)
                0x00831930                alt_ic_isr_register
                0x00831980                alt_ic_irq_enable
                0x00831a1c                alt_ic_irq_disable
                0x00831abc                alt_ic_irq_enabled
 .text          0x00831b04       0xf8 ../simple_socket_bsp/\libucosii_bsp.a(alt_iic_isr_register.o)
                0x00831b04                alt_iic_isr_register
 .text          0x00831bfc      0x13c ../simple_socket_bsp/\libucosii_bsp.a(alt_io_redirect.o)
                0x00831cc0                alt_io_redirect
 .text          0x00831d38        0x0 ../simple_socket_bsp/\libucosii_bsp.a(alt_irq_entry.o)
 .text          0x00831d38        0x0 ../simple_socket_bsp/\libucosii_bsp.a(alt_irq_handler.o)
 .text          0x00831d38      0x2c4 ../simple_socket_bsp/\libucosii_bsp.a(alt_open.o)
                0x00831e14                open
 .text          0x00831ffc      0x180 ../simple_socket_bsp/\libucosii_bsp.a(alt_read.o)
                0x00831ffc                alt_read
 .text          0x0083217c       0x60 ../simple_socket_bsp/\libucosii_bsp.a(alt_release_fd.o)
                0x0083217c                alt_release_fd
 .text          0x008321dc       0x38 ../simple_socket_bsp/\libucosii_bsp.a(alt_remap_cached.o)
                0x008321dc                alt_remap_cached
 .text          0x00832214       0x40 ../simple_socket_bsp/\libucosii_bsp.a(alt_remap_uncached.o)
                0x00832214                alt_remap_uncached
 .text          0x00832254      0x1a8 ../simple_socket_bsp/\libucosii_bsp.a(alt_tick.o)
                0x00832254                alt_alarm_stop
                0x008322ec                alt_tick
 .text          0x008323fc      0x180 ../simple_socket_bsp/\libucosii_bsp.a(alt_write.o)
                0x008323fc                alt_write
 .text          0x0083257c       0x20 ../simple_socket_bsp/\libucosii_bsp.a(altera_nios2_qsys_irq.o)
                0x0083257c                altera_nios2_qsys_irq_init
 .text          0x0083259c       0xd0 ../simple_socket_bsp/\libucosii_bsp.a(os_cpu_a.o)
                0x0083259c                OSCtxSw
                0x0083259c                OSIntCtxSw
                0x00832628                OSStartHighRdy
                0x00832648                OSStartTsk
 .text          0x0083266c      0x424 ../simple_socket_bsp/\libucosii_bsp.a(os_cpu_c.o)
                0x0083266c                OSTaskStkInit
                0x0083297c                OSTaskCreateHook
                0x0083299c                OSTaskDelHook
                0x008329bc                OSTaskSwHook
                0x008329d8                OSTaskStatHook
                0x008329f4                OSTimeTickHook
                0x00832a1c                OSInitHookBegin
                0x00832a38                OSInitHookEnd
                0x00832a54                OSTaskIdleHook
                0x00832a70                OSTCBInitHook
 .text          0x00832a90      0x460 ../simple_socket_bsp/\libucosii_bsp.a(altera_avalon_cfi_flash_amd.o)
                0x00832a90                alt_program_amd
                0x00832af8                alt_erase_block_amd
 .text          0x00832ef0      0x460 ../simple_socket_bsp/\libucosii_bsp.a(altera_avalon_cfi_flash_intel.o)
                0x00832ef0                alt_program_intel
                0x00832f74                alt_erase_block_intel
 .text          0x00833350      0x238 ../simple_socket_bsp/\libucosii_bsp.a(altera_avalon_spi.o)
                0x00833350                alt_avalon_spi_command
 .text          0x00833588      0x440 ../simple_socket_bsp/\libucosii_bsp.a(allports.o)
                0x00833588                netmain_init
                0x00833680                icmp_port_du
                0x00833708                station_state
                0x0083386c                sysuptime
                0x00833900                packet_check
                0x0083394c                mcastlist
                0x00833970                prep_modules
 .text          0x008339c8      0x57c ../simple_socket_bsp/\libucosii_bsp.a(timeouts.o)
                0x008339c8                inet_timer
                0x00833cc4                in_timerset
                0x00833e9c                in_timerkill
 .text          0x00833f44       0xa4 ../simple_socket_bsp/\libucosii_bsp.a(tk_misc.o)
                0x00833f44                create_apptasks
                0x00833f68                task_stats
 .text          0x00833fe8       0xb0 ../simple_socket_bsp/\libucosii_bsp.a(alt_iniche_fcntl.o)
                0x00833fe8                fcntl
 .text          0x00834098     0x15b0 ../simple_socket_bsp/\libucosii_bsp.a(et_arp.o)
                0x00834098                etainit
                0x008340ec                et_send
                0x00834268                arp_free_pending
                0x008342f0                arp_send_pending
                0x00834364                send_arp
                0x008347fc                find_oldest_arp
                0x008349f8                make_arp_entry
                0x00834b0c                arpReply
                0x00834da0                arprcv
                0x00835000                send_via_arp
                0x008351d0                cb_arpent_tmo
                0x0083537c                grat_arp
 .text          0x00835648      0x298 ../simple_socket_bsp/\libucosii_bsp.a(iface.o)
                0x00835648                if_getbynum
                0x008356cc                isbcast
                0x008357ac                reg_type
                0x00835848                if_killsocks
 .text          0x008358e0     0x22a4 ../simple_socket_bsp/\libucosii_bsp.a(ip.o)
                0x008358e0                ip_init
                0x008359dc                ip_bldhead
                0x00835b80                ip_write_internal
                0x00836300                ip_write
                0x00836548                ip_write2
                0x008368f8                ip_raw_write
                0x008369d0                ip_fragment_lc
                0x00836e58                ip_fragment
                0x0083747c                ip_mymach
                0x00837528                ip_dump
                0x008377e0                iproute
                0x00837a4c                ip_copypkt
 .text          0x00837b84     0x1e08 ../simple_socket_bsp/\libucosii_bsp.a(ip_reasm.o)
                0x00837b84                ip_reasm_match_frag_with_ire
                0x00837c54                ip_reasm_determine_type_of_frag
                0x00837d40                ip_reasm_check_mem_useage
                0x00837dd8                ip_reasm_incr_mem_useage
                0x00837e80                ip_reasm_decr_mem_useage
                0x00837f20                ip_reasm_process_first_fragment
                0x00838200                ip_reassm
                0x008382a0                ip_reasm_compute_overlap
                0x00838830                ip_reasm_process_subsequent_fragments
                0x00838dc4                ip_reasm_find_ire
                0x00838e28                ip_reasm_copy_queued_fragments_into_reassy_buffer
                0x00839184                ip_reasm_process_timer_tick
                0x008392a4                ip_reasm_delete_ire
                0x0083946c                ip_reasm_mark_compact_rfq
                0x008395b4                ipr_stats
                0x00839938                ip_reasm_send_icmp_timex
 .text          0x0083998c      0xe3c ../simple_socket_bsp/\libucosii_bsp.a(ipdemux.o)
                0x0083998c                ip_rcv
                0x00839d8c                ip_rcv_phase2
                0x0083a398                ip_demux
 .text          0x0083a7c8      0x2f0 ../simple_socket_bsp/\libucosii_bsp.a(ipmc.o)
                0x0083a7c8                in_addmulti
                0x0083a930                in_delmulti
                0x0083aa48                lookup_mcast
 .text          0x0083aab8       0xe4 ../simple_socket_bsp/\libucosii_bsp.a(ipport.o)
                0x0083aab8                prep_ifaces
                0x0083ab4c                netexit
                0x0083ab74                evtmap_setup
 .text          0x0083ab9c      0x550 ../simple_socket_bsp/\libucosii_bsp.a(ipraw.o)
                0x0083ab9c                ip_raw_open
                0x0083ac8c                ip_raw_close
                0x0083ad4c                ip_raw_input
                0x0083af84                ip_raw_alloc
                0x0083b050                ip_raw_free
                0x0083b090                ip_raw_maxalloc
 .text          0x0083b0ec      0x6f0 ../simple_socket_bsp/\libucosii_bsp.a(iproute.o)
                0x0083b0ec                rt_lookup
                0x0083b270                add_route
                0x0083b698                del_route
 .text          0x0083b7dc      0xe3c ../simple_socket_bsp/\libucosii_bsp.a(udp.o)
                0x0083b7dc                udpdemux
                0x0083c034                udp_send
                0x0083c2ec                udpswap
                0x0083c41c                udp_socket
                0x0083c4ec                udp_alloc
                0x0083c5ac                udp_maxalloc
                0x0083c5d8                udp_free
 .text          0x0083c618      0x2e8 ../simple_socket_bsp/\libucosii_bsp.a(igmp.o)
                0x0083c618                igmpv1_input
 .text          0x0083c900      0x7c0 ../simple_socket_bsp/\libucosii_bsp.a(igmp2.o)
                0x0083c900                igmpv2_input
                0x0083ca60                igmpv2_process_report
                0x0083cbac                igmpv2_process_query
                0x0083cdf8                igmpv2_chk_set_timer
                0x0083cf50                igmpv2_chk4_rtr_alert_opt
 .text          0x0083d0c0      0x8fc ../simple_socket_bsp/\libucosii_bsp.a(ipopt.o)
                0x0083d0c0                IPADDR_TO_NETP
                0x0083d208                ip_setmoptions
                0x0083d7f8                ip_getmoptions
                0x0083d938                ip_freemoptions
 .text          0x0083d9bc      0x6e8 ../simple_socket_bsp/\libucosii_bsp.a(u_mctest.o)
                0x0083d9bc                u_mctest_init
                0x0083d9ec                u_mctest_run
 .text          0x0083e0a4      0x40c ../simple_socket_bsp/\libucosii_bsp.a(memdev.o)
                0x0083e0a4                init_memdev
                0x0083e11c                md_fopen
                0x0083e144                md_fclose
                0x0083e164                md_fread
                0x0083e2e4                md_fwrite
                0x0083e364                md_fseek
                0x0083e390                md_ftell
                0x0083e3b4                md_fgetc
                0x0083e48c                md_unlink
 .text          0x0083e4b0      0x1cc ../simple_socket_bsp/\libucosii_bsp.a(tcpcksum.o)
                0x0083e4b0                tcp_cksum
 .text          0x0083e67c      0x31c ../simple_socket_bsp/\libucosii_bsp.a(udp_open.o)
                0x0083e67c                udp_open
                0x0083e8b4                udp_close
 .text          0x0083e998      0x900 ../simple_socket_bsp/\libucosii_bsp.a(in_pcb.o)
                0x0083e998                in_pcballoc
                0x0083ea2c                in_pcbdetach
                0x0083ea80                in_pcbbind
                0x0083ecd4                in_pcbconnect
                0x0083eee4                in_pcbdisconnect
                0x0083ef44                in_setsockaddr
                0x0083efc0                in_setpeeraddr
                0x0083f03c                in_pcblookup
 .text          0x0083f298     0x1a74 ../simple_socket_bsp/\libucosii_bsp.a(vfsfiles.o)
                0x0083f298                set_vfopen_error
                0x0083f2c0                get_vfopen_error
                0x0083f2e0                vf_alloc_and_link_vop
                0x0083f35c                vf_alloc_buffer
                0x0083f434                vf_free_buffer
                0x0083f484                vfopen_locked
                0x0083f7ec                vfopen
                0x0083f83c                vfclose_locked
                0x0083f9e4                vfclose
                0x0083fa24                vfflush
                0x0083fa6c                vfgets
                0x0083fb50                vfeof
                0x0083fba8                vunlink_flag_open_files
                0x0083fc04                vunlink
                0x0083fe24                vfread
                0x0083ffd0                vfwrite_locked
                0x008403b8                vfwrite
                0x00840418                vfseek
                0x00840594                vftell
                0x008406c8                vgetc_locked
                0x008407e8                vgetc
                0x00840830                vfslookup_locked
                0x00840968                vfslookup
                0x008409b0                strippath
                0x00840b98                isvfile_locked
                0x00840bfc                isvfile
                0x00840c44                vferror
                0x00840cb0                vclearerr
 .text          0x00840d0c       0x24 ../simple_socket_bsp/\libucosii_bsp.a(vfsport.o)
                0x00840d0c                prep_vfs
 .text          0x00840d30        0x0 ../simple_socket_bsp/\libucosii_bsp.a(alt_exception_entry.o)
 .text          0x00840d30      0x1b4 ../simple_socket_bsp/\libucosii_bsp.a(alt_fcntl.o)
                0x00840d30                alt_fcntl
 .text          0x00840ee4      0x120 ../simple_socket_bsp/\libucosii_bsp.a(alt_find_file.o)
                0x00840ee4                alt_find_file
 .text          0x00841004       0xf4 ../simple_socket_bsp/\libucosii_bsp.a(alt_get_fd.o)
                0x00841004                alt_get_fd
 .text          0x008410f8     0x130c ../simple_socket_bsp/\libucosii_bsp.a(icmp.o)
                0x008410f8                icmprcv
                0x00841d2c                icmp_destun
                0x0084207c                icmp_timex
                0x008423b0                icmp_du
 .text          0x00842404       0x14 c:/altera/13.0sp1/nios2eds/bin/gnu/h-i686-mingw32/bin/../lib/gcc/nios2-elf/4.1.2/../../../../nios2-elf/lib\libc.a(lib_a-atexit.o)
                0x00842404                atexit
 .text          0x00842418       0x18 c:/altera/13.0sp1/nios2eds/bin/gnu/h-i686-mingw32/bin/../lib/gcc/nios2-elf/4.1.2/../../../../nios2-elf/lib\libc.a(lib_a-atoi.o)
                0x00842418                _atoi_r
                0x00842424                atoi
 .text          0x00842430       0x1c c:/altera/13.0sp1/nios2eds/bin/gnu/h-i686-mingw32/bin/../lib/gcc/nios2-elf/4.1.2/../../../../nios2-elf/lib\libc.a(lib_a-calloc.o)
                0x00842430                calloc
 .text          0x0084244c       0x74 c:/altera/13.0sp1/nios2eds/bin/gnu/h-i686-mingw32/bin/../lib/gcc/nios2-elf/4.1.2/../../../../nios2-elf/lib\libc.a(lib_a-memcmp.o)
                0x0084244c                memcmp
 .text          0x008424c0       0x8c c:/altera/13.0sp1/nios2eds/bin/gnu/h-i686-mingw32/bin/../lib/gcc/nios2-elf/4.1.2/../../../../nios2-elf/lib\libc.a(lib_a-strcpy.o)
                0x008424c0                strcpy
 .text          0x0084254c       0xf0 c:/altera/13.0sp1/nios2eds/bin/gnu/h-i686-mingw32/bin/../lib/gcc/nios2-elf/4.1.2/../../../../nios2-elf/lib\libc.a(lib_a-strncmp.o)
                0x0084254c                strncmp
 .text          0x0084263c      0x268 c:/altera/13.0sp1/nios2eds/bin/gnu/h-i686-mingw32/bin/../lib/gcc/nios2-elf/4.1.2/../../../../nios2-elf/lib\libc.a(lib_a-strtol.o)
                0x0084263c                _strtol_r
                0x00842880                strtol
 .text          0x008428a4       0x34 c:/altera/13.0sp1/nios2eds/bin/gnu/h-i686-mingw32/bin/../lib/gcc/nios2-elf/4.1.2/../../../../nios2-elf/lib\libc.a(lib_a-vprintf.o)
                0x008428a4                _vprintf_r
                0x008428b8                vprintf
 .text          0x008428d8       0x74 c:/altera/13.0sp1/nios2eds/bin/gnu/h-i686-mingw32/bin/../lib/gcc/nios2-elf/4.1.2/../../../../nios2-elf/lib\libc.a(lib_a-vsprintf.o)
                0x008428d8                _vsprintf_r
                0x00842928                vsprintf
 .text          0x0084294c      0x134 c:/altera/13.0sp1/nios2eds/bin/gnu/h-i686-mingw32/bin/../lib/gcc/nios2-elf/4.1.2/../../../../nios2-elf/lib\libc.a(lib_a-__atexit.o)
                0x0084294c                __register_exitproc
 *(.gnu.warning.*)
 *(.fini)
                0x00842a80                PROVIDE (__etext, ABSOLUTE (.))
                0x00842a80                PROVIDE (_etext, ABSOLUTE (.))
                0x00842a80                PROVIDE (etext, ABSOLUTE (.))
 *(.eh_frame_hdr)
                0x00842a80                . = ALIGN (0x4)
                0x00842a80                PROVIDE (__preinit_array_start, ABSOLUTE (.))
 *(.preinit_array)
                0x00842a80                PROVIDE (__preinit_array_end, ABSOLUTE (.))
                0x00842a80                PROVIDE (__init_array_start, ABSOLUTE (.))
 *(.init_array)
                0x00842a80                PROVIDE (__init_array_end, ABSOLUTE (.))
                0x00842a80                PROVIDE (__fini_array_start, ABSOLUTE (.))
 *(.fini_array)
                0x00842a80                PROVIDE (__fini_array_end, ABSOLUTE (.))
 *(.eh_frame)
 *(.gcc_except_table)
 *(.dynamic)
                0x00842a80                PROVIDE (__CTOR_LIST__, ABSOLUTE (.))
 *(.ctors)
 *(SORT(.ctors.*))
 .ctors.65535   0x00842a80        0x4 c:/altera/13.0sp1/nios2eds/bin/gnu/h-i686-mingw32/bin/../lib/gcc/nios2-elf/4.1.2/../../../../nios2-elf/lib\libc.a(lib_a-__call_atexit.o)
                0x00842a84                PROVIDE (__CTOR_END__, ABSOLUTE (.))
                0x00842a84                PROVIDE (__DTOR_LIST__, ABSOLUTE (.))
 *(.dtors)
 *(SORT(.dtors.*))
                0x00842a84                PROVIDE (__DTOR_END__, ABSOLUTE (.))
 *(.jcr)
                0x00842a84                . = ALIGN (0x4)

.rodata         0x00842a84     0x435c
                0x00842a84                PROVIDE (__ram_rodata_start, ABSOLUTE (.))
                0x00842a84                . = ALIGN (0x4)
 *(.rodata .rodata.* .gnu.linkonce.r.*)
 .rodata        0x00842a84       0x90 obj/default/LCD.o
 .rodata        0x00842b14       0xa8 obj/default/SSS_DE2_115.o
 .rodata        0x00842bbc      0xba4 obj/default/alt_error_handler.o
 .rodata        0x00843760       0x64 obj/default/dm9000a.o
 .rodata        0x008437c4      0x300 obj/default/iniche_init.o
 .rodata        0x00843ac4      0x258 obj/default/network_utilities.o
 .rodata        0x00843d1c      0x2e0 obj/default/simple_socket_server.o
 .rodata        0x00843ffc       0x14 c:/altera/13.0sp1/nios2eds/bin/gnu/h-i686-mingw32/bin/../lib/gcc/nios2-elf/4.1.2\libgcc.a(_thenan_df.o)
                0x00843ffc                __thenan_df
 .rodata        0x00844010      0x100 c:/altera/13.0sp1/nios2eds/bin/gnu/h-i686-mingw32/bin/../lib/gcc/nios2-elf/4.1.2\libgcc.a(_clz.o)
                0x00844010                __clz_tab
 .rodata        0x00844110      0x281 c:/altera/13.0sp1/nios2eds/bin/gnu/h-i686-mingw32/bin/../lib/gcc/nios2-elf/4.1.2/../../../../nios2-elf/lib\libc.a(lib_a-ctype_.o)
                0x00844110                _ctype_
 *fill*         0x00844391        0x3 00
 .rodata.str1.4
                0x00844394        0x2 c:/altera/13.0sp1/nios2eds/bin/gnu/h-i686-mingw32/bin/../lib/gcc/nios2-elf/4.1.2/../../../../nios2-elf/lib\libc.a(lib_a-impure.o)
                                  0x4 (size before relaxing)
 *fill*         0x00844396        0x2 00
 .rodata.str1.4
                0x00844398        0x3 c:/altera/13.0sp1/nios2eds/bin/gnu/h-i686-mingw32/bin/../lib/gcc/nios2-elf/4.1.2/../../../../nios2-elf/lib\libc.a(lib_a-perror.o)
                                  0x4 (size before relaxing)
 *fill*         0x0084439b        0x1 00
 .rodata.str1.4
                0x0084439c        0x2 c:/altera/13.0sp1/nios2eds/bin/gnu/h-i686-mingw32/bin/../lib/gcc/nios2-elf/4.1.2/../../../../nios2-elf/lib\libc.a(lib_a-puts.o)
                                  0x4 (size before relaxing)
 *fill*         0x0084439e        0x2 00
 .rodata.str1.4
                0x008443a0      0x7a2 c:/altera/13.0sp1/nios2eds/bin/gnu/h-i686-mingw32/bin/../lib/gcc/nios2-elf/4.1.2/../../../../nios2-elf/lib\libc.a(lib_a-strerror.o)
                                0x7a8 (size before relaxing)
 *fill*         0x00844b42        0x2 00
 .rodata.str1.4
                0x00844b44       0x5e c:/altera/13.0sp1/nios2eds/bin/gnu/h-i686-mingw32/bin/../lib/gcc/nios2-elf/4.1.2/../../../../nios2-elf/lib\libc.a(lib_a-vfprintf.o)
                                 0x60 (size before relaxing)
 .rodata        0x00844ba2       0x20 c:/altera/13.0sp1/nios2eds/bin/gnu/h-i686-mingw32/bin/../lib/gcc/nios2-elf/4.1.2/../../../../nios2-elf/lib\libc.a(lib_a-vfprintf.o)
 *fill*         0x00844bc2        0x2 00
 .rodata.str1.4
                0x00844bc4       0x10 c:/altera/13.0sp1/nios2eds/bin/gnu/h-i686-mingw32/bin/../lib/gcc/nios2-elf/4.1.2/../../../../nios2-elf/lib\libc.a(lib_a-dtoa.o)
                                 0x14 (size before relaxing)
 .rodata.str1.4
                0x00844bd4       0x10 c:/altera/13.0sp1/nios2eds/bin/gnu/h-i686-mingw32/bin/../lib/gcc/nios2-elf/4.1.2/../../../../nios2-elf/lib\libc.a(lib_a-locale.o)
                                 0x18 (size before relaxing)
 .rodata        0x00844be4       0x30 c:/altera/13.0sp1/nios2eds/bin/gnu/h-i686-mingw32/bin/../lib/gcc/nios2-elf/4.1.2/../../../../nios2-elf/lib\libc.a(lib_a-locale.o)
 .rodata        0x00844c14      0x124 c:/altera/13.0sp1/nios2eds/bin/gnu/h-i686-mingw32/bin/../lib/gcc/nios2-elf/4.1.2/../../../../nios2-elf/lib\libc.a(lib_a-mprec.o)
                0x00844c14                __mprec_tens
                0x00844cdc                __mprec_bigtens
                0x00844d04                __mprec_tinytens
 .rodata        0x00844d38       0x14 ../simple_socket_bsp/\libucosii_bsp.a(alt_main.o)
 .rodata        0x00844d4c      0x120 ../simple_socket_bsp/\libucosii_bsp.a(os_core.o)
                0x00844d4c                OSUnMapTbl
 .rodata        0x00844e6c       0x4c ../simple_socket_bsp/\libucosii_bsp.a(alt_sys_init.o)
 .rodata        0x00844eb8       0xd8 ../simple_socket_bsp/\libucosii_bsp.a(ipnet.o)
 .rodata        0x00844f90       0xec ../simple_socket_bsp/\libucosii_bsp.a(ipstart.o)
 .rodata        0x0084507c      0x54c ../simple_socket_bsp/\libucosii_bsp.a(igmp_cmn.o)
 .rodata        0x008455c8       0xb8 ../simple_socket_bsp/\libucosii_bsp.a(in_utils.o)
 .rodata        0x00845680       0x34 ../simple_socket_bsp/\libucosii_bsp.a(netmain.o)
 .rodata        0x008456b4       0x94 ../simple_socket_bsp/\libucosii_bsp.a(parseip.o)
 .rodata        0x00845748      0x1a8 ../simple_socket_bsp/\libucosii_bsp.a(tk_crnos.o)
 .rodata        0x008458f0      0x118 ../simple_socket_bsp/\libucosii_bsp.a(pktalloc.o)
 .rodata        0x00845a08       0x2c ../simple_socket_bsp/\libucosii_bsp.a(brdutils.o)
 .rodata        0x00845a34      0x26c ../simple_socket_bsp/\libucosii_bsp.a(osportco.o)
 .rodata        0x00845ca0       0xa0 ../simple_socket_bsp/\libucosii_bsp.a(targnios.o)
 .rodata        0x00845d40       0x90 ../simple_socket_bsp/\libucosii_bsp.a(nptcp.o)
 .rodata        0x00845dd0        0x8 ../simple_socket_bsp/\libucosii_bsp.a(sockcall.o)
 .rodata        0x00845dd8       0x50 ../simple_socket_bsp/\libucosii_bsp.a(socket.o)
 .rodata        0x00845e28       0x40 ../simple_socket_bsp/\libucosii_bsp.a(socket2.o)
 .rodata        0x00845e68       0x20 ../simple_socket_bsp/\libucosii_bsp.a(tcp_in.o)
 .rodata        0x00845e88       0x40 ../simple_socket_bsp/\libucosii_bsp.a(tcp_out.o)
 .rodata        0x00845ec8       0x24 ../simple_socket_bsp/\libucosii_bsp.a(tcp_subr.o)
 .rodata        0x00845eec       0x2c ../simple_socket_bsp/\libucosii_bsp.a(tcp_usr.o)
 .rodata        0x00845f18        0xc ../simple_socket_bsp/\libucosii_bsp.a(alt_dev.o)
 .rodata        0x00845f24        0x4 ../simple_socket_bsp/\libucosii_bsp.a(os_cpu_c.o)
 .rodata        0x00845f28      0x1d4 ../simple_socket_bsp/\libucosii_bsp.a(allports.o)
 .rodata        0x008460fc       0x34 ../simple_socket_bsp/\libucosii_bsp.a(tk_misc.o)
 .rodata        0x00846130       0x44 ../simple_socket_bsp/\libucosii_bsp.a(et_arp.o)
 .rodata        0x00846174      0x1dc ../simple_socket_bsp/\libucosii_bsp.a(ip.o)
 .rodata        0x00846350      0x158 ../simple_socket_bsp/\libucosii_bsp.a(ip_reasm.o)
 .rodata        0x008464a8      0x120 ../simple_socket_bsp/\libucosii_bsp.a(ipdemux.o)
 .rodata        0x008465c8       0x34 ../simple_socket_bsp/\libucosii_bsp.a(ipport.o)
 .rodata        0x008465fc       0x24 ../simple_socket_bsp/\libucosii_bsp.a(ipraw.o)
 .rodata        0x00846620       0x38 ../simple_socket_bsp/\libucosii_bsp.a(iproute.o)
 .rodata        0x00846658       0xe8 ../simple_socket_bsp/\libucosii_bsp.a(udp.o)
 .rodata        0x00846740      0x2d0 ../simple_socket_bsp/\libucosii_bsp.a(u_mctest.o)
 .rodata        0x00846a10       0x84 ../simple_socket_bsp/\libucosii_bsp.a(udp_open.o)
 .rodata        0x00846a94       0x34 ../simple_socket_bsp/\libucosii_bsp.a(vfsfiles.o)
 .rodata        0x00846ac8      0x318 ../simple_socket_bsp/\libucosii_bsp.a(icmp.o)
 *(.rodata1)
                0x00846de0                . = ALIGN (0x4)
                0x00846de0                PROVIDE (__ram_rodata_end, ABSOLUTE (.))
                0x00842a84                PROVIDE (__flash_rodata_start, LOADADDR (.rodata))

.rwdata         0x00846de0     0x2008
                0x00846de0                PROVIDE (__ram_rwdata_start, ABSOLUTE (.))
                0x00846de0                . = ALIGN (0x4)
 *(.got.plt)
 *(.got)
 *(.data1)
 *(.data .data.* .gnu.linkonce.d.*)
 .data          0x00846de0        0x0 ../simple_socket_bsp//obj/HAL/src/crt0.o
 .data          0x00846de0        0x0 obj/default/LCD.o
 .data          0x00846de0        0x0 obj/default/SSS_DE2_115.o
 .data          0x00846de0        0x0 obj/default/alt_error_handler.o
 .data          0x00846de0        0x0 obj/default/dm9000a.o
 .data          0x00846de0       0x18 obj/default/iniche_init.o
                0x00846de0                ssstask
 .data          0x00846df8        0x0 obj/default/led.o
 .data          0x00846df8        0x0 obj/default/network_utilities.o
 .data          0x00846df8        0x0 obj/default/simple_socket_server.o
 .data          0x00846df8        0x0 obj/default/tse_my_system.o
 .data          0x00846df8        0x0 c:/altera/13.0sp1/nios2eds/bin/gnu/h-i686-mingw32/bin/../lib/gcc/nios2-elf/4.1.2\libgcc.a(_fixunsdfsi.o)
 .data          0x00846df8        0x0 c:/altera/13.0sp1/nios2eds/bin/gnu/h-i686-mingw32/bin/../lib/gcc/nios2-elf/4.1.2\libgcc.a(_addsub_df.o)
 .data          0x00846df8        0x0 c:/altera/13.0sp1/nios2eds/bin/gnu/h-i686-mingw32/bin/../lib/gcc/nios2-elf/4.1.2\libgcc.a(_mul_df.o)
 .data          0x00846df8        0x0 c:/altera/13.0sp1/nios2eds/bin/gnu/h-i686-mingw32/bin/../lib/gcc/nios2-elf/4.1.2\libgcc.a(_ge_df.o)
 .data          0x00846df8        0x0 c:/altera/13.0sp1/nios2eds/bin/gnu/h-i686-mingw32/bin/../lib/gcc/nios2-elf/4.1.2\libgcc.a(_df_to_si.o)
 .data          0x00846df8        0x0 c:/altera/13.0sp1/nios2eds/bin/gnu/h-i686-mingw32/bin/../lib/gcc/nios2-elf/4.1.2\libgcc.a(_thenan_df.o)
 .data          0x00846df8        0x0 c:/altera/13.0sp1/nios2eds/bin/gnu/h-i686-mingw32/bin/../lib/gcc/nios2-elf/4.1.2\libgcc.a(_usi_to_df.o)
 .data          0x00846df8        0x0 c:/altera/13.0sp1/nios2eds/bin/gnu/h-i686-mingw32/bin/../lib/gcc/nios2-elf/4.1.2\libgcc.a(_muldi3.o)
 .data          0x00846df8        0x0 c:/altera/13.0sp1/nios2eds/bin/gnu/h-i686-mingw32/bin/../lib/gcc/nios2-elf/4.1.2\libgcc.a(_clzsi2.o)
 .data          0x00846df8        0x0 c:/altera/13.0sp1/nios2eds/bin/gnu/h-i686-mingw32/bin/../lib/gcc/nios2-elf/4.1.2\libgcc.a(_pack_df.o)
 .data          0x00846df8        0x0 c:/altera/13.0sp1/nios2eds/bin/gnu/h-i686-mingw32/bin/../lib/gcc/nios2-elf/4.1.2\libgcc.a(_unpack_df.o)
 .data          0x00846df8        0x0 c:/altera/13.0sp1/nios2eds/bin/gnu/h-i686-mingw32/bin/../lib/gcc/nios2-elf/4.1.2\libgcc.a(_fpcmp_parts_df.o)
 .data          0x00846df8        0x0 c:/altera/13.0sp1/nios2eds/bin/gnu/h-i686-mingw32/bin/../lib/gcc/nios2-elf/4.1.2\libgcc.a(_clz.o)
 .data          0x00846df8        0x0 c:/altera/13.0sp1/nios2eds/bin/gnu/h-i686-mingw32/bin/../lib/gcc/nios2-elf/4.1.2/../../../../nios2-elf/lib\libc.a(lib_a-ctype_.o)
 .data          0x00846df8        0x0 c:/altera/13.0sp1/nios2eds/bin/gnu/h-i686-mingw32/bin/../lib/gcc/nios2-elf/4.1.2/../../../../nios2-elf/lib\libc.a(lib_a-exit.o)
 .data          0x00846df8        0x0 c:/altera/13.0sp1/nios2eds/bin/gnu/h-i686-mingw32/bin/../lib/gcc/nios2-elf/4.1.2/../../../../nios2-elf/lib\libc.a(lib_a-fprintf.o)
 .data          0x00846df8        0x0 c:/altera/13.0sp1/nios2eds/bin/gnu/h-i686-mingw32/bin/../lib/gcc/nios2-elf/4.1.2/../../../../nios2-elf/lib\libc.a(lib_a-fwrite.o)
 .data          0x00846df8        0x0 c:/altera/13.0sp1/nios2eds/bin/gnu/h-i686-mingw32/bin/../lib/gcc/nios2-elf/4.1.2/../../../../nios2-elf/lib\libc.a(lib_a-getc.o)
 .data          0x00846df8      0x400 c:/altera/13.0sp1/nios2eds/bin/gnu/h-i686-mingw32/bin/../lib/gcc/nios2-elf/4.1.2/../../../../nios2-elf/lib\libc.a(lib_a-impure.o)
 .data          0x008471f8        0x0 c:/altera/13.0sp1/nios2eds/bin/gnu/h-i686-mingw32/bin/../lib/gcc/nios2-elf/4.1.2/../../../../nios2-elf/lib\libc.a(lib_a-malloc.o)
 .data          0x008471f8      0x408 c:/altera/13.0sp1/nios2eds/bin/gnu/h-i686-mingw32/bin/../lib/gcc/nios2-elf/4.1.2/../../../../nios2-elf/lib\libc.a(lib_a-mallocr.o)
                0x008471f8                __malloc_av_
 .data          0x00847600        0x0 c:/altera/13.0sp1/nios2eds/bin/gnu/h-i686-mingw32/bin/../lib/gcc/nios2-elf/4.1.2/../../../../nios2-elf/lib\libc.a(lib_a-memcpy.o)
 .data          0x00847600        0x0 c:/altera/13.0sp1/nios2eds/bin/gnu/h-i686-mingw32/bin/../lib/gcc/nios2-elf/4.1.2/../../../../nios2-elf/lib\libc.a(lib_a-memmove.o)
 .data          0x00847600        0x0 c:/altera/13.0sp1/nios2eds/bin/gnu/h-i686-mingw32/bin/../lib/gcc/nios2-elf/4.1.2/../../../../nios2-elf/lib\libc.a(lib_a-memset.o)
 .data          0x00847600        0x0 c:/altera/13.0sp1/nios2eds/bin/gnu/h-i686-mingw32/bin/../lib/gcc/nios2-elf/4.1.2/../../../../nios2-elf/lib\libc.a(lib_a-perror.o)
 .data          0x00847600        0x0 c:/altera/13.0sp1/nios2eds/bin/gnu/h-i686-mingw32/bin/../lib/gcc/nios2-elf/4.1.2/../../../../nios2-elf/lib\libc.a(lib_a-printf.o)
 .data          0x00847600        0x0 c:/altera/13.0sp1/nios2eds/bin/gnu/h-i686-mingw32/bin/../lib/gcc/nios2-elf/4.1.2/../../../../nios2-elf/lib\libc.a(lib_a-putc.o)
 .data          0x00847600        0x0 c:/altera/13.0sp1/nios2eds/bin/gnu/h-i686-mingw32/bin/../lib/gcc/nios2-elf/4.1.2/../../../../nios2-elf/lib\libc.a(lib_a-putchar.o)
 .data          0x00847600        0x0 c:/altera/13.0sp1/nios2eds/bin/gnu/h-i686-mingw32/bin/../lib/gcc/nios2-elf/4.1.2/../../../../nios2-elf/lib\libc.a(lib_a-puts.o)
 .data          0x00847600        0x0 c:/altera/13.0sp1/nios2eds/bin/gnu/h-i686-mingw32/bin/../lib/gcc/nios2-elf/4.1.2/../../../../nios2-elf/lib\libc.a(lib_a-rget.o)
 .data          0x00847600        0x0 c:/altera/13.0sp1/nios2eds/bin/gnu/h-i686-mingw32/bin/../lib/gcc/nios2-elf/4.1.2/../../../../nios2-elf/lib\libc.a(lib_a-sbrkr.o)
 .data          0x00847600        0x0 c:/altera/13.0sp1/nios2eds/bin/gnu/h-i686-mingw32/bin/../lib/gcc/nios2-elf/4.1.2/../../../../nios2-elf/lib\libc.a(lib_a-sprintf.o)
 .data          0x00847600        0x0 c:/altera/13.0sp1/nios2eds/bin/gnu/h-i686-mingw32/bin/../lib/gcc/nios2-elf/4.1.2/../../../../nios2-elf/lib\libc.a(lib_a-strchr.o)
 .data          0x00847600        0x0 c:/altera/13.0sp1/nios2eds/bin/gnu/h-i686-mingw32/bin/../lib/gcc/nios2-elf/4.1.2/../../../../nios2-elf/lib\libc.a(lib_a-strerror.o)
 .data          0x00847600        0x0 c:/altera/13.0sp1/nios2eds/bin/gnu/h-i686-mingw32/bin/../lib/gcc/nios2-elf/4.1.2/../../../../nios2-elf/lib\libc.a(lib_a-strlen.o)
 .data          0x00847600        0x0 c:/altera/13.0sp1/nios2eds/bin/gnu/h-i686-mingw32/bin/../lib/gcc/nios2-elf/4.1.2/../../../../nios2-elf/lib\libc.a(lib_a-u_strerr.o)
 .data          0x00847600        0x0 c:/altera/13.0sp1/nios2eds/bin/gnu/h-i686-mingw32/bin/../lib/gcc/nios2-elf/4.1.2/../../../../nios2-elf/lib\libc.a(lib_a-vfprintf.o)
 .data          0x00847600        0x0 c:/altera/13.0sp1/nios2eds/bin/gnu/h-i686-mingw32/bin/../lib/gcc/nios2-elf/4.1.2/../../../../nios2-elf/lib\libc.a(lib_a-wbuf.o)
 .data          0x00847600        0x0 c:/altera/13.0sp1/nios2eds/bin/gnu/h-i686-mingw32/bin/../lib/gcc/nios2-elf/4.1.2/../../../../nios2-elf/lib\libc.a(lib_a-wsetup.o)
 .data          0x00847600        0x0 c:/altera/13.0sp1/nios2eds/bin/gnu/h-i686-mingw32/bin/../lib/gcc/nios2-elf/4.1.2/../../../../nios2-elf/lib\libc.a(lib_a-__call_atexit.o)
 .data          0x00847600        0x0 c:/altera/13.0sp1/nios2eds/bin/gnu/h-i686-mingw32/bin/../lib/gcc/nios2-elf/4.1.2/../../../../nios2-elf/lib\libc.a(lib_a-dtoa.o)
 .data          0x00847600        0x0 c:/altera/13.0sp1/nios2eds/bin/gnu/h-i686-mingw32/bin/../lib/gcc/nios2-elf/4.1.2/../../../../nios2-elf/lib\libc.a(lib_a-fflush.o)
 .data          0x00847600        0x0 c:/altera/13.0sp1/nios2eds/bin/gnu/h-i686-mingw32/bin/../lib/gcc/nios2-elf/4.1.2/../../../../nios2-elf/lib\libc.a(lib_a-findfp.o)
 .data          0x00847600        0x0 c:/altera/13.0sp1/nios2eds/bin/gnu/h-i686-mingw32/bin/../lib/gcc/nios2-elf/4.1.2/../../../../nios2-elf/lib\libc.a(lib_a-fputc.o)
 .data          0x00847600        0x0 c:/altera/13.0sp1/nios2eds/bin/gnu/h-i686-mingw32/bin/../lib/gcc/nios2-elf/4.1.2/../../../../nios2-elf/lib\libc.a(lib_a-fputs.o)
 .data          0x00847600        0x0 c:/altera/13.0sp1/nios2eds/bin/gnu/h-i686-mingw32/bin/../lib/gcc/nios2-elf/4.1.2/../../../../nios2-elf/lib\libc.a(lib_a-freer.o)
 .data          0x00847600        0x0 c:/altera/13.0sp1/nios2eds/bin/gnu/h-i686-mingw32/bin/../lib/gcc/nios2-elf/4.1.2/../../../../nios2-elf/lib\libc.a(lib_a-fvwrite.o)
 .data          0x00847600        0x0 c:/altera/13.0sp1/nios2eds/bin/gnu/h-i686-mingw32/bin/../lib/gcc/nios2-elf/4.1.2/../../../../nios2-elf/lib\libc.a(lib_a-fwalk.o)
 .data          0x00847600        0x0 c:/altera/13.0sp1/nios2eds/bin/gnu/h-i686-mingw32/bin/../lib/gcc/nios2-elf/4.1.2/../../../../nios2-elf/lib\libc.a(lib_a-int_errno.o)
 .data          0x00847600        0xc c:/altera/13.0sp1/nios2eds/bin/gnu/h-i686-mingw32/bin/../lib/gcc/nios2-elf/4.1.2/../../../../nios2-elf/lib\libc.a(lib_a-locale.o)
                0x00847600                __lc_ctype
 .data          0x0084760c        0x0 c:/altera/13.0sp1/nios2eds/bin/gnu/h-i686-mingw32/bin/../lib/gcc/nios2-elf/4.1.2/../../../../nios2-elf/lib\libc.a(lib_a-makebuf.o)
 .data          0x0084760c        0x0 c:/altera/13.0sp1/nios2eds/bin/gnu/h-i686-mingw32/bin/../lib/gcc/nios2-elf/4.1.2/../../../../nios2-elf/lib\libc.a(lib_a-memchr.o)
 .data          0x0084760c        0x0 c:/altera/13.0sp1/nios2eds/bin/gnu/h-i686-mingw32/bin/../lib/gcc/nios2-elf/4.1.2/../../../../nios2-elf/lib\libc.a(lib_a-mprec.o)
 .data          0x0084760c        0x0 c:/altera/13.0sp1/nios2eds/bin/gnu/h-i686-mingw32/bin/../lib/gcc/nios2-elf/4.1.2/../../../../nios2-elf/lib\libc.a(lib_a-reallocr.o)
 .data          0x0084760c        0x0 c:/altera/13.0sp1/nios2eds/bin/gnu/h-i686-mingw32/bin/../lib/gcc/nios2-elf/4.1.2/../../../../nios2-elf/lib\libc.a(lib_a-refill.o)
 .data          0x0084760c        0x0 c:/altera/13.0sp1/nios2eds/bin/gnu/h-i686-mingw32/bin/../lib/gcc/nios2-elf/4.1.2/../../../../nios2-elf/lib\libc.a(lib_a-s_isinfd.o)
 .data          0x0084760c        0x0 c:/altera/13.0sp1/nios2eds/bin/gnu/h-i686-mingw32/bin/../lib/gcc/nios2-elf/4.1.2/../../../../nios2-elf/lib\libc.a(lib_a-s_isnand.o)
 .data          0x0084760c        0x0 c:/altera/13.0sp1/nios2eds/bin/gnu/h-i686-mingw32/bin/../lib/gcc/nios2-elf/4.1.2/../../../../nios2-elf/lib\libc.a(lib_a-stdio.o)
 .data          0x0084760c        0x0 c:/altera/13.0sp1/nios2eds/bin/gnu/h-i686-mingw32/bin/../lib/gcc/nios2-elf/4.1.2/../../../../nios2-elf/lib\libc.a(lib_a-strcmp.o)
 .data          0x0084760c        0x0 c:/altera/13.0sp1/nios2eds/bin/gnu/h-i686-mingw32/bin/../lib/gcc/nios2-elf/4.1.2/../../../../nios2-elf/lib\libc.a(lib_a-writer.o)
 .data          0x0084760c        0x0 c:/altera/13.0sp1/nios2eds/bin/gnu/h-i686-mingw32/bin/../lib/gcc/nios2-elf/4.1.2/../../../../nios2-elf/lib\libc.a(lib_a-callocr.o)
 .data          0x0084760c        0x0 c:/altera/13.0sp1/nios2eds/bin/gnu/h-i686-mingw32/bin/../lib/gcc/nios2-elf/4.1.2/../../../../nios2-elf/lib\libc.a(lib_a-closer.o)
 .data          0x0084760c        0x0 c:/altera/13.0sp1/nios2eds/bin/gnu/h-i686-mingw32/bin/../lib/gcc/nios2-elf/4.1.2/../../../../nios2-elf/lib\libc.a(lib_a-fclose.o)
 .data          0x0084760c        0x0 c:/altera/13.0sp1/nios2eds/bin/gnu/h-i686-mingw32/bin/../lib/gcc/nios2-elf/4.1.2/../../../../nios2-elf/lib\libc.a(lib_a-fstatr.o)
 .data          0x0084760c        0x0 c:/altera/13.0sp1/nios2eds/bin/gnu/h-i686-mingw32/bin/../lib/gcc/nios2-elf/4.1.2/../../../../nios2-elf/lib\libc.a(lib_a-isattyr.o)
 .data          0x0084760c        0x0 c:/altera/13.0sp1/nios2eds/bin/gnu/h-i686-mingw32/bin/../lib/gcc/nios2-elf/4.1.2/../../../../nios2-elf/lib\libc.a(lib_a-lseekr.o)
 .data          0x0084760c        0x0 c:/altera/13.0sp1/nios2eds/bin/gnu/h-i686-mingw32/bin/../lib/gcc/nios2-elf/4.1.2/../../../../nios2-elf/lib\libc.a(lib_a-readr.o)
 .data          0x0084760c        0x0 c:/altera/13.0sp1/nios2eds/bin/gnu/h-i686-mingw32/bin/../lib/gcc/nios2-elf/4.1.2\libgcc.a(_udivdi3.o)
 .data          0x0084760c        0x0 c:/altera/13.0sp1/nios2eds/bin/gnu/h-i686-mingw32/bin/../lib/gcc/nios2-elf/4.1.2\libgcc.a(_umoddi3.o)