Archive member included because of file (symbol)

c:/altera/13.0sp1/nios2eds/bin/gnu/h-i686-mingw32/bin/../lib/gcc/nios2-elf/4.1.2\libgcc.a(_fixunsdfsi.o)
                              obj/default/dm9000a.o (__fixunsdfsi)
c:/altera/13.0sp1/nios2eds/bin/gnu/h-i686-mingw32/bin/../lib/gcc/nios2-elf/4.1.2\libgcc.a(_addsub_df.o)
                              c:/altera/13.0sp1/nios2eds/bin/gnu/h-i686-mingw32/bin/../lib/gcc/nios2-elf/4.1.2\libgcc.a(_fixunsdfsi.o) (__subdf3)
c:/altera/13.0sp1/nios2eds/bin/gnu/h-i686-mingw32/bin/../lib/gcc/nios2-elf/4.1.2\libgcc.a(_mul_df.o)
                              obj/default/dm9000a.o (__muldf3)
c:/altera/13.0sp1/nios2eds/bin/gnu/h-i686-mingw32/bin/../lib/gcc/nios2-elf/4.1.2\libgcc.a(_ge_df.o)
                              c:/altera/13.0sp1/nios2eds/bin/gnu/h-i686-mingw32/bin/../lib/gcc/nios2-elf/4.1.2\libgcc.a(_fixunsdfsi.o) (__gedf2)
c:/altera/13.0sp1/nios2eds/bin/gnu/h-i686-mingw32/bin/../lib/gcc/nios2-elf/4.1.2\libgcc.a(_df_to_si.o)
                              c:/altera/13.0sp1/nios2eds/bin/gnu/h-i686-mingw32/bin/../lib/gcc/nios2-elf/4.1.2\libgcc.a(_fixunsdfsi.o) (__fixdfsi)
c:/altera/13.0sp1/nios2eds/bin/gnu/h-i686-mingw32/bin/../lib/gcc/nios2-elf/4.1.2\libgcc.a(_thenan_df.o)
                              c:/altera/13.0sp1/nios2eds/bin/gnu/h-i686-mingw32/bin/../lib/gcc/nios2-elf/4.1.2\libgcc.a(_addsub_df.o) (__thenan_df)
c:/altera/13.0sp1/nios2eds/bin/gnu/h-i686-mingw32/bin/../lib/gcc/nios2-elf/4.1.2\libgcc.a(_usi_to_df.o)
                              obj/default/dm9000a.o (__floatunsidf)
c:/altera/13.0sp1/nios2eds/bin/gnu/h-i686-mingw32/bin/../lib/gcc/nios2-elf/4.1.2\libgcc.a(_muldi3.o)
                              c:/altera/13.0sp1/nios2eds/bin/gnu/h-i686-mingw32/bin/../lib/gcc/nios2-elf/4.1.2\libgcc.a(_mul_df.o) (__muldi3)
c:/altera/13.0sp1/nios2eds/bin/gnu/h-i686-mingw32/bin/../lib/gcc/nios2-elf/4.1.2\libgcc.a(_clzsi2.o)
                              c:/altera/13.0sp1/nios2eds/bin/gnu/h-i686-mingw32/bin/../lib/gcc/nios2-elf/4.1.2\libgcc.a(_usi_to_df.o) (__clzsi2)
c:/altera/13.0sp1/nios2eds/bin/gnu/h-i686-mingw32/bin/../lib/gcc/nios2-elf/4.1.2\libgcc.a(_pack_df.o)
                              c:/altera/13.0sp1/nios2eds/bin/gnu/h-i686-mingw32/bin/../lib/gcc/nios2-elf/4.1.2\libgcc.a(_addsub_df.o) (__pack_d)
c:/altera/13.0sp1/nios2eds/bin/gnu/h-i686-mingw32/bin/../lib/gcc/nios2-elf/4.1.2\libgcc.a(_unpack_df.o)
                              c:/altera/13.0sp1/nios2eds/bin/gnu/h-i686-mingw32/bin/../lib/gcc/nios2-elf/4.1.2\libgcc.a(_addsub_df.o) (__unpack_d)
c:/altera/13.0sp1/nios2eds/bin/gnu/h-i686-mingw32/bin/../lib/gcc/nios2-elf/4.1.2\libgcc.a(_fpcmp_parts_df.o)
                              c:/altera/13.0sp1/nios2eds/bin/gnu/h-i686-mingw32/bin/../lib/gcc/nios2-elf/4.1.2\libgcc.a(_ge_df.o) (__fpcmp_parts_d)
c:/altera/13.0sp1/nios2eds/bin/gnu/h-i686-mingw32/bin/../lib/gcc/nios2-elf/4.1.2\libgcc.a(_clz.o)
                              c:/altera/13.0sp1/nios2eds/bin/gnu/h-i686-mingw32/bin/../lib/gcc/nios2-elf/4.1.2\libgcc.a(_clzsi2.o) (__clz_tab)
c:/altera/13.0sp1/nios2eds/bin/gnu/h-i686-mingw32/bin/../lib/gcc/nios2-elf/4.1.2/../../../../nios2-elf/lib\libc.a(lib_a-atoi.o)
                              obj/default/iniche_init.o (atoi)
c:/altera/13.0sp1/nios2eds/bin/gnu/h-i686-mingw32/bin/../lib/gcc/nios2-elf/4.1.2/../../../../nios2-elf/lib\libc.a(lib_a-ctype_.o)
                              obj/default/network_utilities.o (__ctype_ptr)
c:/altera/13.0sp1/nios2eds/bin/gnu/h-i686-mingw32/bin/../lib/gcc/nios2-elf/4.1.2/../../../../nios2-elf/lib\libc.a(lib_a-exit.o)
                              obj/default/iniche_init.o (exit)
c:/altera/13.0sp1/nios2eds/bin/gnu/h-i686-mingw32/bin/../lib/gcc/nios2-elf/4.1.2/../../../../nios2-elf/lib\libc.a(lib_a-fprintf.o)
                              obj/default/alt_error_handler.o (fprintf)
c:/altera/13.0sp1/nios2eds/bin/gnu/h-i686-mingw32/bin/../lib/gcc/nios2-elf/4.1.2/../../../../nios2-elf/lib\libc.a(lib_a-fwrite.o)
                              obj/default/alt_error_handler.o (fwrite)
c:/altera/13.0sp1/nios2eds/bin/gnu/h-i686-mingw32/bin/../lib/gcc/nios2-elf/4.1.2/../../../../nios2-elf/lib\libc.a(lib_a-getc.o)
                              obj/default/network_utilities.o (getc)
c:/altera/13.0sp1/nios2eds/bin/gnu/h-i686-mingw32/bin/../lib/gcc/nios2-elf/4.1.2/../../../../nios2-elf/lib\libc.a(lib_a-impure.o)
                              obj/default/alt_error_handler.o (_impure_ptr)
c:/altera/13.0sp1/nios2eds/bin/gnu/h-i686-mingw32/bin/../lib/gcc/nios2-elf/4.1.2/../../../../nios2-elf/lib\libc.a(lib_a-memcpy.o)
                              obj/default/simple_socket_server.o (memcpy)
c:/altera/13.0sp1/nios2eds/bin/gnu/h-i686-mingw32/bin/../lib/gcc/nios2-elf/4.1.2/../../../../nios2-elf/lib\libc.a(lib_a-memmove.o)
                              obj/default/simple_socket_server.o (memmove)
c:/altera/13.0sp1/nios2eds/bin/gnu/h-i686-mingw32/bin/../lib/gcc/nios2-elf/4.1.2/../../../../nios2-elf/lib\libc.a(lib_a-memset.o)
[...]
Memory Configuration

Name             Origin             Length             Attributes
sdram_0_BEFORE_EXCEPTION 0x00800000         0x00000020
sdram_0          0x00800020         0x007fffe0
reset            0x01400000         0x00000020
cfi_flash_0      0x01400020         0x003fffe0
sram_0           0x01a00000         0x00080000
epcs_controller  0x01a81000         0x00000800
*default*        0x00000000         0xffffffff

Linker script and memory map

LOAD ../simple_socket_bsp//obj/HAL/src/crt0.o
LOAD obj/default/LCD.o
LOAD obj/default/SSS_DE2_115.o
LOAD obj/default/alt_error_handler.o
LOAD obj/default/dm9000a.o
LOAD obj/default/iniche_init.o
LOAD obj/default/led.o
LOAD obj/default/network_utilities.o
LOAD obj/default/simple_socket_server.o
LOAD obj/default/tse_my_system.o
LOAD c:/altera/13.0sp1/nios2eds/bin/gnu/h-i686-mingw32/bin/../lib/gcc/nios2-elf/4.1.2/../../../../nios2-elf/lib\libstdc++.a
LOAD c:/altera/13.0sp1/nios2eds/bin/gnu/h-i686-mingw32/bin/../lib/gcc/nios2-elf/4.1.2/../../../../nios2-elf/lib\libm.a
LOAD c:/altera/13.0sp1/nios2eds/bin/gnu/h-i686-mingw32/bin/../lib/gcc/nios2-elf/4.1.2\libgcc.a
START GROUP
LOAD c:/altera/13.0sp1/nios2eds/bin/gnu/h-i686-mingw32/bin/../lib/gcc/nios2-elf/4.1.2/../../../../nios2-elf/lib\libc.a
LOAD c:/altera/13.0sp1/nios2eds/bin/gnu/h-i686-mingw32/bin/../lib/gcc/nios2-elf/4.1.2\libgcc.a
LOAD ../simple_socket_bsp/\libucosii_bsp.a
END GROUP
LOAD c:/altera/13.0sp1/nios2eds/bin/gnu/h-i686-mingw32/bin/../lib/gcc/nios2-elf/4.1.2\libgcc.a
                0x00800000                __alt_mem_sdram_0 = 0x800000
                0x01400000                __alt_mem_cfi_flash_0 = 0x1400000
                0x01a00000                __alt_mem_sram_0 = 0x1a00000
                0x01a81000                __alt_mem_epcs_controller = 0x1a81000

.entry          0x01400000        0x0
 *(.entry)
 .entry         0x01400000        0x0 ../simple_socket_bsp//obj/HAL/src/crt0.o
                0x01400000                __reset

.exceptions     0x00800020      0x19c
                0x00800020                PROVIDE (__ram_exceptions_start, ABSOLUTE (.))
                0x00800020                . = ALIGN (0x20)
 *(.irq)
 *(.exceptions.entry.label)
 .exceptions.entry.label
                0x00800020        0x0 ../simple_socket_bsp/\libucosii_bsp.a(alt_irq_entry.o)
                0x00800020                alt_irq_entry
 .exceptions.entry.label
                0x00800020        0x0 ../simple_socket_bsp/\libucosii_bsp.a(alt_exception_entry.o)
                0x00800020                alt_exception
 *(.exceptions.entry.user)
 *(.exceptions.entry)
 .exceptions.entry
                0x00800020       0x54 ../simple_socket_bsp/\libucosii_bsp.a(alt_exception_entry.o)
 *(.exceptions.irqtest.user)
 *(.exceptions.irqtest)
 .exceptions.irqtest
                0x00800074       0x10 ../simple_socket_bsp/\libucosii_bsp.a(alt_irq_entry.o)
 *(.exceptions.irqhandler.user)
 *(.exceptions.irqhandler)
 .exceptions.irqhandler
                0x00800084        0x4 ../simple_socket_bsp/\libucosii_bsp.a(alt_irq_entry.o)
 *(.exceptions.irqreturn.user)
 *(.exceptions.irqreturn)
 .exceptions.irqreturn
                0x00800088        0x4 ../simple_socket_bsp/\libucosii_bsp.a(alt_irq_entry.o)
 *(.exceptions.notirq.label)
 .exceptions.notirq.label
                0x0080008c        0x0 ../simple_socket_bsp/\libucosii_bsp.a(alt_irq_entry.o)
 *(.exceptions.notirq.user)
 *(.exceptions.notirq)
 .exceptions.notirq
                0x0080008c        0x8 ../simple_socket_bsp/\libucosii_bsp.a(alt_exception_entry.o)
 *(.exceptions.soft.user)
 *(.exceptions.soft)
 *(.exceptions.unknown.user)
 *(.exceptions.unknown)
 .exceptions.unknown
                0x00800094        0x4 ../simple_socket_bsp/\libucosii_bsp.a(alt_exception_entry.o)
 *(.exceptions.exit.label)
 .exceptions.exit.label
                0x00800098        0x0 ../simple_socket_bsp/\libucosii_bsp.a(alt_irq_entry.o)
 .exceptions.exit.label
                0x00800098        0x0 ../simple_socket_bsp/\libucosii_bsp.a(alt_exception_entry.o)
 *(.exceptions.exit.user)
 *(.exceptions.exit)
 .exceptions.exit
                0x00800098       0x54 ../simple_socket_bsp/\libucosii_bsp.a(alt_exception_entry.o)
 *(.exceptions)
 .exceptions    0x008000ec       0xd0 ../simple_socket_bsp/\libucosii_bsp.a(alt_irq_handler.o)
                0x008000ec                alt_irq_handler
                0x008001bc                PROVIDE (__ram_exceptions_end, ABSOLUTE (.))
                0x00800020                PROVIDE (__flash_exceptions_start, LOADADDR (.exceptions))

.text           0x008001bc    0x424f8
                0x008001bc                PROVIDE (stext, ABSOLUTE (.))
 *(.interp)
 *(.hash)
 *(.dynsym)
 *(.dynstr)
 *(.gnu.version)
 *(.gnu.version_d)
 *(.gnu.version_r)
 *(.rel.init)
 *(.rela.init)
 *(.rel.text .rel.text.* .rel.gnu.linkonce.t.*)
 *(.rela.text .rela.text.* .rela.gnu.linkonce.t.*)
 *(.rel.fini)
 *(.rela.fini)
 *(.rel.rodata .rel.rodata.* .rel.gnu.linkonce.r.*)
 *(.rela.rodata .rela.rodata.* .rela.gnu.linkonce.r.*)
 *(.rel.data .rel.data.* .rel.gnu.linkonce.d.*)
 *(.rela.data .rela.data.* .rela.gnu.linkonce.d.*)
 *(.rel.tdata .rel.tdata.* .rel.gnu.linkonce.td.*)
 *(.rela.tdata .rela.tdata.* .rela.gnu.linkonce.td.*)
 *(.rel.tbss .rel.tbss.* .rel.gnu.linkonce.tb.*)
 *(.rela.tbss .rela.tbss.* .rela.gnu.linkonce.tb.*)
 *(.rel.ctors)
 *(.rela.ctors)
 *(.rel.dtors)
 *(.rela.dtors)
 *(.rel.got)
 *(.rela.got)
 *(.rel.sdata .rel.sdata.* .rel.gnu.linkonce.s.*)
 *(.rela.sdata .rela.sdata.* .rela.gnu.linkonce.s.*)
 *(.rel.sbss .rel.sbss.* .rel.gnu.linkonce.sb.*)
 *(.rela.sbss .rela.sbss.* .rela.gnu.linkonce.sb.*)
 *(.rel.sdata2 .rel.sdata2.* .rel.gnu.linkonce.s2.*)
 *(.rela.sdata2 .rela.sdata2.* .rela.gnu.linkonce.s2.*)
 *(.rel.sbss2 .rel.sbss2.* .rel.gnu.linkonce.sb2.*)
 *(.rela.sbss2 .rela.sbss2.* .rela.gnu.linkonce.sb2.*)
 *(.rel.bss .rel.bss.* .rel.gnu.linkonce.b.*)
 *(.rela.bss .rela.bss.* .rela.gnu.linkonce.b.*)
 *(.rel.plt)
 *(.rela.plt)
 *(.rel.dyn)
 *(.init)
 *(.plt)
 *(.text .stub .text.* .gnu.linkonce.t.*)
 .text          0x008001bc       0x48 ../simple_socket_bsp//obj/HAL/src/crt0.o
                0x008001bc                _start
 .text          0x00800204      0x2f4 obj/default/LCD.o
                0x00800204                lcdInit
                0x00800234                lcdIsBusy
                0x00800278                send
                0x008002a8                clearLcd
                0x008002f4                returnHomeLcd
                0x00800338                writeCharLcd
                0x008003a0                writeStrLcd
                0x00800418                setLineToWriteLcd
                0x00800484                updateValue
 .text          0x008004f8      0x2ec obj/default/SSS_DE2_115.o
                0x008004f8                get_DE2_115_mac_addr
                0x008006a0                FindLastFlashSectorOffset
 .text          0x008007e4      0xba8 obj/default/alt_error_handler.o
                0x008007e4                alt_uCOSIIErrorHandler
                0x00800e08                alt_NetworkErrorHandler
                0x008010a0                alt_SSSErrorHandler
 .text          0x0080138c      0xe48 obj/default/dm9000a.o
                0x0080138c                dm9000a_iow
                0x008013e0                dm9000a_ior
                0x0080142c                phy_write
                0x008014c8                dm9000a_reset
                0x0080168c                TransmitPacket
                0x008017a8                prep_dm9000a
                0x008019c4                dm9000a_init
                0x00801e14                dm9Ka_isr_wrap
                0x00801e54                dm9ka_init
                0x00801f4c                dm9ka_close
                0x0080205c                dm9ka_stats
                0x008020b8                dm9ka_pkt_send
 .text          0x008021d4      0x23c obj/default/iniche_init.o
                0x008021d4                SSSInitialTask
                0x00802314                main
 .text          0x00802410      0x324 obj/default/led.o
                0x00802410                led_bit_toggle
                0x008024dc                LED7SegLightshowTask
                0x00802550                LEDManagementTask
 .text          0x00802734      0x894 obj/default/network_utilities.o
                0x00802734                get_mac_addr
                0x0080278c                get_ip_addr
                0x00802958                get_serial_number
                0x00802b34                generate_and_store_mac_addr
                0x00802cf8                generate_mac_addr
                0x00802e34                get_board_mac_addr
 .text          0x00802fc8      0x9f8 obj/default/simple_socket_server.o
                0x00802fc8                SSSCreateOSDataStructs
                0x00803070                SSSCreateTasks
                0x00803134                sss_reset_connection
                0x008031a4                sss_send_menu
                0x00803334                sss_handle_accept
                0x008033f4                sss_exec_command
                0x00803568                sss_handle_receive
                0x00803754                SSSSimpleSocketServerTask
 .text          0x008039c0        0x0 obj/default/tse_my_system.o
 .text          0x008039c0       0xa4 c:/altera/13.0sp1/nios2eds/bin/gnu/h-i686-mingw32/bin/../lib/gcc/nios2-elf/4.1.2\libgcc.a(_fixunsdfsi.o)
                0x008039c0                __fixunsdfsi
 .text          0x00803a64      0x504 c:/altera/13.0sp1/nios2eds/bin/gnu/h-i686-mingw32/bin/../lib/gcc/nios2-elf/4.1.2\libgcc.a(_addsub_df.o)
                0x00803e74                __subdf3
                0x00803ef4                __adddf3
 .text          0x00803f68      0x3c4 c:/altera/13.0sp1/nios2eds/bin/gnu/h-i686-mingw32/bin/../lib/gcc/nios2-elf/4.1.2\libgcc.a(_mul_df.o)
                0x00803f68                __muldf3
 .text          0x0080432c       0x88 c:/altera/13.0sp1/nios2eds/bin/gnu/h-i686-mingw32/bin/../lib/gcc/nios2-elf/4.1.2\libgcc.a(_ge_df.o)
                0x0080432c                __gedf2
 .text          0x008043b4       0xd8 c:/altera/13.0sp1/nios2eds/bin/gnu/h-i686-mingw32/bin/../lib/gcc/nios2-elf/4.1.2\libgcc.a(_df_to_si.o)
                0x008043b4                __fixdfsi
 .text          0x0080448c        0x0 c:/altera/13.0sp1/nios2eds/bin/gnu/h-i686-mingw32/bin/../lib/gcc/nios2-elf/4.1.2\libgcc.a(_thenan_df.o)
 .text          0x0080448c      0x194 c:/altera/13.0sp1/nios2eds/bin/gnu/h-i686-mingw32/bin/../lib/gcc/nios2-elf/4.1.2\libgcc.a(_usi_to_df.o)
                0x0080448c                __floatunsidf
 .text          0x00804620       0x98 c:/altera/13.0sp1/nios2eds/bin/gnu/h-i686-mingw32/bin/../lib/gcc/nios2-elf/4.1.2\libgcc.a(_muldi3.o)
                0x00804620                __muldi3
 .text          0x008046b8       0x80 c:/altera/13.0sp1/nios2eds/bin/gnu/h-i686-mingw32/bin/../lib/gcc/nios2-elf/4.1.2\libgcc.a(_clzsi2.o)
                0x008046b8                __clzsi2
 .text          0x00804738      0x314 c:/altera/13.0sp1/nios2eds/bin/gnu/h-i686-mingw32/bin/../lib/gcc/nios2-elf/4.1.2\libgcc.a(_pack_df.o)
                0x00804738                __pack_d
 .text          0x00804a4c      0x138 c:/altera/13.0sp1/nios2eds/bin/gnu/h-i686-mingw32/bin/../lib/gcc/nios2-elf/4.1.2\libgcc.a(_unpack_df.o)
                0x00804a4c                __unpack_d
 .text          0x00804b84       0xc8 c:/altera/13.0sp1/nios2eds/bin/gnu/h-i686-mingw32/bin/../lib/gcc/nios2-elf/4.1.2\libgcc.a(_fpcmp_parts_df.o)
                0x00804b84                __fpcmp_parts_d
 .text          0x00804c4c        0x0 c:/altera/13.0sp1/nios2eds/bin/gnu/h-i686-mingw32/bin/../lib/gcc/nios2-elf/4.1.2\libgcc.a(_clz.o)
 .text          0x00804c4c       0x18 c:/altera/13.0sp1/nios2eds/bin/gnu/h-i686-mingw32/bin/../lib/gcc/nios2-elf/4.1.2/../../../../nios2-elf/lib\libc.a(lib_a-atoi.o)
                0x00804c4c                _atoi_r
                0x00804c58                atoi
 .text          0x00804c64        0x0 c:/altera/13.0sp1/nios2eds/bin/gnu/h-i686-mingw32/bin/../lib/gcc/nios2-elf/4.1.2/../../../../nios2-elf/lib\libc.a(lib_a-ctype_.o)
 .text          0x00804c64       0x38 c:/altera/13.0sp1/nios2eds/bin/gnu/h-i686-mingw32/bin/../lib/gcc/nios2-elf/4.1.2/../../../../nios2-elf/lib\libc.a(lib_a-exit.o)
                0x00804c64                exit
 .text          0x00804c9c       0x60 c:/altera/13.0sp1/nios2eds/bin/gnu/h-i686-mingw32/bin/../lib/gcc/nios2-elf/4.1.2/../../../../nios2-elf/lib\libc.a(lib_a-fprintf.o)
                0x00804c9c                fprintf
                0x00804cc8                _fprintf_r
 .text          0x00804cfc       0xdc c:/altera/13.0sp1/nios2eds/bin/gnu/h-i686-mingw32/bin/../lib/gcc/nios2-elf/4.1.2/../../../../nios2-elf/lib\libc.a(lib_a-fwrite.o)
                0x00804cfc                _fwrite_r
                0x00804d98                fwrite
 .text          0x00804dd8      0x128 c:/altera/13.0sp1/nios2eds/bin/gnu/h-i686-mingw32/bin/../lib/gcc/nios2-elf/4.1.2/../../../../nios2-elf/lib\libc.a(lib_a-getc.o)
                0x00804dd8                getc
                0x00804e70                _getc_r
 .text          0x00804f00        0x0 c:/altera/13.0sp1/nios2eds/bin/gnu/h-i686-mingw32/bin/../lib/gcc/nios2-elf/4.1.2/../../../../nios2-elf/lib\libc.a(lib_a-impure.o)
 .text          0x00804f00       0xa0 c:/altera/13.0sp1/nios2eds/bin/gnu/h-i686-mingw32/bin/../lib/gcc/nios2-elf/4.1.2/../../../../nios2-elf/lib\libc.a(lib_a-memcpy.o)
                0x00804f00                memcpy
 .text          0x00804fa0       0xe0 c:/altera/13.0sp1/nios2eds/bin/gnu/h-i686-mingw32/bin/../lib/gcc/nios2-elf/4.1.2/../../../../nios2-elf/lib\libc.a(lib_a-memmove.o)
                0x00804fa0                memmove
 .text          0x00805080       0x98 c:/altera/13.0sp1/nios2eds/bin/gnu/h-i686-mingw32/bin/../lib/gcc/nios2-elf/4.1.2/../../../../nios2-elf/lib\libc.a(lib_a-memset.o)
                0x00805080                memset
 .text          0x00805118       0x80 c:/altera/13.0sp1/nios2eds/bin/gnu/h-i686-mingw32/bin/../lib/gcc/nios2-elf/4.1.2/../../../../nios2-elf/lib\libc.a(lib_a-perror.o)
                0x00805118                _perror_r
                0x00805184                perror
 .text          0x00805198       0x78 c:/altera/13.0sp1/nios2eds/bin/gnu/h-i686-mingw32/bin/../lib/gcc/nios2-elf/4.1.2/../../../../nios2-elf/lib\libc.a(lib_a-printf.o)
                0x00805198                printf
                0x008051dc                _printf_r
 .text          0x00805210      0x1ec c:/altera/13.0sp1/nios2eds/bin/gnu/h-i686-mingw32/bin/../lib/gcc/nios2-elf/4.1.2/../../../../nios2-elf/lib\libc.a(lib_a-putc.o)
                0x00805210                putc
                0x00805314                _putc_r
 .text          0x008053fc       0x24 c:/altera/13.0sp1/nios2eds/bin/gnu/h-i686-mingw32/bin/../lib/gcc/nios2-elf/4.1.2/../../../../nios2-elf/lib\libc.a(lib_a-putchar.o)
                0x008053fc                putchar
                0x00805418                _putchar_r
 .text          0x00805420       0xb4 c:/altera/13.0sp1/nios2eds/bin/gnu/h-i686-mingw32/bin/../lib/gcc/nios2-elf/4.1.2/../../../../nios2-elf/lib\libc.a(lib_a-puts.o)
                0x00805420                _puts_r
                0x008054c0                puts
 .text          0x008054d4       0x60 c:/altera/13.0sp1/nios2eds/bin/gnu/h-i686-mingw32/bin/../lib/gcc/nios2-elf/4.1.2/../../../../nios2-elf/lib\libc.a(lib_a-rget.o)
                0x008054d4                __srget_r
                0x00805520                __srget
 .text          0x00805534       0xd4 c:/altera/13.0sp1/nios2eds/bin/gnu/h-i686-mingw32/bin/../lib/gcc/nios2-elf/4.1.2/../../../../nios2-elf/lib\libc.a(lib_a-sprintf.o)
                0x00805534                sprintf
                0x008055a8                _sprintf_r
 .text          0x00805608       0xe0 c:/altera/13.0sp1/nios2eds/bin/gnu/h-i686-mingw32/bin/../lib/gcc/nios2-elf/4.1.2/../../../../nios2-elf/lib\libc.a(lib_a-strchr.o)
                0x00805608                strchr
 .text          0x008056e8      0x674 c:/altera/13.0sp1/nios2eds/bin/gnu/h-i686-mingw32/bin/../lib/gcc/nios2-elf/4.1.2/../../../../nios2-elf/lib\libc.a(lib_a-strerror.o)
                0x008056e8                strerror
 .text          0x00805d5c       0x74 c:/altera/13.0sp1/nios2eds/bin/gnu/h-i686-mingw32/bin/../lib/gcc/nios2-elf/4.1.2/../../../../nios2-elf/lib\libc.a(lib_a-strlen.o)
                0x00805d5c                strlen
 .text          0x00805dd0      0x268 c:/altera/13.0sp1/nios2eds/bin/gnu/h-i686-mingw32/bin/../lib/gcc/nios2-elf/4.1.2/../../../../nios2-elf/lib\libc.a(lib_a-strtol.o)
                0x00805dd0                _strtol_r
                0x00806014                strtol
 .text          0x00806038        0x8 c:/altera/13.0sp1/nios2eds/bin/gnu/h-i686-mingw32/bin/../lib/gcc/nios2-elf/4.1.2/../../../../nios2-elf/lib\libc.a(lib_a-u_strerr.o)
                0x00806038                _user_strerror
 .text          0x00806040     0x1f28 c:/altera/13.0sp1/nios2eds/bin/gnu/h-i686-mingw32/bin/../lib/gcc/nios2-elf/4.1.2/../../../../nios2-elf/lib\libc.a(lib_a-vfprintf.o)
                0x00806098                ___vfprintf_internal_r
                0x00807f44                __vfprintf_internal
 .text          0x00807f68      0x14c c:/altera/13.0sp1/nios2eds/bin/gnu/h-i686-mingw32/bin/../lib/gcc/nios2-elf/4.1.2/../../../../nios2-elf/lib\libc.a(lib_a-wbuf.o)
                0x00807f68                __swbuf_r
                0x00808098                __swbuf
 .text          0x008080b4      0x13c c:/altera/13.0sp1/nios2eds/bin/gnu/h-i686-mingw32/bin/../lib/gcc/nios2-elf/4.1.2/../../../../nios2-elf/lib\libc.a(lib_a-wsetup.o)
                0x008080b4                __swsetup_r
 .text          0x008081f0      0x1b4 c:/altera/13.0sp1/nios2eds/bin/gnu/h-i686-mingw32/bin/../lib/gcc/nios2-elf/4.1.2/../../../../nios2-elf/lib\libc.a(lib_a-__call_atexit.o)
                0x008081f4                __call_exitprocs
 .text          0x008083a4     0x17cc c:/altera/13.0sp1/nios2eds/bin/gnu/h-i686-mingw32/bin/../lib/gcc/nios2-elf/4.1.2/../../../../nios2-elf/lib\libc.a(lib_a-dtoa.o)
                0x008085bc                _dtoa_r
 .text          0x00809b70      0x230 c:/altera/13.0sp1/nios2eds/bin/gnu/h-i686-mingw32/bin/../lib/gcc/nios2-elf/4.1.2/../../../../nios2-elf/lib\libc.a(lib_a-fflush.o)
                0x00809b70                _fflush_r
                0x00809d6c                fflush
 .text          0x00809da0      0x2c0 c:/altera/13.0sp1/nios2eds/bin/gnu/h-i686-mingw32/bin/../lib/gcc/nios2-elf/4.1.2/../../../../nios2-elf/lib\libc.a(lib_a-findfp.o)
                0x00809df8                __sfp_lock_acquire
                0x00809dfc                __sfp_lock_release
                0x00809e00                __sinit_lock_acquire
                0x00809e04                __sinit_lock_release
                0x00809e08                __sinit
                0x00809ebc                __fp_unlock_all
                0x00809ed4                __fp_lock_all
                0x00809eec                _cleanup_r
                0x00809ef8                _cleanup
                0x00809f08                __sfmoreglue
                0x00809f70                __sfp
 .text          0x0080a060       0xbc c:/altera/13.0sp1/nios2eds/bin/gnu/h-i686-mingw32/bin/../lib/gcc/nios2-elf/4.1.2/../../../../nios2-elf/lib\libc.a(lib_a-fputc.o)
                0x0080a060                fputc
                0x0080a0c4                _fputc_r
 .text          0x0080a11c       0x90 c:/altera/13.0sp1/nios2eds/bin/gnu/h-i686-mingw32/bin/../lib/gcc/nios2-elf/4.1.2/../../../../nios2-elf/lib\libc.a(lib_a-fputs.o)
                0x0080a11c                _fputs_r
                0x0080a190                fputs
 .text          0x0080a1ac      0x440 c:/altera/13.0sp1/nios2eds/bin/gnu/h-i686-mingw32/bin/../lib/gcc/nios2-elf/4.1.2/../../../../nios2-elf/lib\libc.a(lib_a-freer.o)
                0x0080a1ac                _malloc_trim_r
                0x0080a2d8                _free_r
 .text          0x0080a5ec      0x49c c:/altera/13.0sp1/nios2eds/bin/gnu/h-i686-mingw32/bin/../lib/gcc/nios2-elf/4.1.2/../../../../nios2-elf/lib\libc.a(lib_a-fvwrite.o)
                0x0080a5ec                __sfvwrite_r
 .text          0x0080aa88      0x180 c:/altera/13.0sp1/nios2eds/bin/gnu/h-i686-mingw32/bin/../lib/gcc/nios2-elf/4.1.2/../../../../nios2-elf/lib\libc.a(lib_a-fwalk.o)
                0x0080aa88                _fwalk_reent
                0x0080ab50                _fwalk
 .text          0x0080ac08       0xc4 c:/altera/13.0sp1/nios2eds/bin/gnu/h-i686-mingw32/bin/../lib/gcc/nios2-elf/4.1.2/../../../../nios2-elf/lib\libc.a(lib_a-locale.o)
                0x0080ac08                __locale_charset
                0x0080ac10                _localeconv_r
                0x0080ac1c                localeconv
                0x0080ac2c                _setlocale_r
                0x0080acb0                setlocale
 .text          0x0080accc      0x194 c:/altera/13.0sp1/nios2eds/bin/gnu/h-i686-mingw32/bin/../lib/gcc/nios2-elf/4.1.2/../../../../nios2-elf/lib\libc.a(lib_a-makebuf.o)
                0x0080accc                __smakebuf_r
 .text          0x0080ae60      0x740 c:/altera/13.0sp1/nios2eds/bin/gnu/h-i686-mingw32/bin/../lib/gcc/nios2-elf/4.1.2/../../../../nios2-elf/lib\libc.a(lib_a-mallocr.o)
                0x0080ae60                _malloc_r
 .text          0x0080b5a0       0xe4 c:/altera/13.0sp1/nios2eds/bin/gnu/h-i686-mingw32/bin/../lib/gcc/nios2-elf/4.1.2/../../../../nios2-elf/lib\libc.a(lib_a-memchr.o)
                0x0080b5a0                memchr
 .text          0x0080b684      0xff4 c:/altera/13.0sp1/nios2eds/bin/gnu/h-i686-mingw32/bin/../lib/gcc/nios2-elf/4.1.2/../../../../nios2-elf/lib\libc.a(lib_a-mprec.o)
                0x0080b684                _Bfree
                0x0080b6ac                __hi0bits
                0x0080b71c                __lo0bits
                0x0080b7e0                __mcmp
                0x0080b840                __ulp
                0x0080b8c0                __b2d
                0x0080b9e0                __ratio
                0x0080ba90                _mprec_log10
                0x0080bb24                __copybits
                0x0080bb7c                __any_on
                0x0080bc04                _Balloc
                0x0080bcc0                __d2b
                0x0080be3c                __mdiff
                0x0080bfc8                __lshift
                0x0080c114                __multiply
                0x0080c2fc                __i2b
                0x0080c338                __multadd
                0x0080c438                __pow5mult
                0x0080c558                __s2b
 .text          0x0080c678      0x5f4 c:/altera/13.0sp1/nios2eds/bin/gnu/h-i686-mingw32/bin/../lib/gcc/nios2-elf/4.1.2/../../../../nios2-elf/lib\libc.a(lib_a-reallocr.o)
                0x0080c678                _realloc_r
 .text          0x0080cc6c      0x1e0 c:/altera/13.0sp1/nios2eds/bin/gnu/h-i686-mingw32/bin/../lib/gcc/nios2-elf/4.1.2/../../../../nios2-elf/lib\libc.a(lib_a-refill.o)
                0x0080cc6c                __srefill_r
 .text          0x0080ce4c       0x40 c:/altera/13.0sp1/nios2eds/bin/gnu/h-i686-mingw32/bin/../lib/gcc/nios2-elf/4.1.2/../../../../nios2-elf/lib\libc.a(lib_a-s_isinfd.o)
                0x0080ce4c                __isinfd
 .text          0x0080ce8c       0x30 c:/altera/13.0sp1/nios2eds/bin/gnu/h-i686-mingw32/bin/../lib/gcc/nios2-elf/4.1.2/../../../../nios2-elf/lib\libc.a(lib_a-s_isnand.o)
                0x0080ce8c                __isnand
 .text          0x0080cebc       0x70 c:/altera/13.0sp1/nios2eds/bin/gnu/h-i686-mingw32/bin/../lib/gcc/nios2-elf/4.1.2/../../../../nios2-elf/lib\libc.a(lib_a-sbrkr.o)
                0x0080cebc                _sbrk_r
 .text          0x0080cf2c      0x14c c:/altera/13.0sp1/nios2eds/bin/gnu/h-i686-mingw32/bin/../lib/gcc/nios2-elf/4.1.2/../../../../nios2-elf/lib\libc.a(lib_a-stdio.o)
                0x0080cf2c                __sclose
                0x0080cf34                __sseek
                0x0080cf9c                __swrite
                0x0080d018                __sread
 .text          0x0080d078       0xbc c:/altera/13.0sp1/nios2eds/bin/gnu/h-i686-mingw32/bin/../lib/gcc/nios2-elf/4.1.2/../../../../nios2-elf/lib\libc.a(lib_a-strcmp.o)
                0x0080d078                strcmp
 .text          0x0080d134       0x78 c:/altera/13.0sp1/nios2eds/bin/gnu/h-i686-mingw32/bin/../lib/gcc/nios2-elf/4.1.2/../../../../nios2-elf/lib\libc.a(lib_a-writer.o)
                0x0080d134                _write_r
 .text          0x0080d1ac       0xb4 c:/altera/13.0sp1/nios2eds/bin/gnu/h-i686-mingw32/bin/../lib/gcc/nios2-elf/4.1.2/../../../../nios2-elf/lib\libc.a(lib_a-callocr.o)
                0x0080d1ac                _calloc_r
 .text          0x0080d260       0x70 c:/altera/13.0sp1/nios2eds/bin/gnu/h-i686-mingw32/bin/../lib/gcc/nios2-elf/4.1.2/../../../../nios2-elf/lib\libc.a(lib_a-closer.o)
                0x0080d260                _close_r
 .text          0x0080d2d0      0x124 c:/altera/13.0sp1/nios2eds/bin/gnu/h-i686-mingw32/bin/../lib/gcc/nios2-elf/4.1.2/../../../../nios2-elf/lib\libc.a(lib_a-fclose.o)
                0x0080d2d0                _fclose_r
                0x0080d3e0                fclose
 .text          0x0080d3f4       0x74 c:/altera/13.0sp1/nios2eds/bin/gnu/h-i686-mingw32/bin/../lib/gcc/nios2-elf/4.1.2/../../../../nios2-elf/lib\libc.a(lib_a-fstatr.o)
                0x0080d3f4                _fstat_r
 .text          0x0080d468        0x0 c:/altera/13.0sp1/nios2eds/bin/gnu/h-i686-mingw32/bin/../lib/gcc/nios2-elf/4.1.2/../../../../nios2-elf/lib\libc.a(lib_a-int_errno.o)
 .text          0x0080d468       0x70 c:/altera/13.0sp1/nios2eds/bin/gnu/h-i686-mingw32/bin/../lib/gcc/nios2-elf/4.1.2/../../../../nios2-elf/lib\libc.a(lib_a-isattyr.o)
                0x0080d468                _isatty_r
 .text          0x0080d4d8       0x78 c:/altera/13.0sp1/nios2eds/bin/gnu/h-i686-mingw32/bin/../lib/gcc/nios2-elf/4.1.2/../../../../nios2-elf/lib\libc.a(lib_a-lseekr.o)
                0x0080d4d8                _lseek_r
 .text          0x0080d550       0x78 c:/altera/13.0sp1/nios2eds/bin/gnu/h-i686-mingw32/bin/../lib/gcc/nios2-elf/4.1.2/../../../../nios2-elf/lib\libc.a(lib_a-readr.o)
                0x0080d550                _read_r
 .text          0x0080d5c8      0x5dc c:/altera/13.0sp1/nios2eds/bin/gnu/h-i686-mingw32/bin/../lib/gcc/nios2-elf/4.1.2\libgcc.a(_udivdi3.o)
                0x0080d5c8                __udivdi3
 .text          0x0080dba4      0x5b0 c:/altera/13.0sp1/nios2eds/bin/gnu/h-i686-mingw32/bin/../lib/gcc/nios2-elf/4.1.2\libgcc.a(_umoddi3.o)
                0x0080dba4                __umoddi3
 .text          0x0080e154      0x258 c:/altera/13.0sp1/nios2eds/bin/gnu/h-i686-mingw32/bin/../lib/gcc/nios2-elf/4.1.2\libgcc.a(_div_df.o)
                0x0080e154                __divdf3
 .text          0x0080e3ac       0x88 c:/altera/13.0sp1/nios2eds/bin/gnu/h-i686-mingw32/bin/../lib/gcc/nios2-elf/4.1.2\libgcc.a(_eq_df.o)
                0x0080e3ac                __eqdf2
 .text          0x0080e434       0x88 c:/altera/13.0sp1/nios2eds/bin/gnu/h-i686-mingw32/bin/../lib/gcc/nios2-elf/4.1.2\libgcc.a(_ne_df.o)
                0x0080e434                __nedf2
 .text          0x0080e4bc       0x88 c:/altera/13.0sp1/nios2eds/bin/gnu/h-i686-mingw32/bin/../lib/gcc/nios2-elf/4.1.2\libgcc.a(_gt_df.o)
                0x0080e4bc                __gtdf2
 .text          0x0080e544       0x88 c:/altera/13.0sp1/nios2eds/bin/gnu/h-i686-mingw32/bin/../lib/gcc/nios2-elf/4.1.2\libgcc.a(_lt_df.o)
                0x0080e544                __ltdf2
 .text          0x0080e5cc       0xf8 c:/altera/13.0sp1/nios2eds/bin/gnu/h-i686-mingw32/bin/../lib/gcc/nios2-elf/4.1.2\libgcc.a(_si_to_df.o)
                0x0080e5cc                __floatsidf
 .text          0x0080e6c4      0x14c c:/altera/13.0sp1/nios2eds/bin/gnu/h-i686-mingw32/bin/../lib/gcc/nios2-elf/4.1.2\libgcc.a(lib2-divmod.o)
                0x0080e740                __divsi3
                0x0080e7a0                __modsi3
                0x0080e800                __udivsi3
                0x0080e808                __umodsi3
 .text          0x0080e810       0x6c ../simple_socket_bsp/\libucosii_bsp.a(alt_exit.o)
                0x0080e850                _exit
 .text          0x0080e87c       0xd0 ../simple_socket_bsp/\libucosii_bsp.a(alt_flash_dev.o)
                0x0080e87c                alt_flash_open_dev
                0x0080e8f8                alt_flash_close_dev
 .text          0x0080e94c      0x134 ../simple_socket_bsp/\libucosii_bsp.a(alt_fstat.o)
                0x0080e94c                fstat
 .text          0x0080ea80      0x1c0 ../simple_socket_bsp/\libucosii_bsp.a(alt_irq_register.o)
                0x0080ea80                alt_irq_register
 .text          0x0080ec40        0x0 ../simple_socket_bsp/\libucosii_bsp.a(alt_irq_vars.o)
 .text          0x0080ec40      0x120 ../simple_socket_bsp/\libucosii_bsp.a(alt_isatty.o)
                0x0080ec40                isatty
 .text          0x0080ed60      0x150 ../simple_socket_bsp/\libucosii_bsp.a(alt_lseek.o)
                0x0080ed60                lseek
 .text          0x0080eeb0       0xc8 ../simple_socket_bsp/\libucosii_bsp.a(alt_main.o)
                0x0080eeb0                alt_main
 .text          0x0080ef78       0x40 ../simple_socket_bsp/\libucosii_bsp.a(alt_putstr.o)
                0x0080ef78                alt_putstr
 .text          0x0080efb8       0xbc ../simple_socket_bsp/\libucosii_bsp.a(alt_sbrk.o)
                0x0080efb8                sbrk
 .text          0x0080f074      0x118 ../simple_socket_bsp/\libucosii_bsp.a(alt_usleep.o)
                0x0080f074                usleep
 .text          0x0080f18c      0x108 ../simple_socket_bsp/\libucosii_bsp.a(alt_env_lock.o)
                0x0080f18c                __env_lock
                0x0080f238                __env_unlock
 .text          0x0080f294      0x1d8 ../simple_socket_bsp/\libucosii_bsp.a(alt_malloc_lock.o)
                0x0080f294                __malloc_lock
                0x0080f39c                __malloc_unlock
 .text          0x0080f46c     0x2128 ../simple_socket_bsp/\libucosii_bsp.a(os_core.o)
                0x0080f46c                OSEventNameGet
                0x0080f59c                OSEventNameSet
                0x0080f6e0                OSEventPendMulti
                0x0080fd94                OSInit
                0x0080fde8                OSIntEnter
                0x0080fe64                OSIntExit
                0x0080ff64                OSSchedLock
                0x0080fff0                OSSchedUnlock
                0x008100d4                OSStart
                0x00810144                OSStatInit
                0x008101f0                OSTimeTick
                0x00810430                OSVersion
                0x00810450                OS_Dummy
                0x0081046c                OS_EventTaskRdy
                0x00810600                OS_EventTaskWait
                0x00810710                OS_EventTaskWaitMulti
                0x00810864                OS_EventTaskRemove
                0x0081091c                OS_EventTaskRemoveMulti
                0x00810a20                OS_EventWaitListInit
                0x00810dec                OS_MemClr
                0x00810e40                OS_MemCopy
                0x00810eac                OS_Sched
                0x00810ff0                OS_StrCopy
                0x00811070                OS_StrLen
                0x008110c8                OS_TaskIdle
                0x00811124                OS_TaskStat
                0x008111ec                OS_TaskStatStkChk
                0x008112b4                OS_TCBInit
 .text          0x00811594      0x18c ../simple_socket_bsp/\libucosii_bsp.a(os_dbg.o)
                0x00811594                OSDebugInit
 .text          0x00811720     0x193c ../simple_socket_bsp/\libucosii_bsp.a(os_flag.o)
                0x00811720                OSFlagAccept
                0x00811a54                OSFlagCreate
                0x00811b90                OSFlagDel
                0x00811e38                OSFlagNameGet
                0x00811f7c                OSFlagNameSet
                0x008120d0                OSFlagPend
                0x00812714                OSFlagPendGetFlagsRdy
                0x0081277c                OSFlagPost
                0x00812b24                OSFlagQuery
                0x00812dbc                OS_FlagInit
                0x00812fb0                OS_FlagUnlink
 .text          0x0081305c      0x808 ../simple_socket_bsp/\libucosii_bsp.a(os_mem.o)
                0x0081305c                OSMemCreate
                0x00813278                OSMemGet
                0x0081337c                OSMemNameGet
                0x00813488                OSMemNameSet
                0x008135a8                OSMemPut
                0x00813698                OSMemQuery
                0x00813794                OS_MemInit
 .text          0x00813864     0x1334 ../simple_socket_bsp/\libucosii_bsp.a(os_q.o)
                0x00813864                OSQAccept
                0x008139b8                OSQCreate
                0x00813bcc                OSQDel
                0x00813ecc                OSQFlush
                0x00813f94                OSQPend
                0x008142b4                OSQPendAbort
                0x00814430                OSQPost
                0x008145b0                OSQPostFront
                0x00814738                OSQPostOpt
                0x0081496c                OSQQuery
                0x00814aec                OS_QInit
 .text          0x00814b98      0xbc8 ../simple_socket_bsp/\libucosii_bsp.a(os_sem.o)
                0x00814b98                OSSemAccept
                0x00814c58                OSSemCreate
                0x00814d6c                OSSemDel
                0x0081500c                OSSemPend
                0x00815288                OSSemPendAbort
                0x00815404                OSSemPost
                0x0081552c                OSSemQuery
                0x0081565c                OSSemSet
 .text          0x00815760     0x1a40 ../simple_socket_bsp/\libucosii_bsp.a(os_task.o)
                0x00815760                OSTaskChangePrio
                0x00815cd4                OSTaskCreate
                0x00815ea8                OSTaskCreateExt
                0x008160a8                OSTaskDel
                0x008164b4                OSTaskDelReq
                0x00816624                OSTaskNameGet
                0x008167dc                OSTaskNameSet
                0x008169a0                OSTaskResume
                0x00816bb8                OSTaskStkChk
                0x00816db4                OSTaskSuspend
                0x00816fe0                OSTaskQuery
                0x00817124                OS_TaskStkClr
 .text          0x008171a0      0x670 ../simple_socket_bsp/\libucosii_bsp.a(os_time.o)
                0x008171a0                OSTimeDly
                0x008172ec                OSTimeDlyHMSM
                0x00817538                OSTimeDlyResume
                0x00817748                OSTimeGet
                0x008177ac                OSTimeSet
 .text          0x00817810      0x100 ../simple_socket_bsp/\libucosii_bsp.a(alt_sys_init.o)
                0x00817810                alt_irq_init
                0x00817844                alt_sys_init
 .text          0x00817910      0x8c8 ../simple_socket_bsp/\libucosii_bsp.a(altera_avalon_cfi_flash.o)
                0x00817910                alt_flash_cfi_init
                0x008179e4                alt_flash_cfi_write
                0x00817ca4                alt_flash_cfi_get_info
                0x00817d34                alt_flash_cfi_read
                0x00817d9c                alt_write_value_to_flash
                0x00817f00                alt_flash_program_block
 .text          0x008181d8     0x14a8 ../simple_socket_bsp/\libucosii_bsp.a(altera_avalon_cfi_flash_table.o)
                0x008181d8                alt_read_query_entry_8bit
                0x00818218                alt_read_query_entry_16bit
                0x0081825c                alt_read_query_entry_32bit
                0x008182a4                alt_write_flash_command_8bit_device_8bit_mode
                0x008182e0                alt_write_flash_command_16bit_device_8bit_mode
                0x0081835c                alt_write_flash_command_32bit_device_8bit_mode
                0x008183a4                alt_write_flash_command_16bit_device_16bit_mode
                0x008183e8                alt_write_flash_command_32bit_device_16bit_mode
                0x00818430                alt_write_flash_command_32bit_device_32bit_mode
                0x00818478                alt_write_native_8bit
                0x008184ac                alt_write_native_16bit
                0x008184e0                alt_write_native_32bit
                0x00818510                alt_set_flash_width_func
                0x008186f0                alt_set_flash_algorithm_func
                0x00818818                alt_read_cfi_table
                0x00818df8                alt_read_cfi_width
                0x008195a4                alt_check_primary_table
 .text          0x00819680      0x9e4 ../simple_socket_bsp/\libucosii_bsp.a(altera_avalon_epcs_flash_controller.o)
                0x00819680                alt_epcs_flash_init
                0x00819a9c                alt_epcs_flash_write
                0x00819d1c                alt_epcs_flash_get_info
                0x00819dac                alt_epcs_flash_erase_block
                0x00819eb0                alt_epcs_flash_write_block
                0x00819fcc                alt_epcs_flash_read
 .text          0x0081a064      0x148 ../simple_socket_bsp/\libucosii_bsp.a(altera_avalon_jtag_uart_fd.o)
                0x0081a064                altera_avalon_jtag_uart_read_fd
                0x0081a0bc                altera_avalon_jtag_uart_write_fd
                0x0081a114                altera_avalon_jtag_uart_close_fd
                0x0081a15c                altera_avalon_jtag_uart_ioctl_fd
 .text          0x0081a1ac      0x584 ../simple_socket_bsp/\libucosii_bsp.a(altera_avalon_jtag_uart_init.o)
                0x0081a1ac                altera_avalon_jtag_uart_init
                0x0081a6bc                altera_avalon_jtag_uart_close
 .text          0x0081a730       0xf4 ../simple_socket_bsp/\libucosii_bsp.a(altera_avalon_jtag_uart_ioctl.o)
                0x0081a730                altera_avalon_jtag_uart_ioctl
 .text          0x0081a824      0x2c0 ../simple_socket_bsp/\libucosii_bsp.a(altera_avalon_jtag_uart_read.o)
                0x0081a824                altera_avalon_jtag_uart_read
 .text          0x0081aae4      0x2dc ../simple_socket_bsp/\libucosii_bsp.a(altera_avalon_jtag_uart_write.o)
                0x0081aae4                altera_avalon_jtag_uart_write
 .text          0x0081adc0      0x100 ../simple_socket_bsp/\libucosii_bsp.a(altera_avalon_timer_sc.o)
                0x0081ae30                alt_avalon_timer_sc_init
 .text          0x0081aec0       0xf8 ../simple_socket_bsp/\libucosii_bsp.a(altera_avalon_uart_fd.o)
                0x0081aec0                altera_avalon_uart_read_fd
                0x0081af18                altera_avalon_uart_write_fd
                0x0081af70                altera_avalon_uart_close_fd
 .text          0x0081afb8      0x57c ../simple_socket_bsp/\libucosii_bsp.a(altera_avalon_uart_init.o)
                0x0081afb8                altera_avalon_uart_init
                0x0081b4d4                altera_avalon_uart_close
 .text          0x0081b534      0x310 ../simple_socket_bsp/\libucosii_bsp.a(altera_avalon_uart_read.o)
                0x0081b534                altera_avalon_uart_read
 .text          0x0081b844      0x2a8 ../simple_socket_bsp/\libucosii_bsp.a(altera_avalon_uart_write.o)
                0x0081b844                altera_avalon_uart_write
 .text          0x0081baec      0x6d4 ../simple_socket_bsp/\libucosii_bsp.a(epcs_commands.o)
                0x0081baec                epcs_read_status_register
                0x0081bb4c                epcs_sector_erase
                0x0081bcb4                epcs_read_buffer
                0x0081be00                epcs_write_enable
                0x0081be50                epcs_write_status_register
                0x0081beb4                epcs_write_buffer
                0x0081c024                epcs_read_electronic_signature
                0x0081c090                epcs_read_device_id
                0x0081c110                epcs_enter_4_bytes_mode
                0x0081c168                epcs_exit_4_bytes_mode
 .text          0x0081c1c0       0x54 ../simple_socket_bsp/\libucosii_bsp.a(alt_iniche_close.o)
                0x0081c1c0                close
 .text          0x0081c214      0x124 ../simple_socket_bsp/\libucosii_bsp.a(alt_iniche_dev.o)
                0x0081c214                iniche_devices_init
 .text          0x0081c338       0x78 ../simple_socket_bsp/\libucosii_bsp.a(alt_iniche_read.o)
                0x0081c338                read
 .text          0x0081c3b0       0x70 ../simple_socket_bsp/\libucosii_bsp.a(alt_iniche_write.o)
                0x0081c3b0                write
 .text          0x0081c420      0xedc ../simple_socket_bsp/\libucosii_bsp.a(ipnet.o)
                0x0081c420                Netinit
                0x0081ca6c                fixup_subnet_mask
                0x0081cbcc                netclose
                0x0081ccb4                pktdemux
                0x0081d088                c_older
                0x0081d158                ip2mac
 .text          0x0081d2fc      0x4b0 ../simple_socket_bsp/\libucosii_bsp.a(ipstart.o)
                0x0081d2fc                ip_startup
                0x0081d5e0                exit_hook
                0x0081d64c                ip_exit
                0x0081d71c                if_netnumber
 .text          0x0081d7ac     0x10e8 ../simple_socket_bsp/\libucosii_bsp.a(igmp_cmn.o)
                0x0081d7ac                igmp_init
                0x0081d89c                igmp_input
                0x0081d994                igmp_fasttimo
                0x0081dbc8                igmp_send
                0x0081de70                igmp_joingroup
                0x0081e0dc                igmp_leavegroup
                0x0081e158                igmp_validate
                0x0081e4b4                igmp_print_stats
 .text          0x0081e894      0xbc8 ../simple_socket_bsp/\libucosii_bsp.a(bsdsock.o)
                0x0081e894                bsd_accept
                0x0081e9cc                bsd_getpeername
                0x0081eaf8                bsd_getsockname
                0x0081ec24                bsd_i_sockoptlen
                0x0081eddc                bsd_getsockopt
                0x0081eefc                bsd_ioctl
                0x0081f000                bsd_inet_ntoa
                0x0081f030                bsd_recvfrom
                0x0081f190                bsd_select
                0x0081f370                bsd_setsockopt
 .text          0x0081f45c      0x118 ../simple_socket_bsp/\libucosii_bsp.a(cksum.o)
                0x0081f45c                ccksum
                0x0081f50c                cksum
 .text          0x0081f574      0xa9c ../simple_socket_bsp/\libucosii_bsp.a(in_utils.o)
                0x0081f574                do_trap
                0x0081f5a0                nextarg
                0x0081f61c                hexdump
                0x0081f764                print_ipad
                0x0081f7d8                print_uptime
                0x0081f904                panic
                0x0081f948                print_eth
                0x0081faac                uslash
                0x0081fb2c                ns_printf
                0x0081fcb0                std_out
                0x0081fcf4                con_page
                0x0081fde4                parse_args
 .text          0x00820010      0x1c4 ../simple_socket_bsp/\libucosii_bsp.a(netmain.o)
                0x00820010                netmain
                0x00820104                tk_netmain
                0x0082018c                tk_nettick
 .text          0x008201d4      0x810 ../simple_socket_bsp/\libucosii_bsp.a(parseip.o)
                0x008201d4                parse_ipad
                0x008204f0                inet_addr
                0x00820558                hextoa
                0x008205c8                inet_pton
                0x00820674                inet_ntop
                0x00820700                print46_addr
                0x00820760                inet46_addr
                0x00820824                inet_setport
                0x00820898                convert_ip
 .text          0x008209e4      0x5e8 ../simple_socket_bsp/\libucosii_bsp.a(tk_crnos.o)
                0x008209e4                TK_OSTimeDly
                0x00820a10                TK_OSTaskResume
                0x00820a80                tcp_sleep
                0x00820c20                tcp_wakeup
                0x00820d24                TK_OSTaskQuery
                0x00820d98                tk_yield
                0x00820dc4                tk_stats
 .text          0x00820fcc      0x79c ../simple_socket_bsp/\libucosii_bsp.a(pktalloc.o)
                0x00820fcc                pk_init
                0x0082125c                pk_alloc
                0x00821338                pk_validate
                0x008215f0                pk_free
                0x0082169c                pk_get_max_intrsafe_buf_len
                0x008216bc                dump_buf_estats
 .text          0x00821768      0x288 ../simple_socket_bsp/\libucosii_bsp.a(q.o)
                0x00821768                getq
                0x00821830                putq
                0x008218e0                qdel
 .text          0x008219f0      0x194 ../simple_socket_bsp/\libucosii_bsp.a(asm_cksum.o)
                0x008219f0                asm_cksum
 .text          0x00821b84      0x2e4 ../simple_socket_bsp/\libucosii_bsp.a(brdutils.o)
                0x00821b84                dtrap
                0x00821bb4                kbhit
                0x00821c60                getch
                0x00821cc0                clock_init
                0x00821cfc                clock_c
                0x00821d18                cticks_hook
                0x00821dc8                irq_Mask
                0x00821e24                irq_Unmask
 .text          0x00821e68      0x488 ../simple_socket_bsp/\libucosii_bsp.a(osportco.o)
                0x00821e68                LOCK_NET_RESOURCE
                0x00821f28                UNLOCK_NET_RESOURCE
                0x00821fb0                TK_NEWTASK
                0x008221c4                wait_app_sem
                0x00822278                post_app_sem
 .text          0x008222f0      0x568 ../simple_socket_bsp/\libucosii_bsp.a(targnios.o)
                0x008222f0                alt_iniche_init
                0x0082250c                pre_task_setup
                0x00822580                post_task_setup
                0x008225a0                prep_armintcp
                0x008225d8                calloc2
                0x0082260c                npalloc
                0x00822700                npfree
                0x008227b8                ncpalloc
                0x0082280c                ncpfree
 .text          0x00822858     0x19b8 ../simple_socket_bsp/\libucosii_bsp.a(nptcp.o)
                0x00822858                pffindtype
                0x008228f8                pffindproto
                0x008229c8                m_getnbuf
                0x00822b70                m_free
                0x00822ca4                m_freem
                0x00822ce8                m_copy
                0x0082300c                m_adj
                0x008231dc                mbuf_len
                0x00823234                dtom
                0x008232dc                remque
                0x0082334c                insque
                0x008233c8                nptcp_init
                0x008234ec                tcp_rcv
                0x008236d8                ip_output
                0x00823cd0                in_broadcast
                0x00823d10                np_stripoptions
                0x00823df8                so_icmpdu
                0x00824150                tcp_tick
 .text          0x00824210      0xa2c ../simple_socket_bsp/\libucosii_bsp.a(rawsock.o)
                0x00824210                rawip_lookup
                0x00824280                rawip_soinput
                0x00824454                rawip_usrreq
 .text          0x00824c3c     0x17fc ../simple_socket_bsp/\libucosii_bsp.a(sockcall.o)
                0x00824c3c                DOMAIN_CHECK
                0x00824c88                t_socket
                0x00824d18                t_bind
                0x00824e94                t_listen
                0x00824f78                t_accept
                0x00825210                t_connect
                0x008254b8                t_getpeername
                0x008254fc                t_getsockname
                0x0082573c                t_setsockopt
                0x00825918                t_getsockopt
                0x00825abc                t_recv
                0x00825bac                t_recvfrom
                0x00825cfc                t_sendto
                0x00825f28                t_send
                0x00826150                t_shutdown
                0x00826234                t_socketclose
                0x0082639c                t_errno
 .text          0x00826438     0x23ec ../simple_socket_bsp/\libucosii_bsp.a(socket.o)
                0x00826438                socreate
                0x00826604                sobind
                0x00826660                solisten
                0x00826750                sofree
                0x00826880                soclose
                0x00826bec                soabort
                0x00826c3c                soaccept
                0x00826cd8                soconnect
                0x00826dac                sodisconnect
                0x00826e4c                sosend
                0x00827454                soreceive
                0x00827c38                soshutdown
                0x00827ce0                sorflush
                0x00827de0                sosetopt
                0x008282a0                sogetopt
                0x008287e0                sohasoutofband
 .text          0x00828824     0x1318 ../simple_socket_bsp/\libucosii_bsp.a(socket2.o)
                0x00828824                soisconnecting
                0x00828890                soisconnected
                0x0082898c                soisdisconnecting
                0x00828a18                soisdisconnected
                0x00828ad4                sonewconn
                0x00828cf0                soqinsque
                0x00828d9c                soqremque
                0x00828ebc                socantsendmore
                0x00828f0c                socantrcvmore
                0x00828f5c                sbselqueue
                0x00828f94                sbwait
                0x00828ffc                sbwakeup
                0x00829098                soreserve
                0x00829118                sbreserve
                0x00829178                sbrelease
                0x008291c0                sbappend
                0x00829268                sbappendrecord
                0x00829348                sbappendaddr
                0x00829550                sbcompress
                0x00829738                sbflush
                0x008297c8                sbdrop
                0x00829998                sbdropend
                0x00829aa8                sbdroprecord
 .text          0x00829b3c      0x914 ../simple_socket_bsp/\libucosii_bsp.a(soselect.o)
                0x00829b3c                t_select
                0x00829d5c                sock_selscan
                0x00829eb4                sock_select
                0x0082a0c8                in_pcbnotify
                0x0082a194                tcp_notify
                0x0082a1fc                ifd_clr
                0x0082a2ec                ifd_set
                0x0082a360                ifd_isset
                0x0082a3e0                ifd_get
 .text          0x0082a450     0x3020 ../simple_socket_bsp/\libucosii_bsp.a(tcp_in.o)
                0x0082a450                tcp_reass
                0x0082a858                tcp_input
                0x0082cdac                tcp_dooptions
                0x0082cf3c                tcp_pulloutofband
                0x0082d068                tcp_xmit_timer
                0x0082d30c                ip4_tcpmss
                0x0082d354                tcp_mss
 .text          0x0082d470     0x1360 ../simple_socket_bsp/\libucosii_bsp.a(tcp_out.o)
                0x0082d470                tcp_output
                0x0082e5ec                tcp_setpersist
 .text          0x0082e7d0      0x9e8 ../simple_socket_bsp/\libucosii_bsp.a(tcp_subr.o)
                0x0082e7d0                tcp_init
                0x0082e828                tcp_template
                0x0082e940                tcp_respond
                0x0082edc8                tcp_newtcpcb
                0x0082eee0                tcp_drop
                0x0082ef8c                tcp_close
                0x0082f074                tcp_quench
                0x0082f0c0                tcp_putseq
                0x0082f140                tcp_getseq
 .text          0x0082f1b8      0x798 ../simple_socket_bsp/\libucosii_bsp.a(tcp_timr.o)
                0x0082f1b8                tcp_slowtimo
                0x0082f458                tcp_canceltimers
                0x0082f4b4                tcp_timers
 .text          0x0082f950      0x9ec ../simple_socket_bsp/\libucosii_bsp.a(tcp_usr.o)
                0x0082f950                tcp_usrreq
                0x00830054                tcp_attach
                0x00830188                tcp_disconnect
                0x0083025c                tcp_usrclosed
 .text          0x0083033c       0x4c ../simple_socket_bsp/\libucosii_bsp.a(tcpport.o)
                0x0083033c                tcpinit
 .text          0x00830388      0xd20 ../simple_socket_bsp/\libucosii_bsp.a(udpsock.o)
                0x00830388                udp_lookup
                0x008303f8                udp_soinput
                0x008305b0                udp_usrreq
                0x00830834                udp4_sockbind
                0x00830b70                udp4_socksend
                0x00830f4c                udp4_sockaddr
 .text          0x008310a8      0x154 ../simple_socket_bsp/\libucosii_bsp.a(alt_alarm_start.o)
                0x008310a8                alt_alarm_start
 .text          0x008311fc      0x14c ../simple_socket_bsp/\libucosii_bsp.a(alt_busy_sleep.o)
                0x008311fc                alt_busy_sleep
 .text          0x00831348      0x15c ../simple_socket_bsp/\libucosii_bsp.a(alt_close.o)
                0x00831348                alt_close
 .text          0x008314a4       0x78 ../simple_socket_bsp/\libucosii_bsp.a(alt_dcache_flush.o)
                0x008314a4                alt_dcache_flush
 .text          0x0083151c       0x2c ../simple_socket_bsp/\libucosii_bsp.a(alt_dev.o)
 .text          0x00831548      0x114 ../simple_socket_bsp/\libucosii_bsp.a(alt_dev_llist_insert.o)
                0x00831548                alt_dev_llist_insert
 .text          0x0083165c       0x64 ../simple_socket_bsp/\libucosii_bsp.a(alt_do_ctors.o)
                0x0083165c                _do_ctors
 .text          0x008316c0       0x64 ../simple_socket_bsp/\libucosii_bsp.a(alt_do_dtors.o)
                0x008316c0                _do_dtors
 .text          0x00831724        0x0 ../simple_socket_bsp/\libucosii_bsp.a(alt_errno.o)
 .text          0x00831724       0x94 ../simple_socket_bsp/\libucosii_bsp.a(alt_find_dev.o)
                0x00831724                alt_find_dev
 .text          0x008317b8      0x1d4 ../simple_socket_bsp/\libucosii_bsp.a(alt_iic.o)
                0x008317b8                alt_ic_isr_register
                0x00831808                alt_ic_irq_enable
                0x008318a4                alt_ic_irq_disable
                0x00831944                alt_ic_irq_enabled
 .text          0x0083198c       0xf8 ../simple_socket_bsp/\libucosii_bsp.a(alt_iic_isr_register.o)
                0x0083198c                alt_iic_isr_register
 .text          0x00831a84      0x13c ../simple_socket_bsp/\libucosii_bsp.a(alt_io_redirect.o)
                0x00831b48                alt_io_redirect
 .text          0x00831bc0        0x0 ../simple_socket_bsp/\libucosii_bsp.a(alt_irq_entry.o)
 .text          0x00831bc0        0x0 ../simple_socket_bsp/\libucosii_bsp.a(alt_irq_handler.o)
 .text          0x00831bc0      0x2c4 ../simple_socket_bsp/\libucosii_bsp.a(alt_open.o)
                0x00831c9c                open
 .text          0x00831e84      0x180 ../simple_socket_bsp/\libucosii_bsp.a(alt_read.o)
                0x00831e84                alt_read
 .text          0x00832004       0x60 ../simple_socket_bsp/\libucosii_bsp.a(alt_release_fd.o)
                0x00832004                alt_release_fd
 .text          0x00832064       0x38 ../simple_socket_bsp/\libucosii_bsp.a(alt_remap_cached.o)
                0x00832064                alt_remap_cached
 .text          0x0083209c       0x40 ../simple_socket_bsp/\libucosii_bsp.a(alt_remap_uncached.o)
                0x0083209c                alt_remap_uncached
 .text          0x008320dc      0x1a8 ../simple_socket_bsp/\libucosii_bsp.a(alt_tick.o)
                0x008320dc                alt_alarm_stop
                0x00832174                alt_tick
 .text          0x00832284      0x180 ../simple_socket_bsp/\libucosii_bsp.a(alt_write.o)
                0x00832284                alt_write
 .text          0x00832404       0x20 ../simple_socket_bsp/\libucosii_bsp.a(altera_nios2_qsys_irq.o)
                0x00832404                altera_nios2_qsys_irq_init
 .text          0x00832424       0xd0 ../simple_socket_bsp/\libucosii_bsp.a(os_cpu_a.o)
                0x00832424                OSCtxSw
                0x00832424                OSIntCtxSw
                0x008324b0                OSStartHighRdy
                0x008324d0                OSStartTsk
 .text          0x008324f4      0x424 ../simple_socket_bsp/\libucosii_bsp.a(os_cpu_c.o)
                0x008324f4                OSTaskStkInit
                0x00832804                OSTaskCreateHook
                0x00832824                OSTaskDelHook
                0x00832844                OSTaskSwHook
                0x00832860                OSTaskStatHook
                0x0083287c                OSTimeTickHook
                0x008328a4                OSInitHookBegin
                0x008328c0                OSInitHookEnd
                0x008328dc                OSTaskIdleHook
                0x008328f8                OSTCBInitHook
 .text          0x00832918      0x460 ../simple_socket_bsp/\libucosii_bsp.a(altera_avalon_cfi_flash_amd.o)
                0x00832918                alt_program_amd
                0x00832980                alt_erase_block_amd
 .text          0x00832d78      0x460 ../simple_socket_bsp/\libucosii_bsp.a(altera_avalon_cfi_flash_intel.o)
                0x00832d78                alt_program_intel
                0x00832dfc                alt_erase_block_intel
 .text          0x008331d8      0x238 ../simple_socket_bsp/\libucosii_bsp.a(altera_avalon_spi.o)
                0x008331d8                alt_avalon_spi_command
 .text          0x00833410      0x440 ../simple_socket_bsp/\libucosii_bsp.a(allports.o)
                0x00833410                netmain_init
                0x00833508                icmp_port_du
                0x00833590                station_state
                0x008336f4                sysuptime
                0x00833788                packet_check
                0x008337d4                mcastlist
                0x008337f8                prep_modules
 .text          0x00833850      0x57c ../simple_socket_bsp/\libucosii_bsp.a(timeouts.o)
                0x00833850                inet_timer
                0x00833b4c                in_timerset
                0x00833d24                in_timerkill
 .text          0x00833dcc       0xa4 ../simple_socket_bsp/\libucosii_bsp.a(tk_misc.o)
                0x00833dcc                create_apptasks
                0x00833df0                task_stats
 .text          0x00833e70       0xb0 ../simple_socket_bsp/\libucosii_bsp.a(alt_iniche_fcntl.o)
                0x00833e70                fcntl
 .text          0x00833f20     0x15b0 ../simple_socket_bsp/\libucosii_bsp.a(et_arp.o)
                0x00833f20                etainit
                0x00833f74                et_send
                0x008340f0                arp_free_pending
                0x00834178                arp_send_pending
                0x008341ec                send_arp
                0x00834684                find_oldest_arp
                0x00834880                make_arp_entry
                0x00834994                arpReply
                0x00834c28                arprcv
                0x00834e88                send_via_arp
                0x00835058                cb_arpent_tmo
                0x00835204                grat_arp
 .text          0x008354d0      0x298 ../simple_socket_bsp/\libucosii_bsp.a(iface.o)
                0x008354d0                if_getbynum
                0x00835554                isbcast
                0x00835634                reg_type
                0x008356d0                if_killsocks
 .text          0x00835768     0x22a4 ../simple_socket_bsp/\libucosii_bsp.a(ip.o)
                0x00835768                ip_init
                0x00835864                ip_bldhead
                0x00835a08                ip_write_internal
                0x00836188                ip_write
                0x008363d0                ip_write2
                0x00836780                ip_raw_write
                0x00836858                ip_fragment_lc
                0x00836ce0                ip_fragment
                0x00837304                ip_mymach
                0x008373b0                ip_dump
                0x00837668                iproute
                0x008378d4                ip_copypkt
 .text          0x00837a0c     0x1e08 ../simple_socket_bsp/\libucosii_bsp.a(ip_reasm.o)
                0x00837a0c                ip_reasm_match_frag_with_ire
                0x00837adc                ip_reasm_determine_type_of_frag
                0x00837bc8                ip_reasm_check_mem_useage
                0x00837c60                ip_reasm_incr_mem_useage
                0x00837d08                ip_reasm_decr_mem_useage
                0x00837da8                ip_reasm_process_first_fragment
                0x00838088                ip_reassm
                0x00838128                ip_reasm_compute_overlap
                0x008386b8                ip_reasm_process_subsequent_fragments
                0x00838c4c                ip_reasm_find_ire
                0x00838cb0                ip_reasm_copy_queued_fragments_into_reassy_buffer
                0x0083900c                ip_reasm_process_timer_tick
                0x0083912c                ip_reasm_delete_ire
                0x008392f4                ip_reasm_mark_compact_rfq
                0x0083943c                ipr_stats
                0x008397c0                ip_reasm_send_icmp_timex
 .text          0x00839814      0xe3c ../simple_socket_bsp/\libucosii_bsp.a(ipdemux.o)
                0x00839814                ip_rcv
                0x00839c14                ip_rcv_phase2
                0x0083a220                ip_demux
 .text          0x0083a650      0x2f0 ../simple_socket_bsp/\libucosii_bsp.a(ipmc.o)
                0x0083a650                in_addmulti
                0x0083a7b8                in_delmulti
                0x0083a8d0                lookup_mcast
 .text          0x0083a940       0xe4 ../simple_socket_bsp/\libucosii_bsp.a(ipport.o)
                0x0083a940                prep_ifaces
                0x0083a9d4                netexit
                0x0083a9fc                evtmap_setup
 .text          0x0083aa24      0x550 ../simple_socket_bsp/\libucosii_bsp.a(ipraw.o)
                0x0083aa24                ip_raw_open
                0x0083ab14                ip_raw_close
                0x0083abd4                ip_raw_input
                0x0083ae0c                ip_raw_alloc
                0x0083aed8                ip_raw_free
                0x0083af18                ip_raw_maxalloc
 .text          0x0083af74      0x6f0 ../simple_socket_bsp/\libucosii_bsp.a(iproute.o)
                0x0083af74                rt_lookup
                0x0083b0f8                add_route
                0x0083b520                del_route
 .text          0x0083b664      0xe3c ../simple_socket_bsp/\libucosii_bsp.a(udp.o)
                0x0083b664                udpdemux
                0x0083bebc                udp_send
                0x0083c174                udpswap
                0x0083c2a4                udp_socket
                0x0083c374                udp_alloc
                0x0083c434                udp_maxalloc
                0x0083c460                udp_free
 .text          0x0083c4a0      0x2e8 ../simple_socket_bsp/\libucosii_bsp.a(igmp.o)
                0x0083c4a0                igmpv1_input
 .text          0x0083c788      0x7c0 ../simple_socket_bsp/\libucosii_bsp.a(igmp2.o)
                0x0083c788                igmpv2_input
                0x0083c8e8                igmpv2_process_report
                0x0083ca34                igmpv2_process_query
                0x0083cc80                igmpv2_chk_set_timer
                0x0083cdd8                igmpv2_chk4_rtr_alert_opt
 .text          0x0083cf48      0x8fc ../simple_socket_bsp/\libucosii_bsp.a(ipopt.o)
                0x0083cf48                IPADDR_TO_NETP
                0x0083d090                ip_setmoptions
                0x0083d680                ip_getmoptions
                0x0083d7c0                ip_freemoptions
 .text          0x0083d844      0x6e8 ../simple_socket_bsp/\libucosii_bsp.a(u_mctest.o)
                0x0083d844                u_mctest_init
                0x0083d874                u_mctest_run
 .text          0x0083df2c      0x40c ../simple_socket_bsp/\libucosii_bsp.a(memdev.o)
                0x0083df2c                init_memdev
                0x0083dfa4                md_fopen
                0x0083dfcc                md_fclose
                0x0083dfec                md_fread
                0x0083e16c                md_fwrite
                0x0083e1ec                md_fseek
                0x0083e218                md_ftell
                0x0083e23c                md_fgetc
                0x0083e314                md_unlink
 .text          0x0083e338      0x1cc ../simple_socket_bsp/\libucosii_bsp.a(tcpcksum.o)
                0x0083e338                tcp_cksum
 .text          0x0083e504      0x31c ../simple_socket_bsp/\libucosii_bsp.a(udp_open.o)
                0x0083e504                udp_open
                0x0083e73c                udp_close
 .text          0x0083e820      0x900 ../simple_socket_bsp/\libucosii_bsp.a(in_pcb.o)
                0x0083e820                in_pcballoc
                0x0083e8b4                in_pcbdetach
                0x0083e908                in_pcbbind
                0x0083eb5c                in_pcbconnect
                0x0083ed6c                in_pcbdisconnect
                0x0083edcc                in_setsockaddr
                0x0083ee48                in_setpeeraddr
                0x0083eec4                in_pcblookup
 .text          0x0083f120     0x1a74 ../simple_socket_bsp/\libucosii_bsp.a(vfsfiles.o)
                0x0083f120                set_vfopen_error
                0x0083f148                get_vfopen_error
                0x0083f168                vf_alloc_and_link_vop
                0x0083f1e4                vf_alloc_buffer
                0x0083f2bc                vf_free_buffer
                0x0083f30c                vfopen_locked
                0x0083f674                vfopen
                0x0083f6c4                vfclose_locked
                0x0083f86c                vfclose
                0x0083f8ac                vfflush
                0x0083f8f4                vfgets
                0x0083f9d8                vfeof
                0x0083fa30                vunlink_flag_open_files
                0x0083fa8c                vunlink
                0x0083fcac                vfread
                0x0083fe58                vfwrite_locked
                0x00840240                vfwrite
                0x008402a0                vfseek
                0x0084041c                vftell
                0x00840550                vgetc_locked
                0x00840670                vgetc
                0x008406b8                vfslookup_locked
                0x008407f0                vfslookup
                0x00840838                strippath
                0x00840a20                isvfile_locked
                0x00840a84                isvfile
                0x00840acc                vferror
                0x00840b38                vclearerr
 .text          0x00840b94       0x24 ../simple_socket_bsp/\libucosii_bsp.a(vfsport.o)
                0x00840b94                prep_vfs
 .text          0x00840bb8        0x0 ../simple_socket_bsp/\libucosii_bsp.a(alt_exception_entry.o)
 .text          0x00840bb8      0x1b4 ../simple_socket_bsp/\libucosii_bsp.a(alt_fcntl.o)
                0x00840bb8                alt_fcntl
 .text          0x00840d6c      0x120 ../simple_socket_bsp/\libucosii_bsp.a(alt_find_file.o)
                0x00840d6c                alt_find_file
 .text          0x00840e8c       0xf4 ../simple_socket_bsp/\libucosii_bsp.a(alt_get_fd.o)
                0x00840e8c                alt_get_fd
 .text          0x00840f80     0x130c ../simple_socket_bsp/\libucosii_bsp.a(icmp.o)
                0x00840f80                icmprcv
                0x00841bb4                icmp_destun
                0x00841f04                icmp_timex
                0x00842238                icmp_du
 .text          0x0084228c       0x14 c:/altera/13.0sp1/nios2eds/bin/gnu/h-i686-mingw32/bin/../lib/gcc/nios2-elf/4.1.2/../../../../nios2-elf/lib\libc.a(lib_a-atexit.o)
                0x0084228c                atexit
 .text          0x008422a0       0x1c c:/altera/13.0sp1/nios2eds/bin/gnu/h-i686-mingw32/bin/../lib/gcc/nios2-elf/4.1.2/../../../../nios2-elf/lib\libc.a(lib_a-calloc.o)
                0x008422a0                calloc
 .text          0x008422bc       0x28 c:/altera/13.0sp1/nios2eds/bin/gnu/h-i686-mingw32/bin/../lib/gcc/nios2-elf/4.1.2/../../../../nios2-elf/lib\libc.a(lib_a-malloc.o)
                0x008422bc                free
                0x008422d0                malloc
 .text          0x008422e4       0x74 c:/altera/13.0sp1/nios2eds/bin/gnu/h-i686-mingw32/bin/../lib/gcc/nios2-elf/4.1.2/../../../../nios2-elf/lib\libc.a(lib_a-memcmp.o)
                0x008422e4                memcmp
 .text          0x00842358       0x8c c:/altera/13.0sp1/nios2eds/bin/gnu/h-i686-mingw32/bin/../lib/gcc/nios2-elf/4.1.2/../../../../nios2-elf/lib\libc.a(lib_a-strcpy.o)
                0x00842358                strcpy
 .text          0x008423e4       0xf0 c:/altera/13.0sp1/nios2eds/bin/gnu/h-i686-mingw32/bin/../lib/gcc/nios2-elf/4.1.2/../../../../nios2-elf/lib\libc.a(lib_a-strncmp.o)
                0x008423e4                strncmp
 .text          0x008424d4       0x34 c:/altera/13.0sp1/nios2eds/bin/gnu/h-i686-mingw32/bin/../lib/gcc/nios2-elf/4.1.2/../../../../nios2-elf/lib\libc.a(lib_a-vprintf.o)
                0x008424d4                _vprintf_r
                0x008424e8                vprintf
 .text          0x00842508       0x74 c:/altera/13.0sp1/nios2eds/bin/gnu/h-i686-mingw32/bin/../lib/gcc/nios2-elf/4.1.2/../../../../nios2-elf/lib\libc.a(lib_a-vsprintf.o)
                0x00842508                _vsprintf_r
                0x00842558                vsprintf
 .text          0x0084257c      0x134 c:/altera/13.0sp1/nios2eds/bin/gnu/h-i686-mingw32/bin/../lib/gcc/nios2-elf/4.1.2/../../../../nios2-elf/lib\libc.a(lib_a-__atexit.o)
                0x0084257c                __register_exitproc
 *(.gnu.warning.*)
 *(.fini)
                0x008426b0                PROVIDE (__etext, ABSOLUTE (.))
                0x008426b0                PROVIDE (_etext, ABSOLUTE (.))
                0x008426b0                PROVIDE (etext, ABSOLUTE (.))
 *(.eh_frame_hdr)
                0x008426b0                . = ALIGN (0x4)
                0x008426b0                PROVIDE (__preinit_array_start, ABSOLUTE (.))
 *(.preinit_array)
                0x008426b0                PROVIDE (__preinit_array_end, ABSOLUTE (.))
                0x008426b0                PROVIDE (__init_array_start, ABSOLUTE (.))
 *(.init_array)
                0x008426b0                PROVIDE (__init_array_end, ABSOLUTE (.))
                0x008426b0                PROVIDE (__fini_array_start, ABSOLUTE (.))
 *(.fini_array)
                0x008426b0                PROVIDE (__fini_array_end, ABSOLUTE (.))
 *(.eh_frame)
 *(.gcc_except_table)
 *(.dynamic)
                0x008426b0                PROVIDE (__CTOR_LIST__, ABSOLUTE (.))
 *(.ctors)
 *(SORT(.ctors.*))
 .ctors.65535   0x008426b0        0x4 c:/altera/13.0sp1/nios2eds/bin/gnu/h-i686-mingw32/bin/../lib/gcc/nios2-elf/4.1.2/../../../../nios2-elf/lib\libc.a(lib_a-__call_atexit.o)
                0x008426b4                PROVIDE (__CTOR_END__, ABSOLUTE (.))
                0x008426b4                PROVIDE (__DTOR_LIST__, ABSOLUTE (.))
 *(.dtors)
 *(SORT(.dtors.*))
                0x008426b4                PROVIDE (__DTOR_END__, ABSOLUTE (.))
 *(.jcr)
                0x008426b4                . = ALIGN (0x4)

.rodata         0x008426b4     0x410c
                0x008426b4                PROVIDE (__ram_rodata_start, ABSOLUTE (.))
                0x008426b4                . = ALIGN (0x4)
 *(.rodata .rodata.* .gnu.linkonce.r.*)
 .rodata        0x008426b4       0x90 obj/default/LCD.o
 .rodata        0x00842744       0xa8 obj/default/SSS_DE2_115.o
 .rodata        0x008427ec      0xba4 obj/default/alt_error_handler.o
 .rodata        0x00843390       0x64 obj/default/dm9000a.o
 .rodata        0x008433f4       0xb0 obj/default/iniche_init.o
 .rodata        0x008434a4      0x258 obj/default/network_utilities.o
 .rodata        0x008436fc      0x2e0 obj/default/simple_socket_server.o
 .rodata        0x008439dc       0x14 c:/altera/13.0sp1/nios2eds/bin/gnu/h-i686-mingw32/bin/../lib/gcc/nios2-elf/4.1.2\libgcc.a(_thenan_df.o)
                0x008439dc                __thenan_df
 .rodata        0x008439f0      0x100 c:/altera/13.0sp1/nios2eds/bin/gnu/h-i686-mingw32/bin/../lib/gcc/nios2-elf/4.1.2\libgcc.a(_clz.o)
                0x008439f0                __clz_tab
 .rodata        0x00843af0      0x281 c:/altera/13.0sp1/nios2eds/bin/gnu/h-i686-mingw32/bin/../lib/gcc/nios2-elf/4.1.2/../../../../nios2-elf/lib\libc.a(lib_a-ctype_.o)
                0x00843af0                _ctype_
 *fill*         0x00843d71        0x3 00
 .rodata.str1.4
                0x00843d74        0x2 c:/altera/13.0sp1/nios2eds/bin/gnu/h-i686-mingw32/bin/../lib/gcc/nios2-elf/4.1.2/../../../../nios2-elf/lib\libc.a(lib_a-impure.o)
                                  0x4 (size before relaxing)
 *fill*         0x00843d76        0x2 00
 .rodata.str1.4
                0x00843d78        0x3 c:/altera/13.0sp1/nios2eds/bin/gnu/h-i686-mingw32/bin/../lib/gcc/nios2-elf/4.1.2/../../../../nios2-elf/lib\libc.a(lib_a-perror.o)
                                  0x4 (size before relaxing)
 *fill*         0x00843d7b        0x1 00
 .rodata.str1.4
                0x00843d7c        0x2 c:/altera/13.0sp1/nios2eds/bin/gnu/h-i686-mingw32/bin/../lib/gcc/nios2-elf/4.1.2/../../../../nios2-elf/lib\libc.a(lib_a-puts.o)
                                  0x4 (size before relaxing)
 *fill*         0x00843d7e        0x2 00
 .rodata.str1.4
                0x00843d80      0x7a2 c:/altera/13.0sp1/nios2eds/bin/gnu/h-i686-mingw32/bin/../lib/gcc/nios2-elf/4.1.2/../../../../nios2-elf/lib\libc.a(lib_a-strerror.o)
                                0x7a8 (size before relaxing)
 *fill*         0x00844522        0x2 00
 .rodata.str1.4
                0x00844524       0x5e c:/altera/13.0sp1/nios2eds/bin/gnu/h-i686-mingw32/bin/../lib/gcc/nios2-elf/4.1.2/../../../../nios2-elf/lib\libc.a(lib_a-vfprintf.o)
                                 0x60 (size before relaxing)
 .rodata        0x00844582       0x20 c:/altera/13.0sp1/nios2eds/bin/gnu/h-i686-mingw32/bin/../lib/gcc/nios2-elf/4.1.2/../../../../nios2-elf/lib\libc.a(lib_a-vfprintf.o)
 *fill*         0x008445a2        0x2 00
 .rodata.str1.4
                0x008445a4       0x10 c:/altera/13.0sp1/nios2eds/bin/gnu/h-i686-mingw32/bin/../lib/gcc/nios2-elf/4.1.2/../../../../nios2-elf/lib\libc.a(lib_a-dtoa.o)
                                 0x14 (size before relaxing)
 .rodata.str1.4
                0x008445b4       0x10 c:/altera/13.0sp1/nios2eds/bin/gnu/h-i686-mingw32/bin/../lib/gcc/nios2-elf/4.1.2/../../../../nios2-elf/lib\libc.a(lib_a-locale.o)
                                 0x18 (size before relaxing)
 .rodata        0x008445c4       0x30 c:/altera/13.0sp1/nios2eds/bin/gnu/h-i686-mingw32/bin/../lib/gcc/nios2-elf/4.1.2/../../../../nios2-elf/lib\libc.a(lib_a-locale.o)
 .rodata        0x008445f4      0x124 c:/altera/13.0sp1/nios2eds/bin/gnu/h-i686-mingw32/bin/../lib/gcc/nios2-elf/4.1.2/../../../../nios2-elf/lib\libc.a(lib_a-mprec.o)
                0x008445f4                __mprec_tens
                0x008446bc                __mprec_bigtens
                0x008446e4                __mprec_tinytens
 .rodata        0x00844718       0x14 ../simple_socket_bsp/\libucosii_bsp.a(alt_main.o)
 .rodata        0x0084472c      0x120 ../simple_socket_bsp/\libucosii_bsp.a(os_core.o)
                0x0084472c                OSUnMapTbl
 .rodata        0x0084484c       0x4c ../simple_socket_bsp/\libucosii_bsp.a(alt_sys_init.o)
 .rodata        0x00844898       0xd8 ../simple_socket_bsp/\libucosii_bsp.a(ipnet.o)
 .rodata        0x00844970       0xec ../simple_socket_bsp/\libucosii_bsp.a(ipstart.o)
 .rodata        0x00844a5c      0x54c ../simple_socket_bsp/\libucosii_bsp.a(igmp_cmn.o)
 .rodata        0x00844fa8       0xb8 ../simple_socket_bsp/\libucosii_bsp.a(in_utils.o)
 .rodata        0x00845060       0x34 ../simple_socket_bsp/\libucosii_bsp.a(netmain.o)
 .rodata        0x00845094       0x94 ../simple_socket_bsp/\libucosii_bsp.a(parseip.o)
 .rodata        0x00845128      0x1a8 ../simple_socket_bsp/\libucosii_bsp.a(tk_crnos.o)
 .rodata        0x008452d0      0x118 ../simple_socket_bsp/\libucosii_bsp.a(pktalloc.o)
 .rodata        0x008453e8       0x2c ../simple_socket_bsp/\libucosii_bsp.a(brdutils.o)
 .rodata        0x00845414      0x26c ../simple_socket_bsp/\libucosii_bsp.a(osportco.o)
 .rodata        0x00845680       0xa0 ../simple_socket_bsp/\libucosii_bsp.a(targnios.o)
 .rodata        0x00845720       0x90 ../simple_socket_bsp/\libucosii_bsp.a(nptcp.o)
 .rodata        0x008457b0        0x8 ../simple_socket_bsp/\libucosii_bsp.a(sockcall.o)
 .rodata        0x008457b8       0x50 ../simple_socket_bsp/\libucosii_bsp.a(socket.o)
 .rodata        0x00845808       0x40 ../simple_socket_bsp/\libucosii_bsp.a(socket2.o)
 .rodata        0x00845848       0x20 ../simple_socket_bsp/\libucosii_bsp.a(tcp_in.o)
 .rodata        0x00845868       0x40 ../simple_socket_bsp/\libucosii_bsp.a(tcp_out.o)
 .rodata        0x008458a8       0x24 ../simple_socket_bsp/\libucosii_bsp.a(tcp_subr.o)
 .rodata        0x008458cc       0x2c ../simple_socket_bsp/\libucosii_bsp.a(tcp_usr.o)
 .rodata        0x008458f8        0xc ../simple_socket_bsp/\libucosii_bsp.a(alt_dev.o)
 .rodata        0x00845904        0x4 ../simple_socket_bsp/\libucosii_bsp.a(os_cpu_c.o)
 .rodata        0x00845908      0x1d4 ../simple_socket_bsp/\libucosii_bsp.a(allports.o)
 .rodata        0x00845adc       0x34 ../simple_socket_bsp/\libucosii_bsp.a(tk_misc.o)
 .rodata        0x00845b10       0x44 ../simple_socket_bsp/\libucosii_bsp.a(et_arp.o)
 .rodata        0x00845b54      0x1dc ../simple_socket_bsp/\libucosii_bsp.a(ip.o)
 .rodata        0x00845d30      0x158 ../simple_socket_bsp/\libucosii_bsp.a(ip_reasm.o)
 .rodata        0x00845e88      0x120 ../simple_socket_bsp/\libucosii_bsp.a(ipdemux.o)
 .rodata        0x00845fa8       0x34 ../simple_socket_bsp/\libucosii_bsp.a(ipport.o)
 .rodata        0x00845fdc       0x24 ../simple_socket_bsp/\libucosii_bsp.a(ipraw.o)
 .rodata        0x00846000       0x38 ../simple_socket_bsp/\libucosii_bsp.a(iproute.o)
 .rodata        0x00846038       0xe8 ../simple_socket_bsp/\libucosii_bsp.a(udp.o)
 .rodata        0x00846120      0x2d0 ../simple_socket_bsp/\libucosii_bsp.a(u_mctest.o)
 .rodata        0x008463f0       0x84 ../simple_socket_bsp/\libucosii_bsp.a(udp_open.o)
 .rodata        0x00846474       0x34 ../simple_socket_bsp/\libucosii_bsp.a(vfsfiles.o)
 .rodata        0x008464a8      0x318 ../simple_socket_bsp/\libucosii_bsp.a(icmp.o)
 *(.rodata1)
                0x008467c0                . = ALIGN (0x4)
                0x008467c0                PROVIDE (__ram_rodata_end, ABSOLUTE (.))
                0x008426b4                PROVIDE (__flash_rodata_start, LOADADDR (.rodata))

.rwdata         0x008467c0     0x2008
                0x008467c0                PROVIDE (__ram_rwdata_start, ABSOLUTE (.))
                0x008467c0                . = ALIGN (0x4)
 *(.got.plt)
 *(.got)
 *(.data1)
 *(.data .data.* .gnu.linkonce.d.*)
 .data          0x008467c0        0x0 ../simple_socket_bsp//obj/HAL/src/crt0.o
 .data          0x008467c0        0x0 obj/default/LCD.o
 .data          0x008467c0        0x0 obj/default/SSS_DE2_115.o
 .data          0x008467c0        0x0 obj/default/alt_error_handler.o
 .data          0x008467c0        0x0 obj/default/dm9000a.o
 .data          0x008467c0       0x18 obj/default/iniche_init.o
                0x008467c0                ssstask
 .data          0x008467d8        0x0 obj/default/led.o
 .data          0x008467d8        0x0 obj/default/network_utilities.o
 .data          0x008467d8        0x0 obj/default/simple_socket_server.o
 .data          0x008467d8        0x0 obj/default/tse_my_system.o
 .data          0x008467d8        0x0 c:/altera/13.0sp1/nios2eds/bin/gnu/h-i686-mingw32/bin/../lib/gcc/nios2-elf/4.1.2\libgcc.a(_fixunsdfsi.o)
 .data          0x008467d8        0x0 c:/altera/13.0sp1/nios2eds/bin/gnu/h-i686-mingw32/bin/../lib/gcc/nios2-elf/4.1.2\libgcc.a(_addsub_df.o)
 .data          0x008467d8        0x0 c:/altera/13.0sp1/nios2eds/bin/gnu/h-i686-mingw32/bin/../lib/gcc/nios2-elf/4.1.2\libgcc.a(_mul_df.o)
 .data          0x008467d8        0x0 c:/altera/13.0sp1/nios2eds/bin/gnu/h-i686-mingw32/bin/../lib/gcc/nios2-elf/4.1.2\libgcc.a(_ge_df.o)
 .data          0x008467d8        0x0 c:/altera/13.0sp1/nios2eds/bin/gnu/h-i686-mingw32/bin/../lib/gcc/nios2-elf/4.1.2\libgcc.a(_df_to_si.o)
 .data          0x008467d8        0x0 c:/altera/13.0sp1/nios2eds/bin/gnu/h-i686-mingw32/bin/../lib/gcc/nios2-elf/4.1.2\libgcc.a(_thenan_df.o)
 .data          0x008467d8        0x0 c:/altera/13.0sp1/nios2eds/bin/gnu/h-i686-mingw32/bin/../lib/gcc/nios2-elf/4.1.2\libgcc.a(_usi_to_df.o)
 .data          0x008467d8        0x0 c:/altera/13.0sp1/nios2eds/bin/gnu/h-i686-mingw32/bin/../lib/gcc/nios2-elf/4.1.2\libgcc.a(_muldi3.o)
 .data          0x008467d8        0x0 c:/altera/13.0sp1/nios2eds/bin/gnu/h-i686-mingw32/bin/../lib/gcc/nios2-elf/4.1.2\libgcc.a(_clzsi2.o)
 .data          0x008467d8        0x0 c:/altera/13.0sp1/nios2eds/bin/gnu/h-i686-mingw32/bin/../lib/gcc/nios2-elf/4.1.2\libgcc.a(_pack_df.o)
 .data          0x008467d8        0x0 c:/altera/13.0sp1/nios2eds/bin/gnu/h-i686-mingw32/bin/../lib/gcc/nios2-elf/4.1.2\libgcc.a(_unpack_df.o)
 .data          0x008467d8        0x0 c:/altera/13.0sp1/nios2eds/bin/gnu/h-i686-mingw32/bin/../lib/gcc/nios2-elf/4.1.2\libgcc.a(_fpcmp_parts_df.o)
 .data          0x008467d8        0x0 c:/altera/13.0sp1/nios2eds/bin/gnu/h-i686-mingw32/bin/../lib/gcc/nios2-elf/4.1.2\libgcc.a(_clz.o)
 .data          0x008467d8        0x0 c:/altera/13.0sp1/nios2eds/bin/gnu/h-i686-mingw32/bin/../lib/gcc/nios2-elf/4.1.2/../../../../nios2-elf/lib\libc.a(lib_a-atoi.o)
 .data          0x008467d8        0x0 c:/altera/13.0sp1/nios2eds/bin/gnu/h-i686-mingw32/bin/../lib/gcc/nios2-elf/4.1.2/../../../../nios2-elf/lib\libc.a(lib_a-ctype_.o)
 .data          0x008467d8        0x0 c:/altera/13.0sp1/nios2eds/bin/gnu/h-i686-mingw32/bin/../lib/gcc/nios2-elf/4.1.2/../../../../nios2-elf/lib\libc.a(lib_a-exit.o)
 .data          0x008467d8        0x0 c:/altera/13.0sp1/nios2eds/bin/gnu/h-i686-mingw32/bin/../lib/gcc/nios2-elf/4.1.2/../../../../nios2-elf/lib\libc.a(lib_a-fprintf.o)
 .data          0x008467d8        0x0 c:/altera/13.0sp1/nios2eds/bin/gnu/h-i686-mingw32/bin/../lib/gcc/nios2-elf/4.1.2/../../../../nios2-elf/lib\libc.a(lib_a-fwrite.o)
 .data          0x008467d8        0x0 c:/altera/13.0sp1/nios2eds/bin/gnu/h-i686-mingw32/bin/../lib/gcc/nios2-elf/4.1.2/../../../../nios2-elf/lib\libc.a(lib_a-getc.o)
 .data          0x008467d8      0x400 c:/altera/13.0sp1/nios2eds/bin/gnu/h-i686-mingw32/bin/../lib/gcc/nios2-elf/4.1.2/../../../../nios2-elf/lib\libc.a(lib_a-impure.o)
 .data          0x00846bd8        0x0 c:/altera/13.0sp1/nios2eds/bin/gnu/h-i686-mingw32/bin/../lib/gcc/nios2-elf/4.1.2/../../../../nios2-elf/lib\libc.a(lib_a-memcpy.o)
 .data          0x00846bd8        0x0 c:/altera/13.0sp1/nios2eds/bin/gnu/h-i686-mingw32/bin/../lib/gcc/nios2-elf/4.1.2/../../../../nios2-elf/lib\libc.a(lib_a-memmove.o)
 .data          0x00846bd8        0x0 c:/altera/13.0sp1/nios2eds/bin/gnu/h-i686-mingw32/bin/../lib/gcc/nios2-elf/4.1.2/../../../../nios2-elf/lib\libc.a(lib_a-memset.o)
 .data          0x00846bd8        0x0 c:/altera/13.0sp1/nios2eds/bin/gnu/h-i686-mingw32/bin/../lib/gcc/nios2-elf/4.1.2/../../../../nios2-elf/lib\libc.a(lib_a-perror.o)
 .data          0x00846bd8        0x0 c:/altera/13.0sp1/nios2eds/bin/gnu/h-i686-mingw32/bin/../lib/gcc/nios2-elf/4.1.2/../../../../nios2-elf/lib\libc.a(lib_a-printf.o)
 .data          0x00846bd8        0x0 c:/altera/13.0sp1/nios2eds/bin/gnu/h-i686-mingw32/bin/../lib/gcc/nios2-elf/4.1.2/../../../../nios2-elf/lib\libc.a(lib_a-putc.o)
 .data          0x00846bd8        0x0 c:/altera/13.0sp1/nios2eds/bin/gnu/h-i686-mingw32/bin/../lib/gcc/nios2-elf/4.1.2/../../../../nios2-elf/lib\libc.a(lib_a-putchar.o)
 .data          0x00846bd8        0x0 c:/altera/13.0sp1/nios2eds/bin/gnu/h-i686-mingw32/bin/../lib/gcc/nios2-elf/4.1.2/../../../../nios2-elf/lib\libc.a(lib_a-puts.o)
 .data          0x00846bd8        0x0 c:/altera/13.0sp1/nios2eds/bin/gnu/h-i686-mingw32/bin/../lib/gcc/nios2-elf/4.1.2/../../../../nios2-elf/lib\libc.a(lib_a-rget.o)
 .data          0x00846bd8        0x0 c:/altera/13.0sp1/nios2eds/bin/gnu/h-i686-mingw32/bin/../lib/gcc/nios2-elf/4.1.2/../../../../nios2-elf/lib\libc.a(lib_a-sprintf.o)
 .data          0x00846bd8        0x0 c:/altera/13.0sp1/nios2eds/bin/gnu/h-i686-mingw32/bin/../lib/gcc/nios2-elf/4.1.2/../../../../nios2-elf/lib\libc.a(lib_a-strchr.o)
 .data          0x00846bd8        0x0 c:/altera/13.0sp1/nios2eds/bin/gnu/h-i686-mingw32/bin/../lib/gcc/nios2-elf/4.1.2/../../../../nios2-elf/lib\libc.a(lib_a-strerror.o)
 .data          0x00846bd8        0x0 c:/altera/13.0sp1/nios2eds/bin/gnu/h-i686-mingw32/bin/../lib/gcc/nios2-elf/4.1.2/../../../../nios2-elf/lib\libc.a(lib_a-strlen.o)
 .data          0x00846bd8        0x0 c:/altera/13.0sp1/nios2eds/bin/gnu/h-i686-mingw32/bin/../lib/gcc/nios2-elf/4.1.2/../../../../nios2-elf/lib\libc.a(lib_a-strtol.o)
 .data          0x00846bd8        0x0 c:/altera/13.0sp1/nios2eds/bin/gnu/h-i686-mingw32/bin/../lib/gcc/nios2-elf/4.1.2/../../../../nios2-elf/lib\libc.a(lib_a-u_strerr.o)
 .data          0x00846bd8        0x0 c:/altera/13.0sp1/nios2eds/bin/gnu/h-i686-mingw32/bin/../lib/gcc/nios2-elf/4.1.2/../../../../nios2-elf/lib\libc.a(lib_a-vfprintf.o)
 .data          0x00846bd8        0x0 c:/altera/13.0sp1/nios2eds/bin/gnu/h-i686-mingw32/bin/../lib/gcc/nios2-elf/4.1.2/../../../../nios2-elf/lib\libc.a(lib_a-wbuf.o)
 .data          0x00846bd8        0x0 c:/altera/13.0sp1/nios2eds/bin/gnu/h-i686-mingw32/bin/../lib/gcc/nios2-elf/4.1.2/../../../../nios2-elf/lib\libc.a(lib_a-wsetup.o)
 .data          0x00846bd8        0x0 c:/altera/13.0sp1/nios2eds/bin/gnu/h-i686-mingw32/bin/../lib/gcc/nios2-elf/4.1.2/../../../../nios2-elf/lib\libc.a(lib_a-__call_atexit.o)
 .data          0x00846bd8        0x0 c:/altera/13.0sp1/nios2eds/bin/gnu/h-i686-mingw32/bin/../lib/gcc/nios2-elf/4.1.2/../../../../nios2-elf/lib\libc.a(lib_a-dtoa.o)
 .data          0x00846bd8        0x0 c:/altera/13.0sp1/nios2eds/bin/gnu/h-i686-mingw32/bin/../lib/gcc/nios2-elf/4.1.2/../../../../nios2-elf/lib\libc.a(lib_a-fflush.o)
 .data          0x00846bd8        0x0 c:/altera/13.0sp1/nios2eds/bin/gnu/h-i686-mingw32/bin/../lib/gcc/nios2-elf/4.1.2/../../../../nios2-elf/lib\libc.a(lib_a-findfp.o)
 .data          0x00846bd8        0x0 c:/altera/13.0sp1/nios2eds/bin/gnu/h-i686-mingw32/bin/../lib/gcc/nios2-elf/4.1.2/../../../../nios2-elf/lib\libc.a(lib_a-fputc.o)
 .data          0x00846bd8        0x0 c:/altera/13.0sp1/nios2eds/bin/gnu/h-i686-mingw32/bin/../lib/gcc/nios2-elf/4.1.2/../../../../nios2-elf/lib\libc.a(lib_a-fputs.o)
 .data          0x00846bd8        0x0 c:/altera/13.0sp1/nios2eds/bin/gnu/h-i686-mingw32/bin/../lib/gcc/nios2-elf/4.1.2/../../../../nios2-elf/lib\libc.a(lib_a-freer.o)
 .data          0x00846bd8        0x0 c:/altera/13.0sp1/nios2eds/bin/gnu/h-i686-mingw32/bin/../lib/gcc/nios2-elf/4.1.2/../../../../nios2-elf/lib\libc.a(lib_a-fvwrite.o)
 .data          0x00846bd8        0x0 c:/altera/13.0sp1/nios2eds/bin/gnu/h-i686-mingw32/bin/../lib/gcc/nios2-elf/4.1.2/../../../../nios2-elf/lib\libc.a(lib_a-fwalk.o)
 .data          0x00846bd8        0xc c:/altera/13.0sp1/nios2eds/bin/gnu/h-i686-mingw32/bin/../lib/gcc/nios2-elf/4.1.2/../../../../nios2-elf/lib\libc.a(lib_a-locale.o)
                0x00846bd8                __lc_ctype
 .data          0x00846be4        0x0 c:/altera/13.0sp1/nios2eds/bin/gnu/h-i686-mingw32/bin/../lib/gcc/nios2-elf/4.1.2/../../../../nios2-elf/lib\libc.a(lib_a-makebuf.o)
 .data          0x00846be4      0x408 c:/altera/13.0sp1/nios2eds/bin/gnu/h-i686-mingw32/bin/../lib/gcc/nios2-elf/4.1.2/../../../../nios2-elf/lib\libc.a(lib_a-mallocr.o)
                0x00846be4                __malloc_av_
 .data          0x00846fec        0x0 c:/altera/13.0sp1/nios2eds/bin/gnu/h-i686-mingw32/bin/../lib/gcc/nios2-elf/4.1.2/../../../../nios2-elf/lib\libc.a(lib_a-memchr.o)
 .data          0x00846fec        0x0 c:/altera/13.0sp1/nios2eds/bin/gnu/h-i686-mingw32/bin/../lib/gcc/nios2-elf/4.1.2/../../../../nios2-elf/lib\libc.a(lib_a-mprec.o)
 .data          0x00846fec        0x0 c:/altera/13.0sp1/nios2eds/bin/gnu/h-i686-mingw32/bin/../lib/gcc/nios2-elf/4.1.2/../../../../nios2-elf/lib\libc.a(lib_a-reallocr.o)
 .data          0x00846fec        0x0 c:/altera/13.0sp1/nios2eds/bin/gnu/h-i686-mingw32/bin/../lib/gcc/nios2-elf/4.1.2/../../../../nios2-elf/lib\libc.a(lib_a-refill.o)
 .data          0x00846fec        0x0 c:/altera/13.0sp1/nios2eds/bin/gnu/h-i686-mingw32/bin/../lib/gcc/nios2-elf/4.1.2/../../../../nios2-elf/lib\libc.a(lib_a-s_isinfd.o)
 .data          0x00846fec        0x0 c:/altera/13.0sp1/nios2eds/bin/gnu/h-i686-mingw32/bin/../lib/gcc/nios2-elf/4.1.2/../../../../nios2-elf/lib\libc.a(lib_a-s_isnand.o)
 .data          0x00846fec        0x0 c:/altera/13.0sp1/nios2eds/bin/gnu/h-i686-mingw32/bin/../lib/gcc/nios2-elf/4.1.2/../../../../nios2-elf/lib\libc.a(lib_a-sbrkr.o)
 .data          0x00846fec        0x0 c:/altera/13.0sp1/nios2eds/bin/gnu/h-i686-mingw32/bin/../lib/gcc/nios2-elf/4.1.2/../../../../nios2-elf/lib\libc.a(lib_a-stdio.o)
 .data          0x00846fec        0x0 c:/altera/13.0sp1/nios2eds/bin/gnu/h-i686-mingw32/bin/../lib/gcc/nios2-elf/4.1.2/../../../../nios2-elf/lib\libc.a(lib_a-strcmp.o)
 .data          0x00846fec        0x0 c:/altera/13.0sp1/nios2eds/bin/gnu/h-i686-mingw32/bin/../lib/gcc/nios2-elf/4.1.2/../../../../nios2-elf/lib\libc.a(lib_a-writer.o)
 .data          0x00846fec        0x0 c:/altera/13.0sp1/nios2eds/bin/gnu/h-i686-mingw32/bin/../lib/gcc/nios2-elf/4.1.2/../../../../nios2-elf/lib\libc.a(lib_a-callocr.o)
 .data          0x00846fec        0x0 c:/altera/13.0sp1/nios2eds/bin/gnu/h-i686-mingw32/bin/../lib/gcc/nios2-elf/4.1.2/../../../../nios2-elf/lib\libc.a(lib_a-closer.o)
 .data          0x00846fec        0x0 c:/altera/13.0sp1/nios2eds/bin/gnu/h-i686-mingw32/bin/../lib/gcc/nios2-elf/4.1.2/../../../../nios2-elf/lib\libc.a(lib_a-fclose.o)
 .data          0x00846fec        0x0 c:/altera/13.0sp1/nios2eds/bin/gnu/h-i686-mingw32/bin/../lib/gcc/nios2-elf/4.1.2/../../../../nios2-elf/lib\libc.a(lib_a-fstatr.o)
 .data          0x00846fec        0x0 c:/altera/13.0sp1/nios2eds/bin/gnu/h-i686-mingw32/bin/../lib/gcc/nios2-elf/4.1.2/../../../../nios2-elf/lib\libc.a(lib_a-int_errno.o)
 .data          0x00846fec        0x0 c:/altera/13.0sp1/nios2eds/bin/gnu/h-i686-mingw32/bin/../lib/gcc/nios2-elf/4.1.2/../../../../nios2-elf/lib\libc.a(lib_a-isattyr.o)
 .data          0x00846fec        0x0 c:/altera/13.0sp1/nios2eds/bin/gnu/h-i686-mingw32/bin/../lib/gcc/nios2-elf/4.1.2/../../../../nios2-elf/lib\libc.a(lib_a-lseekr.o)
 .data          0x00846fec        0x0 c:/altera/13.0sp1/nios2eds/bin/gnu/h-i686-mingw32/bin/../lib/gcc/nios2-elf/4.1.2/../../../../nios2-elf/lib\libc.a(lib_a-readr.o)
 .data          0x00846fec        0x0 c:/altera/13.0sp1/nios2eds/bin/gnu/h-i686-mingw32/bin/../lib/gcc/nios2-elf/4.1.2\libgcc.a(_udivdi3.o)
 .data          0x00846fec        0x0 c:/altera/13.0sp1/nios2eds/bin/gnu/h-i686-mingw32/bin/../lib/gcc/nios2-elf/4.1.2\libgcc.a(_umoddi3.o)